Archive member included to satisfy reference by file (symbol)

/Applications/MCUXpressoIDE_11.3.0_5222/ide/plugins/com.nxp.mcuxpresso.tools.macosx_11.3.0.202011031536/tools/bin/../lib/gcc/arm-none-eabi/9.3.1/../../../../arm-none-eabi/lib/thumb/v6-m/nofp/libcr_semihost_nf.a(_cr__main.o)
                              ./startup/startup_mkl25z4.o (__main)
/Applications/MCUXpressoIDE_11.3.0_5222/ide/plugins/com.nxp.mcuxpresso.tools.macosx_11.3.0.202011031536/tools/bin/../lib/gcc/arm-none-eabi/9.3.1/../../../../arm-none-eabi/lib/thumb/v6-m/nofp/libcr_semihost_nf.a(_cr_assert.o)
                              ./gpio_driver/gpio_driver.o (__assertion_failed)
/Applications/MCUXpressoIDE_11.3.0_5222/ide/plugins/com.nxp.mcuxpresso.tools.macosx_11.3.0.202011031536/tools/bin/../lib/gcc/arm-none-eabi/9.3.1/../../../../arm-none-eabi/lib/thumb/v6-m/nofp/libcr_semihost_nf.a(__ciob.o)
                              /Applications/MCUXpressoIDE_11.3.0_5222/ide/plugins/com.nxp.mcuxpresso.tools.macosx_11.3.0.202011031536/tools/bin/../lib/gcc/arm-none-eabi/9.3.1/../../../../arm-none-eabi/lib/thumb/v6-m/nofp/libcr_semihost_nf.a(_cr_assert.o) (__Ciob)
/Applications/MCUXpressoIDE_11.3.0_5222/ide/plugins/com.nxp.mcuxpresso.tools.macosx_11.3.0.202011031536/tools/bin/../lib/gcc/arm-none-eabi/9.3.1/../../../../arm-none-eabi/lib/thumb/v6-m/nofp/libcr_semihost_nf.a(__sys_appexit.o)
                              /Applications/MCUXpressoIDE_11.3.0_5222/ide/plugins/com.nxp.mcuxpresso.tools.macosx_11.3.0.202011031536/tools/bin/../lib/gcc/arm-none-eabi/9.3.1/../../../../arm-none-eabi/lib/thumb/v6-m/nofp/libcr_semihost_nf.a(_cr_assert.o) (__sys_appexit)
/Applications/MCUXpressoIDE_11.3.0_5222/ide/plugins/com.nxp.mcuxpresso.tools.macosx_11.3.0.202011031536/tools/bin/../lib/gcc/arm-none-eabi/9.3.1/../../../../arm-none-eabi/lib/thumb/v6-m/nofp/libcr_c.a(memcpy.o)
                              ./interface/register_io_i2c.o (memcpy)
/Applications/MCUXpressoIDE_11.3.0_5222/ide/plugins/com.nxp.mcuxpresso.tools.macosx_11.3.0.202011031536/tools/bin/../lib/gcc/arm-none-eabi/9.3.1/../../../../arm-none-eabi/lib/thumb/v6-m/nofp/libcr_c.a(memset.o)
                              ./drivers/fsl_dma.o (memset)
/Applications/MCUXpressoIDE_11.3.0_5222/ide/plugins/com.nxp.mcuxpresso.tools.macosx_11.3.0.202011031536/tools/bin/../lib/gcc/arm-none-eabi/9.3.1/../../../../arm-none-eabi/lib/thumb/v6-m/nofp/libcr_c.a(_deferredlazyseek.o)
                              /Applications/MCUXpressoIDE_11.3.0_5222/ide/plugins/com.nxp.mcuxpresso.tools.macosx_11.3.0.202011031536/tools/bin/../lib/gcc/arm-none-eabi/9.3.1/../../../../arm-none-eabi/lib/thumb/v6-m/nofp/libcr_semihost_nf.a(_cr_assert.o) (__flsbuf)
/Applications/MCUXpressoIDE_11.3.0_5222/ide/plugins/com.nxp.mcuxpresso.tools.macosx_11.3.0.202011031536/tools/bin/../lib/gcc/arm-none-eabi/9.3.1/../../../../arm-none-eabi/lib/thumb/v6-m/nofp/libcr_c.a(_fflush.o)
                              /Applications/MCUXpressoIDE_11.3.0_5222/ide/plugins/com.nxp.mcuxpresso.tools.macosx_11.3.0.202011031536/tools/bin/../lib/gcc/arm-none-eabi/9.3.1/../../../../arm-none-eabi/lib/thumb/v6-m/nofp/libcr_c.a(_deferredlazyseek.o) (_fflush)
/Applications/MCUXpressoIDE_11.3.0_5222/ide/plugins/com.nxp.mcuxpresso.tools.macosx_11.3.0.202011031536/tools/bin/../lib/gcc/arm-none-eabi/9.3.1/../../../../arm-none-eabi/lib/thumb/v6-m/nofp/libcr_c.a(_writebuf.o)
                              /Applications/MCUXpressoIDE_11.3.0_5222/ide/plugins/com.nxp.mcuxpresso.tools.macosx_11.3.0.202011031536/tools/bin/../lib/gcc/arm-none-eabi/9.3.1/../../../../arm-none-eabi/lib/thumb/v6-m/nofp/libcr_c.a(_deferredlazyseek.o) (_Cwritebuf)
/Applications/MCUXpressoIDE_11.3.0_5222/ide/plugins/com.nxp.mcuxpresso.tools.macosx_11.3.0.202011031536/tools/bin/../lib/gcc/arm-none-eabi/9.3.1/../../../../arm-none-eabi/lib/thumb/v6-m/nofp/libcr_c.a(alloc.o)
                              ./interface/register_io_i2c.o (malloc)
/Applications/MCUXpressoIDE_11.3.0_5222/ide/plugins/com.nxp.mcuxpresso.tools.macosx_11.3.0.202011031536/tools/bin/../lib/gcc/arm-none-eabi/9.3.1/../../../../arm-none-eabi/lib/thumb/v6-m/nofp/libcr_c.a(fputs.o)
                              /Applications/MCUXpressoIDE_11.3.0_5222/ide/plugins/com.nxp.mcuxpresso.tools.macosx_11.3.0.202011031536/tools/bin/../lib/gcc/arm-none-eabi/9.3.1/../../../../arm-none-eabi/lib/thumb/v6-m/nofp/libcr_semihost_nf.a(_cr_assert.o) (fputs)
/Applications/MCUXpressoIDE_11.3.0_5222/ide/plugins/com.nxp.mcuxpresso.tools.macosx_11.3.0.202011031536/tools/bin/../lib/gcc/arm-none-eabi/9.3.1/../../../../arm-none-eabi/lib/thumb/v6-m/nofp/libcr_c.a(fseek.o)
                              /Applications/MCUXpressoIDE_11.3.0_5222/ide/plugins/com.nxp.mcuxpresso.tools.macosx_11.3.0.202011031536/tools/bin/../lib/gcc/arm-none-eabi/9.3.1/../../../../arm-none-eabi/lib/thumb/v6-m/nofp/libcr_c.a(_deferredlazyseek.o) (fseek)
[...]
Memory Configuration

Name             Origin             Length             Attributes
PROGRAM_FLASH    0x0000000000000000 0x0000000000020000 xr
SRAM             0x000000001ffff000 0x0000000000004000 xrw
*default*        0x0000000000000000 0xffffffffffffffff

Linker script and memory map

LOAD ./utilities/fsl_debug_console.o
LOAD ./utilities/systick_utils.o
LOAD ./startup/startup_mkl25z4.o
LOAD ./source/accDataRead.o
LOAD ./source/semihost_hardfault.o
LOAD ./sensors/mma845x_drv.o
LOAD ./interface/register_io_i2c.o
LOAD ./interface/register_io_spi.o
LOAD ./interface/sensor_io_i2c.o
LOAD ./interface/sensor_io_spi.o
LOAD ./gpio_driver/gpio_driver.o
LOAD ./gpio_driver/gpio_driver_irq.o
LOAD ./drivers/fsl_clock.o
LOAD ./drivers/fsl_common.o
LOAD ./drivers/fsl_dma.o
LOAD ./drivers/fsl_dmamux.o
LOAD ./drivers/fsl_flash.o
LOAD ./drivers/fsl_gpio.o
LOAD ./drivers/fsl_i2c.o
LOAD ./drivers/fsl_i2c_dma.o
LOAD ./drivers/fsl_lpsci.o
LOAD ./drivers/fsl_lpsci_dma.o
LOAD ./drivers/fsl_lptmr.o
LOAD ./drivers/fsl_smc.o
LOAD ./drivers/fsl_spi.o
LOAD ./drivers/fsl_spi_dma.o
LOAD ./drivers/fsl_uart.o
LOAD ./drivers/fsl_uart_dma.o
LOAD ./board/board.o
LOAD ./board/clock_config.o
LOAD ./board/frdm_kl25z.o
LOAD ./board/pin_mux.o
LOAD ./CMSIS_driver/fsl_i2c_cmsis.o
LOAD ./CMSIS_driver/fsl_lpsci_cmsis.o
LOAD ./CMSIS_driver/fsl_spi_cmsis.o
LOAD ./CMSIS/system_MKL25Z4.o
START GROUP
LOAD /Applications/MCUXpressoIDE_11.3.0_5222/ide/plugins/com.nxp.mcuxpresso.tools.macosx_11.3.0.202011031536/tools/bin/../lib/gcc/arm-none-eabi/9.3.1/../../../../arm-none-eabi/lib/thumb/v6-m/nofp/libcr_semihost_nf.a
LOAD /Applications/MCUXpressoIDE_11.3.0_5222/ide/plugins/com.nxp.mcuxpresso.tools.macosx_11.3.0.202011031536/tools/bin/../lib/gcc/arm-none-eabi/9.3.1/../../../../arm-none-eabi/lib/thumb/v6-m/nofp/libcr_c.a
LOAD /Applications/MCUXpressoIDE_11.3.0_5222/ide/plugins/com.nxp.mcuxpresso.tools.macosx_11.3.0.202011031536/tools/bin/../lib/gcc/arm-none-eabi/9.3.1/thumb/v6-m/nofp/libcr_eabihelpers.a
LOAD /Applications/MCUXpressoIDE_11.3.0_5222/ide/plugins/com.nxp.mcuxpresso.tools.macosx_11.3.0.202011031536/tools/bin/../lib/gcc/arm-none-eabi/9.3.1/thumb/v6-m/nofp/libgcc.a
END GROUP
                0x0000000000000000                __base_PROGRAM_FLASH = 0x0
                0x0000000000000000                __base_Flash = 0x0
                0x0000000000020000                __top_PROGRAM_FLASH = 0x20000
                0x0000000000020000                __top_Flash = 0x20000
                0x000000001ffff000                __base_SRAM = 0x1ffff000
                0x000000001ffff000                __base_RAM = 0x1ffff000
                0x0000000020003000                __top_SRAM = 0x20003000
                0x0000000020003000                __top_RAM = 0x20003000

.text           0x0000000000000000     0x62cc
 FILL mask 0xff
                0x0000000000000000                __vectors_start__ = ABSOLUTE (.)
 *(SORT_BY_ALIGNMENT(.isr_vector))
 .isr_vector    0x0000000000000000       0xc0 ./startup/startup_mkl25z4.o
                0x0000000000000000                __Vectors
                0x0000000000000000                g_pfnVectors
                0x00000000000000c0                . = ALIGN (0x4)
                0x00000000000000c0                __section_table_start = .
                0x00000000000000c0                __data_section_table = .
                0x00000000000000c0        0x4 LONG 0x62cc LOADADDR (.data)
                0x00000000000000c4        0x4 LONG 0x1ffff000 ADDR (.data)
                0x00000000000000c8        0x4 LONG 0x28 SIZEOF (.data)
                0x00000000000000cc                __data_section_table_end = .
                0x00000000000000cc                __bss_section_table = .
                0x00000000000000cc        0x4 LONG 0x1ffff028 ADDR (.bss)
                0x00000000000000d0        0x4 LONG 0x670 SIZEOF (.bss)
                0x00000000000000d4                __bss_section_table_end = .
                0x00000000000000d4                __section_table_end = .
 *(SORT_BY_ALIGNMENT(.after_vectors*))
 .after_vectors.reset
                0x00000000000000d4       0x4c ./startup/startup_mkl25z4.o
                0x00000000000000d4                ResetISR
 .after_vectors.init_data
                0x0000000000000120       0x12 ./startup/startup_mkl25z4.o
                0x0000000000000120                data_init
 .after_vectors.init_bss
                0x0000000000000132       0x10 ./startup/startup_mkl25z4.o
                0x0000000000000132                bss_init
 .after_vectors
                0x0000000000000142      0x10c ./startup/startup_mkl25z4.o
                0x0000000000000142                NMI_Handler
                0x0000000000000146                SVC_Handler
                0x0000000000000148                PendSV_Handler
                0x000000000000014c                LPTMR0_DriverIRQHandler
                0x000000000000014c                PORTD_DriverIRQHandler
                0x000000000000014c                CMP0_DriverIRQHandler
                0x000000000000014c                ADC0_DriverIRQHandler
                0x000000000000014c                TPM2_DriverIRQHandler
                0x000000000000014c                LVD_LVW_DriverIRQHandler
                0x000000000000014c                Reserved39_DriverIRQHandler
                0x000000000000014c                PIT_DriverIRQHandler
                0x000000000000014c                TPM0_DriverIRQHandler
                0x000000000000014c                TSI0_DriverIRQHandler
                0x000000000000014c                RTC_Seconds_DriverIRQHandler
                0x000000000000014c                RTC_DriverIRQHandler
                0x000000000000014c                TPM1_DriverIRQHandler
                0x000000000000014c                LLWU_DriverIRQHandler
                0x000000000000014c                MCG_DriverIRQHandler
                0x000000000000014c                PORTA_DriverIRQHandler
                0x000000000000014c                Reserved45_DriverIRQHandler
                0x000000000000014c                Reserved20_DriverIRQHandler
                0x000000000000014c                FTFA_DriverIRQHandler
                0x000000000000014c                IntDefaultHandler
                0x000000000000014c                USB0_DriverIRQHandler
                0x000000000000014c                DAC0_DriverIRQHandler
                0x000000000000014e                DMA0_IRQHandler
                0x0000000000000156                DMA1_IRQHandler
                0x000000000000015e                DMA2_IRQHandler
                0x0000000000000166                DMA3_IRQHandler
                0x000000000000016e                Reserved20_IRQHandler
                0x0000000000000176                FTFA_IRQHandler
                0x000000000000017e                LVD_LVW_IRQHandler
                0x0000000000000186                LLWU_IRQHandler
                0x000000000000018e                I2C0_IRQHandler
                0x0000000000000196                I2C1_IRQHandler
                0x000000000000019e                SPI0_IRQHandler
                0x00000000000001a6                SPI1_IRQHandler
                0x00000000000001ae                UART0_IRQHandler
                0x00000000000001b6                UART1_IRQHandler
                0x00000000000001be                UART2_IRQHandler
                0x00000000000001c6                ADC0_IRQHandler
                0x00000000000001ce                CMP0_IRQHandler
                0x00000000000001d6                TPM0_IRQHandler
                0x00000000000001de                TPM1_IRQHandler
                0x00000000000001e6                TPM2_IRQHandler
                0x00000000000001ee                RTC_IRQHandler
                0x00000000000001f6                RTC_Seconds_IRQHandler
                0x0000000000000206                Reserved39_IRQHandler
                0x000000000000020e                USB0_IRQHandler
                0x0000000000000216                DAC0_IRQHandler
                0x000000000000021e                TSI0_IRQHandler
                0x0000000000000226                MCG_IRQHandler
                0x000000000000022e                LPTMR0_IRQHandler
                0x0000000000000236                Reserved45_IRQHandler
                0x0000000000000400                . = 0x400
 *fill*         0x000000000000024e      0x1b2 ff
                0x0000000000000400                PROVIDE (__FLASH_CONFIG_START__ = .)
 *(SORT_BY_ALIGNMENT(.FlashConfig))
 .FlashConfig   0x0000000000000400       0x10 ./startup/startup_mkl25z4.o
                0x0000000000000400                Flash_Config
                0x0000000000000410                PROVIDE (__FLASH_CONFIG_END__ = .)
                0x0000000000000001                ASSERT (! ((__FLASH_CONFIG_START__ == __FLASH_CONFIG_END__)), Linker Flash Config Support Enabled, but no .FlashConfig section provided within application)
 *(SORT_BY_ALIGNMENT(.text*))
 .text.DbgConsole_Init
                0x0000000000000410       0xf4 ./utilities/fsl_debug_console.o
                0x0000000000000410                DbgConsole_Init
 .text.SysTick_Handler
                0x0000000000000504       0x18 ./utilities/systick_utils.o
                0x0000000000000504                SysTick_Handler
 .text.NVIC_EnableIRQ
                0x000000000000051c       0x2c ./source/accDataRead.o
 .text.delay    0x0000000000000548       0x28 ./source/accDataRead.o
                0x0000000000000548                delay
 .text.PIT_IRQHandler
                0x0000000000000570      0x1ac ./source/accDataRead.o
                0x0000000000000570                PIT_IRQHandler
 .text.main     0x000000000000071c      0x304 ./source/accDataRead.o
                0x000000000000071c                main
 .text.HardFault_Handler
                0x0000000000000a20       0x30 ./source/semihost_hardfault.o
                0x0000000000000a20                HardFault_Handler
 .text.I2C0_SignalEvent_t
                0x0000000000000a50       0x2c ./interface/register_io_i2c.o
                0x0000000000000a50                I2C0_SignalEvent_t
 .text.Register_I2C_Write
                0x0000000000000a7c      0x238 ./interface/register_io_i2c.o
                0x0000000000000a7c                Register_I2C_Write
 .text.Register_I2C_Read
                0x0000000000000cb4      0x144 ./interface/register_io_i2c.o
                0x0000000000000cb4                Register_I2C_Read
 .text.Sensor_I2C_Write
                0x0000000000000df8       0x94 ./interface/sensor_io_i2c.o
                0x0000000000000df8                Sensor_I2C_Write
 .text.ksdk_gpio_handle_interrupt
                0x0000000000000e8c       0xb0 ./gpio_driver/gpio_driver.o
                0x0000000000000e8c                ksdk_gpio_handle_interrupt
 .text.PORTA_IRQHandler
                0x0000000000000f3c       0x18 ./gpio_driver/gpio_driver_irq.o
                0x0000000000000f3c                PORTA_IRQHandler
 .text.PORTD_IRQHandler
                0x0000000000000f54       0x18 ./gpio_driver/gpio_driver_irq.o
                0x0000000000000f54                PORTD_IRQHandler
 .text.CLOCK_SetEr32kClock
                0x0000000000000f6c       0x34 ./drivers/fsl_clock.o
 .text.CLOCK_SetPllFllSelClock
                0x0000000000000fa0       0x38 ./drivers/fsl_clock.o
 .text.CLOCK_GetMcgExtClkFreq
                0x0000000000000fd8       0x28 ./drivers/fsl_clock.o
 .text.CLOCK_GetFllExtRefClkFreq
                0x0000000000001000       0xa8 ./drivers/fsl_clock.o
 .text.CLOCK_GetInternalRefClkSelectFreq
                0x00000000000010a8       0x40 ./drivers/fsl_clock.o
 .text.CLOCK_GetFllRefClkFreq
                0x00000000000010e8       0x2c ./drivers/fsl_clock.o
 .text.CLOCK_GetOscRangeFromFreq
                0x0000000000001114       0x4c ./drivers/fsl_clock.o
 .text.CLOCK_GetOsc0ErClkFreq
                0x0000000000001160       0x3c ./drivers/fsl_clock.o
                0x0000000000001160                CLOCK_GetOsc0ErClkFreq
 .text.CLOCK_GetEr32kClkFreq
                0x000000000000119c       0x78 ./drivers/fsl_clock.o
                0x000000000000119c                CLOCK_GetEr32kClkFreq
 .text.CLOCK_GetPllFllSelClkFreq
                0x0000000000001214       0x4c ./drivers/fsl_clock.o
                0x0000000000001214                CLOCK_GetPllFllSelClkFreq
 .text.CLOCK_GetFreq
                0x0000000000001260       0xe0 ./drivers/fsl_clock.o
                0x0000000000001260                CLOCK_GetFreq
 .text.CLOCK_SetSimConfig
                0x0000000000001340       0x38 ./drivers/fsl_clock.o
                0x0000000000001340                CLOCK_SetSimConfig
 .text.CLOCK_GetOutClkFreq
                0x0000000000001378       0x78 ./drivers/fsl_clock.o
                0x0000000000001378                CLOCK_GetOutClkFreq
 .text.CLOCK_GetFllFreq
                0x00000000000013f0       0x84 ./drivers/fsl_clock.o
                0x00000000000013f0                CLOCK_GetFllFreq
 .text.CLOCK_GetInternalRefClkFreq
                0x0000000000001474       0x28 ./drivers/fsl_clock.o
                0x0000000000001474                CLOCK_GetInternalRefClkFreq
 .text.CLOCK_GetPll0Freq
                0x000000000000149c       0x70 ./drivers/fsl_clock.o
                0x000000000000149c                CLOCK_GetPll0Freq
 .text.CLOCK_SetInternalRefClkConfig
                0x000000000000150c      0x124 ./drivers/fsl_clock.o
                0x000000000000150c                CLOCK_SetInternalRefClkConfig
 .text.CLOCK_EnablePll0
                0x0000000000001630       0x94 ./drivers/fsl_clock.o
                0x0000000000001630                CLOCK_EnablePll0
 .text.CLOCK_InitOsc0
                0x00000000000016c4       0x94 ./drivers/fsl_clock.o
                0x00000000000016c4                CLOCK_InitOsc0
 .text.CLOCK_SetPbeMode
                0x0000000000001758       0xb0 ./drivers/fsl_clock.o
                0x0000000000001758                CLOCK_SetPbeMode
 .text.CLOCK_BootToPeeMode
                0x0000000000001808       0x70 ./drivers/fsl_clock.o
                0x0000000000001808                CLOCK_BootToPeeMode
 .text.DMA_ClearChannelStatusFlags
                0x0000000000001878       0x54 ./drivers/fsl_dma.o
 .text.DMA_HandleIRQ
                0x00000000000018cc       0x4c ./drivers/fsl_dma.o
                0x00000000000018cc                DMA_HandleIRQ
 .text.DMA0_DriverIRQHandler
                0x0000000000001918       0x18 ./drivers/fsl_dma.o
                0x0000000000001918                DMA0_DriverIRQHandler
 .text.DMA1_DriverIRQHandler
                0x0000000000001930       0x18 ./drivers/fsl_dma.o
                0x0000000000001930                DMA1_DriverIRQHandler
 .text.DMA2_DriverIRQHandler
                0x0000000000001948       0x18 ./drivers/fsl_dma.o
                0x0000000000001948                DMA2_DriverIRQHandler
 .text.DMA3_DriverIRQHandler
                0x0000000000001960       0x18 ./drivers/fsl_dma.o
                0x0000000000001960                DMA3_DriverIRQHandler
 .text.GPIO_GetInstance
                0x0000000000001978       0x4c ./drivers/fsl_gpio.o
 .text.GPIO_GetPinsInterruptFlags
                0x00000000000019c4       0x38 ./drivers/fsl_gpio.o
                0x00000000000019c4                GPIO_GetPinsInterruptFlags
 .text.GPIO_ClearPinsInterruptFlags
                0x00000000000019fc       0x3c ./drivers/fsl_gpio.o
                0x00000000000019fc                GPIO_ClearPinsInterruptFlags
 .text.NVIC_EnableIRQ
                0x0000000000001a38       0x2c ./drivers/fsl_i2c.o
 .text.CLOCK_DisableClock
                0x0000000000001a64       0x38 ./drivers/fsl_i2c.o
 .text.I2C_GetInstance
                0x0000000000001a9c       0x4c ./drivers/fsl_i2c.o
                0x0000000000001a9c                I2C_GetInstance
 .text.I2C_InitTransferStateMachine
                0x0000000000001ae8       0x9c ./drivers/fsl_i2c.o
 .text.I2C_CheckAndClearError
                0x0000000000001b84       0x40 ./drivers/fsl_i2c.o
 .text.I2C_MasterTransferRunStateMachine
                0x0000000000001bc4      0x26c ./drivers/fsl_i2c.o
 .text.I2C_TransferCommonIRQHandler
                0x0000000000001e30       0x58 ./drivers/fsl_i2c.o
 .text.I2C_MasterDeinit
                0x0000000000001e88       0x34 ./drivers/fsl_i2c.o
                0x0000000000001e88                I2C_MasterDeinit
 .text.I2C_MasterSetBaudRate
                0x0000000000001ebc       0xf0 ./drivers/fsl_i2c.o
                0x0000000000001ebc                I2C_MasterSetBaudRate
 .text.I2C_MasterStart
                0x0000000000001fac       0x74 ./drivers/fsl_i2c.o
                0x0000000000001fac                I2C_MasterStart
 .text.I2C_MasterRepeatedStart
                0x0000000000002020       0xc0 ./drivers/fsl_i2c.o
                0x0000000000002020                I2C_MasterRepeatedStart
 .text.I2C_MasterTransferCreateHandle
                0x00000000000020e0       0x7c ./drivers/fsl_i2c.o
                0x00000000000020e0                I2C_MasterTransferCreateHandle
 .text.I2C_MasterTransferNonBlocking
                0x000000000000215c       0x70 ./drivers/fsl_i2c.o
                0x000000000000215c                I2C_MasterTransferNonBlocking
 .text.I2C_MasterTransferAbort
                0x00000000000021cc       0xbc ./drivers/fsl_i2c.o
                0x00000000000021cc                I2C_MasterTransferAbort
 .text.I2C_MasterTransferHandleIRQ
                0x0000000000002288       0xbc ./drivers/fsl_i2c.o
                0x0000000000002288                I2C_MasterTransferHandleIRQ
 .text.I2C_SlaveTransferCreateHandle
                0x0000000000002344       0x7c ./drivers/fsl_i2c.o
                0x0000000000002344                I2C_SlaveTransferCreateHandle
 .text.I2C_SlaveTransferNonBlocking
                0x00000000000023c0       0x7c ./drivers/fsl_i2c.o
                0x00000000000023c0                I2C_SlaveTransferNonBlocking
 .text.I2C_SlaveTransferAbort
                0x000000000000243c       0x4c ./drivers/fsl_i2c.o
                0x000000000000243c                I2C_SlaveTransferAbort
 .text.I2C_SlaveTransferHandleIRQ
                0x0000000000002488      0x2f8 ./drivers/fsl_i2c.o
                0x0000000000002488                I2C_SlaveTransferHandleIRQ
 .text.I2C0_DriverIRQHandler
                0x0000000000002780       0x20 ./drivers/fsl_i2c.o
                0x0000000000002780                I2C0_DriverIRQHandler
 .text.I2C1_DriverIRQHandler
                0x00000000000027a0       0x20 ./drivers/fsl_i2c.o
                0x00000000000027a0                I2C1_DriverIRQHandler
 .text.CLOCK_EnableClock
                0x00000000000027c0       0x34 ./drivers/fsl_lpsci.o
 .text.LPSCI_GetInstance
                0x00000000000027f4       0x48 ./drivers/fsl_lpsci.o
                0x00000000000027f4                LPSCI_GetInstance
 .text.LPSCI_Init
                0x000000000000283c      0x258 ./drivers/fsl_lpsci.o
                0x000000000000283c                LPSCI_Init
 .text.LPSCI_GetDefaultConfig
                0x0000000000002a94       0x44 ./drivers/fsl_lpsci.o
                0x0000000000002a94                LPSCI_GetDefaultConfig
 .text.LPSCI_ClearStatusFlags
                0x0000000000002ad8       0x94 ./drivers/fsl_lpsci.o
                0x0000000000002ad8                LPSCI_ClearStatusFlags
 .text.LPSCI_WriteBlocking
                0x0000000000002b6c       0x4c ./drivers/fsl_lpsci.o
                0x0000000000002b6c                LPSCI_WriteBlocking
 .text.LPSCI_ReadBlocking
                0x0000000000002bb8       0xc0 ./drivers/fsl_lpsci.o
                0x0000000000002bb8                LPSCI_ReadBlocking
 .text.UART0_DriverIRQHandler
                0x0000000000002c78       0x24 ./drivers/fsl_lpsci.o
                0x0000000000002c78                UART0_DriverIRQHandler
 .text.SMC_SetPowerModeWait
                0x0000000000002c9c       0x34 ./drivers/fsl_smc.o
                0x0000000000002c9c                SMC_SetPowerModeWait
 .text.SPI_CommonIRQHandler
                0x0000000000002cd0       0x54 ./drivers/fsl_spi.o
 .text.SPI0_DriverIRQHandler
                0x0000000000002d24       0x30 ./drivers/fsl_spi.o
                0x0000000000002d24                SPI0_DriverIRQHandler
 .text.SPI1_DriverIRQHandler
                0x0000000000002d54       0x30 ./drivers/fsl_spi.o
                0x0000000000002d54                SPI1_DriverIRQHandler
 .text.CLOCK_EnableClock
                0x0000000000002d84       0x34 ./drivers/fsl_uart.o
 .text.UART_GetInstance
                0x0000000000002db8       0x54 ./drivers/fsl_uart.o
                0x0000000000002db8                UART_GetInstance
 .text.UART_Init
                0x0000000000002e0c      0x1e0 ./drivers/fsl_uart.o
                0x0000000000002e0c                UART_Init
 .text.UART_GetDefaultConfig
                0x0000000000002fec       0x44 ./drivers/fsl_uart.o
                0x0000000000002fec                UART_GetDefaultConfig
 .text.UART_ReadBlocking
                0x0000000000003030       0x98 ./drivers/fsl_uart.o
                0x0000000000003030                UART_ReadBlocking
 .text.UART1_DriverIRQHandler
                0x00000000000030c8       0x24 ./drivers/fsl_uart.o
                0x00000000000030c8                UART1_DriverIRQHandler
 .text.UART2_DriverIRQHandler
                0x00000000000030ec       0x24 ./drivers/fsl_uart.o
                0x00000000000030ec                UART2_DriverIRQHandler
 .text.CLOCK_SetLpsci0Clock
                0x0000000000003110       0x38 ./board/board.o
 .text.BOARD_InitDebugConsole
                0x0000000000003148       0x30 ./board/board.o
                0x0000000000003148                BOARD_InitDebugConsole
 .text.CLOCK_SetSimSafeDivs
                0x0000000000003178       0x20 ./board/clock_config.o
 .text.CLOCK_SetXtal0Freq
                0x0000000000003198       0x1c ./board/clock_config.o
 .text.CLOCK_CONFIG_SetFllExtRefDiv
                0x00000000000031b4       0x3c ./board/clock_config.o
 .text.BOARD_BootClockRUN
                0x00000000000031f0       0x64 ./board/clock_config.o
                0x00000000000031f0                BOARD_BootClockRUN
 .text.CLOCK_EnableClock
                0x0000000000003254       0x34 ./board/pin_mux.o
 .text.PORT_SetPinConfig
                0x0000000000003288       0x38 ./board/pin_mux.o
 .text.PORT_SetPinMux
                0x00000000000032c0       0x40 ./board/pin_mux.o
 .text.BOARD_InitPins
                0x0000000000003300       0x4c ./board/pin_mux.o
                0x0000000000003300                BOARD_InitPins
 .text.I2C0_InitPins
                0x000000000000334c       0x8c ./board/pin_mux.o
                0x000000000000334c                I2C0_InitPins
 .text.I2C0_DeinitPins
                0x00000000000033d8       0x28 ./board/pin_mux.o
                0x00000000000033d8                I2C0_DeinitPins
 .text.CLOCK_EnableClock
                0x0000000000003400       0x34 ./CMSIS_driver/fsl_i2c_cmsis.o
 .text.I2Cx_GetVersion
                0x0000000000003434       0x34 ./CMSIS_driver/fsl_i2c_cmsis.o
 .text.KSDK_I2C_MASTER_InterruptCallback
                0x0000000000003468       0x64 ./CMSIS_driver/fsl_i2c_cmsis.o
 .text.I2C_Master_InterruptTransmit
                0x00000000000034cc      0x108 ./CMSIS_driver/fsl_i2c_cmsis.o
                0x00000000000034cc                I2C_Master_InterruptTransmit
 .text.I2C_Master_InterruptReceive
                0x00000000000035d4      0x108 ./CMSIS_driver/fsl_i2c_cmsis.o
                0x00000000000035d4                I2C_Master_InterruptReceive
 .text.I2C_Slave_InterruptTransmit
                0x00000000000036dc       0x88 ./CMSIS_driver/fsl_i2c_cmsis.o
                0x00000000000036dc                I2C_Slave_InterruptTransmit
 .text.I2C_Slave_InterruptReceive
                0x0000000000003764       0x94 ./CMSIS_driver/fsl_i2c_cmsis.o
                0x0000000000003764                I2C_Slave_InterruptReceive
 .text.I2C_InterruptControl
                0x00000000000037f8      0x158 ./CMSIS_driver/fsl_i2c_cmsis.o
                0x00000000000037f8                I2C_InterruptControl
 .text.I2C_InterruptPowerControl
                0x0000000000003950       0x7c ./CMSIS_driver/fsl_i2c_cmsis.o
 .text.I2C0_InterruptInitialize
                0x00000000000039cc       0x28 ./CMSIS_driver/fsl_i2c_cmsis.o
 .text.I2C0_InterruptUninitialize
                0x00000000000039f4       0x1c ./CMSIS_driver/fsl_i2c_cmsis.o
 .text.I2C0_InterruptPowerControl
                0x0000000000003a10       0x28 ./CMSIS_driver/fsl_i2c_cmsis.o
 .text.I2C0_Master_InterruptTransmit
                0x0000000000003a38       0x34 ./CMSIS_driver/fsl_i2c_cmsis.o
                0x0000000000003a38                I2C0_Master_InterruptTransmit
 .text.I2C0_Master_InterruptReceive
                0x0000000000003a6c       0x34 ./CMSIS_driver/fsl_i2c_cmsis.o
                0x0000000000003a6c                I2C0_Master_InterruptReceive
 .text.I2C0_Slave_InterruptTransmit
                0x0000000000003aa0       0x24 ./CMSIS_driver/fsl_i2c_cmsis.o
                0x0000000000003aa0                I2C0_Slave_InterruptTransmit
 .text.I2C0_Slave_InterruptReceive
                0x0000000000003ac4       0x24 ./CMSIS_driver/fsl_i2c_cmsis.o
                0x0000000000003ac4                I2C0_Slave_InterruptReceive
 .text.I2C0_InterruptGetDataCount
                0x0000000000003ae8       0x18 ./CMSIS_driver/fsl_i2c_cmsis.o
                0x0000000000003ae8                I2C0_InterruptGetDataCount
 .text.I2C0_InterruptControl
                0x0000000000003b00       0x24 ./CMSIS_driver/fsl_i2c_cmsis.o
                0x0000000000003b00                I2C0_InterruptControl
 .text.I2C0_InterruptGetStatus
                0x0000000000003b24       0x18 ./CMSIS_driver/fsl_i2c_cmsis.o
                0x0000000000003b24                I2C0_InterruptGetStatus
 .text.SystemInit
                0x0000000000003b3c       0x18 ./CMSIS/system_MKL25Z4.o
                0x0000000000003b3c                SystemInit
 .text.__assertion_failed
                0x0000000000003b54       0x4c /Applications/MCUXpressoIDE_11.3.0_5222/ide/plugins/com.nxp.mcuxpresso.tools.macosx_11.3.0.202011031536/tools/bin/../lib/gcc/arm-none-eabi/9.3.1/../../../../arm-none-eabi/lib/thumb/v6-m/nofp/libcr_semihost_nf.a(_cr_assert.o)
                0x0000000000003b54                __assertion_failed
 .text.__sys_appexit
                0x0000000000003ba0        0xc /Applications/MCUXpressoIDE_11.3.0_5222/ide/plugins/com.nxp.mcuxpresso.tools.macosx_11.3.0.202011031536/tools/bin/../lib/gcc/arm-none-eabi/9.3.1/../../../../arm-none-eabi/lib/thumb/v6-m/nofp/libcr_semihost_nf.a(__sys_appexit.o)
                0x0000000000003ba0                __exit
                0x0000000000003ba0                __sys_appexit
 .text._deferredlazyseek
                0x0000000000003bac       0x40 /Applications/MCUXpressoIDE_11.3.0_5222/ide/plugins/com.nxp.mcuxpresso.tools.macosx_11.3.0.202011031536/tools/bin/../lib/gcc/arm-none-eabi/9.3.1/../../../../arm-none-eabi/lib/thumb/v6-m/nofp/libcr_c.a(_deferredlazyseek.o)
                0x0000000000003bac                _deferredlazyseek
 .text.__flsbuf
                0x0000000000003bec      0x150 /Applications/MCUXpressoIDE_11.3.0_5222/ide/plugins/com.nxp.mcuxpresso.tools.macosx_11.3.0.202011031536/tools/bin/../lib/gcc/arm-none-eabi/9.3.1/../../../../arm-none-eabi/lib/thumb/v6-m/nofp/libcr_c.a(_deferredlazyseek.o)
                0x0000000000003bec                __flsbuf
 .text._fflush  0x0000000000003d3c       0x60 /Applications/MCUXpressoIDE_11.3.0_5222/ide/plugins/com.nxp.mcuxpresso.tools.macosx_11.3.0.202011031536/tools/bin/../lib/gcc/arm-none-eabi/9.3.1/../../../../arm-none-eabi/lib/thumb/v6-m/nofp/libcr_c.a(_fflush.o)
                0x0000000000003d3c                _fflush
 .text._Cwritebuf
                0x0000000000003d9c       0x68 /Applications/MCUXpressoIDE_11.3.0_5222/ide/plugins/com.nxp.mcuxpresso.tools.macosx_11.3.0.202011031536/tools/bin/../lib/gcc/arm-none-eabi/9.3.1/../../../../arm-none-eabi/lib/thumb/v6-m/nofp/libcr_c.a(_writebuf.o)
                0x0000000000003d9c                _Cwritebuf
 .text.malloc   0x0000000000003e04       0xd0 /Applications/MCUXpressoIDE_11.3.0_5222/ide/plugins/com.nxp.mcuxpresso.tools.macosx_11.3.0.202011031536/tools/bin/../lib/gcc/arm-none-eabi/9.3.1/../../../../arm-none-eabi/lib/thumb/v6-m/nofp/libcr_c.a(alloc.o)
                0x0000000000003e04                malloc
 .text._Csys_alloc
                0x0000000000003ed4       0x20 /Applications/MCUXpressoIDE_11.3.0_5222/ide/plugins/com.nxp.mcuxpresso.tools.macosx_11.3.0.202011031536/tools/bin/../lib/gcc/arm-none-eabi/9.3.1/../../../../arm-none-eabi/lib/thumb/v6-m/nofp/libcr_c.a(alloc.o)
                0x0000000000003ed4                _Csys_alloc
 .text.fseek    0x0000000000003ef4       0xf4 /Applications/MCUXpressoIDE_11.3.0_5222/ide/plugins/com.nxp.mcuxpresso.tools.macosx_11.3.0.202011031536/tools/bin/../lib/gcc/arm-none-eabi/9.3.1/../../../../arm-none-eabi/lib/thumb/v6-m/nofp/libcr_c.a(fseek.o)
                0x0000000000003ef4                fseek
 .text.ftell    0x0000000000003fe8       0x48 /Applications/MCUXpressoIDE_11.3.0_5222/ide/plugins/com.nxp.mcuxpresso.tools.macosx_11.3.0.202011031536/tools/bin/../lib/gcc/arm-none-eabi/9.3.1/../../../../arm-none-eabi/lib/thumb/v6-m/nofp/libcr_c.a(ftell.o)
                0x0000000000003fe8                ftell
 .text._initio  0x0000000000004030       0x7c /Applications/MCUXpressoIDE_11.3.0_5222/ide/plugins/com.nxp.mcuxpresso.tools.macosx_11.3.0.202011031536/tools/bin/../lib/gcc/arm-none-eabi/9.3.1/../../../../arm-none-eabi/lib/thumb/v6-m/nofp/libcr_c.a(initio.o)
                0x0000000000004030                _initio
 .text.__vfprintf
                0x00000000000040ac      0xd40 /Applications/MCUXpressoIDE_11.3.0_5222/ide/plugins/com.nxp.mcuxpresso.tools.macosx_11.3.0.202011031536/tools/bin/../lib/gcc/arm-none-eabi/9.3.1/../../../../arm-none-eabi/lib/thumb/v6-m/nofp/libcr_c.a(printf.o)
                0x00000000000040ac                __vfprintf
 .text._vsnprintf
                0x0000000000004dec       0x70 /Applications/MCUXpressoIDE_11.3.0_5222/ide/plugins/com.nxp.mcuxpresso.tools.macosx_11.3.0.202011031536/tools/bin/../lib/gcc/arm-none-eabi/9.3.1/../../../../arm-none-eabi/lib/thumb/v6-m/nofp/libcr_c.a(printf.o)
                0x0000000000004dec                _vsnprintf
 .text._printf  0x0000000000004e5c       0x50 /Applications/MCUXpressoIDE_11.3.0_5222/ide/plugins/com.nxp.mcuxpresso.tools.macosx_11.3.0.202011031536/tools/bin/../lib/gcc/arm-none-eabi/9.3.1/../../../../arm-none-eabi/lib/thumb/v6-m/nofp/libcr_c.a(printf.o)
                0x0000000000004e5c                _printf
 .text.setvbuf  0x0000000000004eac       0x4c /Applications/MCUXpressoIDE_11.3.0_5222/ide/plugins/com.nxp.mcuxpresso.tools.macosx_11.3.0.202011031536/tools/bin/../lib/gcc/arm-none-eabi/9.3.1/../../../../arm-none-eabi/lib/thumb/v6-m/nofp/libcr_c.a(setvbuf.o)
                0x0000000000004eac                setvbuf
 .text.strlen   0x0000000000004ef8       0x58 /Applications/MCUXpressoIDE_11.3.0_5222/ide/plugins/com.nxp.mcuxpresso.tools.macosx_11.3.0.202011031536/tools/bin/../lib/gcc/arm-none-eabi/9.3.1/../../../../arm-none-eabi/lib/thumb/v6-m/nofp/libcr_c.a(strlen.o)
                0x0000000000004ef8                strlen
 .text._sbrk    0x0000000000004f50       0x44 /Applications/MCUXpressoIDE_11.3.0_5222/ide/plugins/com.nxp.mcuxpresso.tools.macosx_11.3.0.202011031536/tools/bin/../lib/gcc/arm-none-eabi/9.3.1/../../../../arm-none-eabi/lib/thumb/v6-m/nofp/libcr_c.a(_cr_sbrk.o)
                0x0000000000004f50                _sbrk
 .text._fdopen  0x0000000000004f94       0x74 /Applications/MCUXpressoIDE_11.3.0_5222/ide/plugins/com.nxp.mcuxpresso.tools.macosx_11.3.0.202011031536/tools/bin/../lib/gcc/arm-none-eabi/9.3.1/../../../../arm-none-eabi/lib/thumb/v6-m/nofp/libcr_c.a(_fdopen.o)
                0x0000000000004f94                _fdopen
 .text.fclose   0x0000000000005008       0x5c /Applications/MCUXpressoIDE_11.3.0_5222/ide/plugins/com.nxp.mcuxpresso.tools.macosx_11.3.0.202011031536/tools/bin/../lib/gcc/arm-none-eabi/9.3.1/../../../../arm-none-eabi/lib/thumb/v6-m/nofp/libcr_c.a(fclose.o)
                0x0000000000005008                fclose
 .text.fflush   0x0000000000005064       0x44 /Applications/MCUXpressoIDE_11.3.0_5222/ide/plugins/com.nxp.mcuxpresso.tools.macosx_11.3.0.202011031536/tools/bin/../lib/gcc/arm-none-eabi/9.3.1/../../../../arm-none-eabi/lib/thumb/v6-m/nofp/libcr_c.a(fflush.o)
                0x0000000000005064                fflush
 .text.__check_heap_overflow
                0x00000000000050a8       0x14 /Applications/MCUXpressoIDE_11.3.0_5222/ide/plugins/com.nxp.mcuxpresso.tools.macosx_11.3.0.202011031536/tools/bin/../lib/gcc/arm-none-eabi/9.3.1/../../../../arm-none-eabi/lib/thumb/v6-m/nofp/libcr_c.a(_cr_check_heap.o)
                0x00000000000050a8                __check_heap_overflow
 .text._do_fflush
                0x00000000000050bc       0x48 /Applications/MCUXpressoIDE_11.3.0_5222/ide/plugins/com.nxp.mcuxpresso.tools.macosx_11.3.0.202011031536/tools/bin/../lib/gcc/arm-none-eabi/9.3.1/../../../../arm-none-eabi/lib/thumb/v6-m/nofp/libcr_c.a(_do_fflush.o)
                0x00000000000050bc                _do_fflush
 .text.UART_EnableTx
                0x0000000000005104       0x40 ./utilities/fsl_debug_console.o
 .text.UART_EnableRx
                0x0000000000005144       0x40 ./utilities/fsl_debug_console.o
 .text.LPSCI_EnableTx
                0x0000000000005184       0x40 ./utilities/fsl_debug_console.o
 .text.LPSCI_EnableRx
                0x00000000000051c4       0x40 ./utilities/fsl_debug_console.o
 .text.MMA845x_I2C_Initialize
                0x0000000000005204       0x98 ./sensors/mma845x_drv.o
                0x0000000000005204                MMA845x_I2C_Initialize
 .text.MMA845x_I2C_SetIdleTask
                0x000000000000529c       0x20 ./sensors/mma845x_drv.o
                0x000000000000529c                MMA845x_I2C_SetIdleTask
 .text.MMA845x_I2C_Configure
                0x00000000000052bc       0xa8 ./sensors/mma845x_drv.o
                0x00000000000052bc                MMA845x_I2C_Configure
 .text.MMA845x_I2C_ReadData
                0x0000000000005364       0x62 ./sensors/mma845x_drv.o
                0x0000000000005364                MMA845x_I2C_ReadData
 .text.Sensor_I2C_Read
                0x00000000000053c6       0x82 ./interface/sensor_io_i2c.o
                0x00000000000053c6                Sensor_I2C_Read
 .text.OSC_SetExtRefClkConfig
                0x0000000000005448       0x3e ./drivers/fsl_clock.o
 .text.OSC_SetCapLoad
                0x0000000000005486       0x42 ./drivers/fsl_clock.o
 .text.CLOCK_GetPll0RefFreq
                0x00000000000054c8       0x10 ./drivers/fsl_clock.o
 .text.CLOCK_GetFixedFreqClkFreq
                0x00000000000054d8       0x30 ./drivers/fsl_clock.o
                0x00000000000054d8                CLOCK_GetFixedFreqClkFreq
 .text.CLOCK_SetExternalRefClkConfig
                0x0000000000005508       0x16 ./drivers/fsl_clock.o
                0x0000000000005508                CLOCK_SetExternalRefClkConfig
 .text.EnableIRQ
                0x000000000000551e       0x2c ./drivers/fsl_i2c.o
 .text.I2C_Enable
                0x000000000000554a       0x42 ./drivers/fsl_i2c.o
 .text.I2C_SlaveGetStatusFlags
                0x000000000000558c       0x1a ./drivers/fsl_i2c.o
 .text.I2C_MasterClearStatusFlags
                0x00000000000055a6       0x38 ./drivers/fsl_i2c.o
 .text.I2C_SlaveClearStatusFlags
                0x00000000000055de       0x1e ./drivers/fsl_i2c.o
 .text.I2C_EnableInterrupts
                0x00000000000055fc       0x5c ./drivers/fsl_i2c.o
                0x00000000000055fc                I2C_EnableInterrupts
 .text.I2C_DisableInterrupts
                0x0000000000005658       0x42 ./drivers/fsl_i2c.o
                0x0000000000005658                I2C_DisableInterrupts
 .text.I2C_MasterStop
                0x000000000000569a       0x64 ./drivers/fsl_i2c.o
                0x000000000000569a                I2C_MasterStop
 .text.I2C_MasterGetStatusFlags
                0x00000000000056fe       0x32 ./drivers/fsl_i2c.o
                0x00000000000056fe                I2C_MasterGetStatusFlags
 .text.LPSCI_GetStatusFlags
                0x0000000000005730       0x26 ./drivers/fsl_lpsci.o
                0x0000000000005730                LPSCI_GetStatusFlags
 .text.UART_GetStatusFlags
                0x0000000000005756       0x26 ./drivers/fsl_uart.o
                0x0000000000005756                UART_GetStatusFlags
 .text.UART_WriteBlocking
                0x000000000000577c       0x3c ./drivers/fsl_uart.o
                0x000000000000577c                UART_WriteBlocking
 .text.I2C0_GetFreq
                0x00000000000057b8       0x12 ./board/frdm_kl25z.o
                0x00000000000057b8                I2C0_GetFreq
 .text.I2C_SlaveGetStatusFlags
                0x00000000000057ca       0x1a ./CMSIS_driver/fsl_i2c_cmsis.o
 .text.I2Cx_GetCapabilities
                0x00000000000057e4       0x14 ./CMSIS_driver/fsl_i2c_cmsis.o
 .text.KSDK_I2C_SLAVE_InterruptCallback
                0x00000000000057f8       0x42 ./CMSIS_driver/fsl_i2c_cmsis.o
 .text.I2C_InterruptInitialize
                0x000000000000583a       0x1a ./CMSIS_driver/fsl_i2c_cmsis.o
 .text.I2C_InterruptUninitialize
                0x0000000000005854       0x18 ./CMSIS_driver/fsl_i2c_cmsis.o
 .text.I2C_InterruptGetDataCount
                0x000000000000586c       0x2a ./CMSIS_driver/fsl_i2c_cmsis.o
                0x000000000000586c                I2C_InterruptGetDataCount
 .text.I2C_InterruptGetStatus
                0x0000000000005896       0xe6 ./CMSIS_driver/fsl_i2c_cmsis.o
                0x0000000000005896                I2C_InterruptGetStatus
 .text.__main   0x000000000000597c        0xc /Applications/MCUXpressoIDE_11.3.0_5222/ide/plugins/com.nxp.mcuxpresso.tools.macosx_11.3.0.202011031536/tools/bin/../lib/gcc/arm-none-eabi/9.3.1/../../../../arm-none-eabi/lib/thumb/v6-m/nofp/libcr_semihost_nf.a(_cr__main.o)
                0x000000000000597c                __main
                0x000000000000597c                __CR_SEMIHOST
 .text.memset   0x0000000000005988        0x8 /Applications/MCUXpressoIDE_11.3.0_5222/ide/plugins/com.nxp.mcuxpresso.tools.macosx_11.3.0.202011031536/tools/bin/../lib/gcc/arm-none-eabi/9.3.1/../../../../arm-none-eabi/lib/thumb/v6-m/nofp/libcr_c.a(memset.o)
                0x0000000000005988                memset
 .text.free     0x0000000000005990       0x2c /Applications/MCUXpressoIDE_11.3.0_5222/ide/plugins/com.nxp.mcuxpresso.tools.macosx_11.3.0.202011031536/tools/bin/../lib/gcc/arm-none-eabi/9.3.1/../../../../arm-none-eabi/lib/thumb/v6-m/nofp/libcr_c.a(alloc.o)
                0x0000000000005990                free
 .text.fputs    0x00000000000059bc       0x2e /Applications/MCUXpressoIDE_11.3.0_5222/ide/plugins/com.nxp.mcuxpresso.tools.macosx_11.3.0.202011031536/tools/bin/../lib/gcc/arm-none-eabi/9.3.1/../../../../arm-none-eabi/lib/thumb/v6-m/nofp/libcr_c.a(fputs.o)
                0x00000000000059bc                fputs
 .text.no_fp_display
                0x00000000000059ea        0x4 /Applications/MCUXpressoIDE_11.3.0_5222/ide/plugins/com.nxp.mcuxpresso.tools.macosx_11.3.0.202011031536/tools/bin/../lib/gcc/arm-none-eabi/9.3.1/../../../../arm-none-eabi/lib/thumb/v6-m/nofp/libcr_c.a(printf.o)
 .text.remove   0x00000000000059ee       0x12 /Applications/MCUXpressoIDE_11.3.0_5222/ide/plugins/com.nxp.mcuxpresso.tools.macosx_11.3.0.202011031536/tools/bin/../lib/gcc/arm-none-eabi/9.3.1/../../../../arm-none-eabi/lib/thumb/v6-m/nofp/libcr_c.a(remove.o)
                0x00000000000059ee                remove
 .text.__aeabi_division_idivmod
                0x0000000000005a00       0x78 /Applications/MCUXpressoIDE_11.3.0_5222/ide/plugins/com.nxp.mcuxpresso.tools.macosx_11.3.0.202011031536/tools/bin/../lib/gcc/arm-none-eabi/9.3.1/thumb/v6-m/nofp/libcr_eabihelpers.a(division_32.o)
                0x0000000000005a00                __aeabi_idiv
                0x0000000000005a00                __aeabi_idivmod
                0x0000000000005a06                __aeabi_uidiv
                0x0000000000005a06                __aeabi_uidivmod
 .text.__aeabi_division_idiv0
                0x0000000000005a78        0x2 /Applications/MCUXpressoIDE_11.3.0_5222/ide/plugins/com.nxp.mcuxpresso.tools.macosx_11.3.0.202011031536/tools/bin/../lib/gcc/arm-none-eabi/9.3.1/thumb/v6-m/nofp/libcr_eabihelpers.a(division_idiv0.o)
                0x0000000000005a78                __aeabi_idiv0
 .text.__aeabi_llong_lmul
                0x0000000000005a7a       0x2e /Applications/MCUXpressoIDE_11.3.0_5222/ide/plugins/com.nxp.mcuxpresso.tools.macosx_11.3.0.202011031536/tools/bin/../lib/gcc/arm-none-eabi/9.3.1/thumb/v6-m/nofp/libcr_eabihelpers.a(llong.o)
                0x0000000000005a7a                __aeabi_lmul
 .text.__aeabi_memset_lowlevel
                0x0000000000005aa8       0x2a /Applications/MCUXpressoIDE_11.3.0_5222/ide/plugins/com.nxp.mcuxpresso.tools.macosx_11.3.0.202011031536/tools/bin/../lib/gcc/arm-none-eabi/9.3.1/thumb/v6-m/nofp/libcr_eabihelpers.a(memcpy.o)
                0x0000000000005aa8                __aeabi_lowlevel_memset
 .text.__gnu_thumb1_case_shi
                0x0000000000005ad2       0x10 /Applications/MCUXpressoIDE_11.3.0_5222/ide/plugins/com.nxp.mcuxpresso.tools.macosx_11.3.0.202011031536/tools/bin/../lib/gcc/arm-none-eabi/9.3.1/thumb/v6-m/nofp/libcr_eabihelpers.a(thumb1_switch_helpers.o)
                0x0000000000005ad2                __gnu_thumb1_case_shi
 .text.__sys_close
                0x0000000000005ae2        0xc /Applications/MCUXpressoIDE_11.3.0_5222/ide/plugins/com.nxp.mcuxpresso.tools.macosx_11.3.0.202011031536/tools/bin/../lib/gcc/arm-none-eabi/9.3.1/../../../../arm-none-eabi/lib/thumb/v6-m/nofp/libcr_semihost_nf.a(__sys_close.o)
                0x0000000000005ae2                __sys_close
 .text.__sys_flen
                0x0000000000005aee        0xc /Applications/MCUXpressoIDE_11.3.0_5222/ide/plugins/com.nxp.mcuxpresso.tools.macosx_11.3.0.202011031536/tools/bin/../lib/gcc/arm-none-eabi/9.3.1/../../../../arm-none-eabi/lib/thumb/v6-m/nofp/libcr_semihost_nf.a(__sys_flen.o)
                0x0000000000005aee                __sys_flen
 .text.__sys_istty
                0x0000000000005afa        0xc /Applications/MCUXpressoIDE_11.3.0_5222/ide/plugins/com.nxp.mcuxpresso.tools.macosx_11.3.0.202011031536/tools/bin/../lib/gcc/arm-none-eabi/9.3.1/../../../../arm-none-eabi/lib/thumb/v6-m/nofp/libcr_semihost_nf.a(__sys_istty.o)
                0x0000000000005afa                __sys_istty
 .text.__sys_remove
                0x0000000000005b06        0xc /Applications/MCUXpressoIDE_11.3.0_5222/ide/plugins/com.nxp.mcuxpresso.tools.macosx_11.3.0.202011031536/tools/bin/../lib/gcc/arm-none-eabi/9.3.1/../../../../arm-none-eabi/lib/thumb/v6-m/nofp/libcr_semihost_nf.a(__sys_remove.o)
                0x0000000000005b06                __sys_remove
 .text.__sys_seek
                0x0000000000005b12        0xc /Applications/MCUXpressoIDE_11.3.0_5222/ide/plugins/com.nxp.mcuxpresso.tools.macosx_11.3.0.202011031536/tools/bin/../lib/gcc/arm-none-eabi/9.3.1/../../../../arm-none-eabi/lib/thumb/v6-m/nofp/libcr_semihost_nf.a(__sys_seek.o)
                0x0000000000005b12                __sys_seek
 .text.__sys_tmpnam
                0x0000000000005b1e        0xc /Applications/MCUXpressoIDE_11.3.0_5222/ide/plugins/com.nxp.mcuxpresso.tools.macosx_11.3.0.202011031536/tools/bin/../lib/gcc/arm-none-eabi/9.3.1/../../../../arm-none-eabi/lib/thumb/v6-m/nofp/libcr_semihost_nf.a(__sys_tmpnam.o)
                0x0000000000005b1e                __sys_tmpnam
 .text.__sys_write
                0x0000000000005b2a        0xc /Applications/MCUXpressoIDE_11.3.0_5222/ide/plugins/com.nxp.mcuxpresso.tools.macosx_11.3.0.202011031536/tools/bin/../lib/gcc/arm-none-eabi/9.3.1/../../../../arm-none-eabi/lib/thumb/v6-m/nofp/libcr_semihost_nf.a(__sys_write.o)
                0x0000000000005b2a                __sys_write
 *(SORT_BY_ALIGNMENT(.rodata) SORT_BY_ALIGNMENT(.rodata.*) SORT_BY_ALIGNMENT(.constdata) SORT_BY_ALIGNMENT(.constdata.*))
 *fill*         0x0000000000005b36        0x2 ff
 .rodata.mma845x_Config_Fifo
                0x0000000000005b38       0x10 ./source/accDataRead.o
                0x0000000000005b38                mma845x_Config_Fifo
 .rodata.mma845x_Fifo_Status
                0x0000000000005b48        0x8 ./source/accDataRead.o
                0x0000000000005b48                mma845x_Fifo_Status
 .rodata.mma845x_Output_Values
                0x0000000000005b50        0x8 ./source/accDataRead.o
                0x0000000000005b50                mma845x_Output_Values
 .rodata.PIT_IRQHandler.str1.4
                0x0000000000005b58       0xa9 ./source/accDataRead.o
 *fill*         0x0000000000005c01        0x3 ff
 .rodata.main.str1.4
                0x0000000000005c04       0x27 ./source/accDataRead.o
 *fill*         0x0000000000005c2b        0x1 ff
 .rodata.CLOCK_GetMcgExtClkFreq.str1.4
                0x0000000000005c2c       0x1f ./drivers/fsl_clock.o
 *fill*         0x0000000000005c4b        0x1 ff
 .rodata.CLOCK_GetOsc0ErClkFreq.str1.4
                0x0000000000005c4c       0x1f ./drivers/fsl_clock.o
 *fill*         0x0000000000005c6b        0x1 ff
 .rodata.CLOCK_GetEr32kClkFreq.str1.4
                0x0000000000005c6c       0x20 ./drivers/fsl_clock.o
 .rodata.CLOCK_GetFreq
                0x0000000000005c8c       0x38 ./drivers/fsl_clock.o
 .rodata.CLOCK_GetPll0Freq.str1.4
                0x0000000000005cc4       0x1e ./drivers/fsl_clock.o
 *fill*         0x0000000000005ce2        0x2 ff
 .rodata.CLOCK_EnablePll0.str1.4
                0x0000000000005ce4       0x1a ./drivers/fsl_clock.o
 *fill*         0x0000000000005cfe        0x2 ff
 .rodata.CLOCK_SetPbeMode.str1.4
                0x0000000000005d00       0x1b ./drivers/fsl_clock.o
 *fill*         0x0000000000005d1b        0x1 ff
 .rodata.CLOCK_BootToPeeMode.str1.4
                0x0000000000005d1c       0x1b ./drivers/fsl_clock.o
 *fill*         0x0000000000005d37        0x1 ff
 .rodata.fllFactorTable.5210
                0x0000000000005d38       0x10 ./drivers/fsl_clock.o
 .rodata.DMA_ClearChannelStatusFlags.str1.4
                0x0000000000005d48       0x3d ./drivers/fsl_dma.o
 *fill*         0x0000000000005d85        0x3 ff
 .rodata.DMA_HandleIRQ.str1.4
                0x0000000000005d88       0x20 ./drivers/fsl_dma.o
 .rodata.s_portBases
                0x0000000000005da8       0x14 ./drivers/fsl_gpio.o
 .rodata.s_gpioBases
                0x0000000000005dbc       0x14 ./drivers/fsl_gpio.o
 .rodata.GPIO_GetInstance.str1.4
                0x0000000000005dd0       0x34 ./drivers/fsl_gpio.o
 .rodata.s_i2cDividerTable
                0x0000000000005e04       0x80 ./drivers/fsl_i2c.o
 .rodata.s_i2cBases
                0x0000000000005e84        0x8 ./drivers/fsl_i2c.o
 .rodata.s_i2cIrqs
                0x0000000000005e8c        0x2 ./drivers/fsl_i2c.o
 *fill*         0x0000000000005e8e        0x2 ff
 .rodata.s_i2cClocks
                0x0000000000005e90        0x8 ./drivers/fsl_i2c.o
 .rodata.I2C_GetInstance.str1.4
                0x0000000000005e98       0x33 ./drivers/fsl_i2c.o
 *fill*         0x0000000000005ecb        0x1 ff
 .rodata.I2C_MasterTransferCreateHandle.str1.4
                0x0000000000005ecc       0x19 ./drivers/fsl_i2c.o
 *fill*         0x0000000000005ee5        0x3 ff
 .rodata.I2C_MasterTransferNonBlocking.str1.4
                0x0000000000005ee8       0x33 ./drivers/fsl_i2c.o
 *fill*         0x0000000000005f1b        0x1 ff
 .rodata.I2C_MasterTransferAbort.str1.4
                0x0000000000005f1c       0x19 ./drivers/fsl_i2c.o
 *fill*         0x0000000000005f35        0x3 ff
 .rodata.I2C_MasterTransferHandleIRQ.str1.4
                0x0000000000005f38       0x1c ./drivers/fsl_i2c.o
 .rodata.I2C_SlaveTransferCreateHandle.str1.4
                0x0000000000005f54       0x19 ./drivers/fsl_i2c.o
 *fill*         0x0000000000005f6d        0x3 ff
 .rodata.I2C_SlaveTransferNonBlocking.str1.4
                0x0000000000005f70       0x19 ./drivers/fsl_i2c.o
 *fill*         0x0000000000005f89        0x3 ff
 .rodata.I2C_SlaveTransferAbort.str1.4
                0x0000000000005f8c       0x19 ./drivers/fsl_i2c.o
 *fill*         0x0000000000005fa5        0x3 ff
 .rodata.I2C_SlaveTransferHandleIRQ.str1.4
                0x0000000000005fa8       0x1c ./drivers/fsl_i2c.o
 .rodata.LPSCI_GetInstance.str1.4
                0x0000000000005fc4       0x37 ./drivers/fsl_lpsci.o
 *fill*         0x0000000000005ffb        0x1 ff
 .rodata.LPSCI_Init.str1.4
                0x0000000000005ffc       0x44 ./drivers/fsl_lpsci.o
 .rodata.LPSCI_GetDefaultConfig.str1.4
                0x0000000000006040       0x1a ./drivers/fsl_lpsci.o
 *fill*         0x000000000000605a        0x2 ff
 .rodata.LPSCI_WriteBlocking.str1.4
                0x000000000000605c       0x18 ./drivers/fsl_lpsci.o
 .rodata.LPSCI_ReadBlocking.str1.4
                0x0000000000006074       0x18 ./drivers/fsl_lpsci.o
 .rodata.SPI0_DriverIRQHandler.str1.4
                0x000000000000608c       0x21 ./drivers/fsl_spi.o
 *fill*         0x00000000000060ad        0x3 ff
 .rodata.SPI1_DriverIRQHandler.str1.4
                0x00000000000060b0       0x21 ./drivers/fsl_spi.o
 *fill*         0x00000000000060d1        0x3 ff
 .rodata.s_uartBases
                0x00000000000060d4        0xc ./drivers/fsl_uart.o
 .rodata.s_uartClock
                0x00000000000060e0        0xc ./drivers/fsl_uart.o
 .rodata.UART_GetInstance.str1.4
                0x00000000000060ec       0x2c ./drivers/fsl_uart.o
 .rodata.UART_Init.str1.4
                0x0000000000006118       0x43 ./drivers/fsl_uart.o
 *fill*         0x000000000000615b        0x1 ff
 .rodata.UART_GetDefaultConfig.str1.4
                0x000000000000615c       0x19 ./drivers/fsl_uart.o
 *fill*         0x0000000000006175        0x3 ff
 .rodata.UART_ReadBlocking.str1.4
                0x0000000000006178       0x17 ./drivers/fsl_uart.o
 *fill*         0x000000000000618f        0x1 ff
 .rodata.mcgConfig_BOARD_BootClockRUN
                0x0000000000006190        0xa ./board/clock_config.o
                0x0000000000006190                mcgConfig_BOARD_BootClockRUN
 *fill*         0x000000000000619a        0x2 ff
 .rodata.simConfig_BOARD_BootClockRUN
                0x000000000000619c        0x8 ./board/clock_config.o
                0x000000000000619c                simConfig_BOARD_BootClockRUN
 .rodata.oscConfig_BOARD_BootClockRUN
                0x00000000000061a4        0x8 ./board/clock_config.o
                0x00000000000061a4                oscConfig_BOARD_BootClockRUN
 .rodata.PORT_SetPinConfig.str1.4
                0x00000000000061ac       0x6d ./board/pin_mux.o
 *fill*         0x0000000000006219        0x3 ff
 .rodata.s_i2cDriverVersion
                0x000000000000621c        0x4 ./CMSIS_driver/fsl_i2c_cmsis.o
 .rodata.s_i2cClocks
                0x0000000000006220        0x8 ./CMSIS_driver/fsl_i2c_cmsis.o
 .rodata.I2C0_Resource
                0x0000000000006228        0x8 ./CMSIS_driver/fsl_i2c_cmsis.o
                0x0000000000006228                I2C0_Resource
 .rodata.Driver_I2C0
                0x0000000000006230       0x30 ./CMSIS_driver/fsl_i2c_cmsis.o
                0x0000000000006230                Driver_I2C0
 .rodata.__num_Ciob_streams
                0x0000000000006260        0x4 /Applications/MCUXpressoIDE_11.3.0_5222/ide/plugins/com.nxp.mcuxpresso.tools.macosx_11.3.0.202011031536/tools/bin/../lib/gcc/arm-none-eabi/9.3.1/../../../../arm-none-eabi/lib/thumb/v6-m/nofp/libcr_semihost_nf.a(__ciob.o)
                0x0000000000006260                __num_Ciob_streams
 .rodata.__assertion_failed.str1.1
                0x0000000000006264       0x15 /Applications/MCUXpressoIDE_11.3.0_5222/ide/plugins/com.nxp.mcuxpresso.tools.macosx_11.3.0.202011031536/tools/bin/../lib/gcc/arm-none-eabi/9.3.1/../../../../arm-none-eabi/lib/thumb/v6-m/nofp/libcr_semihost_nf.a(_cr_assert.o)
 .rodata._Csys_alloc.str1.1
                0x0000000000006279       0x18 /Applications/MCUXpressoIDE_11.3.0_5222/ide/plugins/com.nxp.mcuxpresso.tools.macosx_11.3.0.202011031536/tools/bin/../lib/gcc/arm-none-eabi/9.3.1/../../../../arm-none-eabi/lib/thumb/v6-m/nofp/libcr_c.a(alloc.o)
 .rodata._initio.str1.1
                0x0000000000006291        0x4 /Applications/MCUXpressoIDE_11.3.0_5222/ide/plugins/com.nxp.mcuxpresso.tools.macosx_11.3.0.202011031536/tools/bin/../lib/gcc/arm-none-eabi/9.3.1/../../../../arm-none-eabi/lib/thumb/v6-m/nofp/libcr_c.a(initio.o)
 .rodata.__vfprintf.str1.1
                0x0000000000006295       0x35 /Applications/MCUXpressoIDE_11.3.0_5222/ide/plugins/com.nxp.mcuxpresso.tools.macosx_11.3.0.202011031536/tools/bin/../lib/gcc/arm-none-eabi/9.3.1/../../../../arm-none-eabi/lib/thumb/v6-m/nofp/libcr_c.a(printf.o)
                                         0x38 (size before relaxing)
                0x00000000000062cc                . = ALIGN (0x4)
 *fill*         0x00000000000062ca        0x2 ff

.glue_7         0x00000000000062cc        0x0
 .glue_7        0x00000000000062cc        0x0 linker stubs

.glue_7t        0x00000000000062cc        0x0
 .glue_7t       0x00000000000062cc        0x0 linker stubs

.vfp11_veneer   0x00000000000062cc        0x0
 .vfp11_veneer  0x00000000000062cc        0x0 linker stubs

.v4_bx          0x00000000000062cc        0x0
 .v4_bx         0x00000000000062cc        0x0 linker stubs

.iplt           0x00000000000062cc        0x0
 .iplt          0x00000000000062cc        0x0 ./utilities/fsl_debug_console.o

.rel.dyn        0x00000000000062cc        0x0
 .rel.iplt      0x00000000000062cc        0x0 ./utilities/fsl_debug_console.o

.ARM.extab
 *(SORT_BY_ALIGNMENT(.ARM.extab*) SORT_BY_ALIGNMENT(.gnu.linkonce.armextab.*))

.ARM.exidx      0x00000000000062cc        0x0
                0x00000000000062cc                __exidx_start = .
 *(SORT_BY_ALIGNMENT(.ARM.exidx*) SORT_BY_ALIGNMENT(.gnu.linkonce.armexidx.*))
                0x00000000000062cc                __exidx_end = .
                0x00000000000062cc                _etext = .

.m_usb_data
 *(SORT_BY_ALIGNMENT(m_usb_bdt))

.mtb_buffer_default
 *(SORT_BY_ALIGNMENT(.mtb*))

.uninit_RESERVED
                0x000000001ffff000        0x0
                0x000000001ffff000                _start_uninit_RESERVED = .
 *(SORT_BY_ALIGNMENT(.bss.$RESERVED*))
                0x000000001ffff000                . = ALIGN (0x4)
                0x000000001ffff000                _end_uninit_RESERVED = .

.data           0x000000001ffff000       0x28 load address 0x00000000000062cc
 FILL mask 0xff
                0x000000001ffff000                _data = .
                [!provide]                        PROVIDE (__start_data_RAM = .)
                [!provide]                        PROVIDE (__start_data_SRAM = .)
 *(SORT_BY_ALIGNMENT(vtable))
 *(SORT_BY_ALIGNMENT(.ramfunc*))
 *(SORT_BY_ALIGNMENT(CodeQuickAccess))
 *(SORT_BY_ALIGNMENT(DataQuickAccess))
 *(SORT_BY_ALIGNMENT(RamFunction))
 *(SORT_BY_ALIGNMENT(.data*))
 .data.loadValue
                0x000000001ffff000        0x4 ./source/accDataRead.o
                0x000000001ffff000                loadValue
 .data.g_I2C_ErrorEvent
                0x000000001ffff004        0x8 ./interface/register_io_i2c.o
                0x000000001ffff004                g_I2C_ErrorEvent
 .data.s_slowIrcFreq
                0x000000001ffff00c        0x4 ./drivers/fsl_clock.o
 .data.s_fastIrcFreq
                0x000000001ffff010        0x4 ./drivers/fsl_clock.o
 .data.I2C0_InterruptDriverState
                0x000000001ffff014       0x10 ./CMSIS_driver/fsl_i2c_cmsis.o
                0x000000001ffff014                I2C0_InterruptDriverState
 .data.SystemCoreClock
                0x000000001ffff024        0x4 ./CMSIS/system_MKL25Z4.o
                0x000000001ffff024                SystemCoreClock
                0x000000001ffff028                . = ALIGN (0x4)
                0x000000001ffff028                _edata = .
                [!provide]                        PROVIDE (__end_data_RAM = .)
                [!provide]                        PROVIDE (__end_data_SRAM = .)

.igot.plt       0x000000001ffff028        0x0 load address 0x00000000000062f4
 .igot.plt      0x000000001ffff028        0x0 ./utilities/fsl_debug_console.o

.bss            0x000000001ffff028      0x670
                0x000000001ffff028                _bss = .
                [!provide]                        PROVIDE (__start_bss_RAM = .)
                [!provide]                        PROVIDE (__start_bss_SRAM = .)
 *(SORT_BY_ALIGNMENT(.bss*))
 .bss.s_debugConsole
                0x000000001ffff028       0x10 ./utilities/fsl_debug_console.o
 .bss.g_ovf_counter
                0x000000001ffff038        0x4 ./utilities/systick_utils.o
                0x000000001ffff038                g_ovf_counter
 .bss.numSwitch
                0x000000001ffff03c        0x4 ./source/accDataRead.o
                0x000000001ffff03c                numSwitch
 .bss.OG_X      0x000000001ffff040        0x4 ./source/accDataRead.o
                0x000000001ffff040                OG_X
 .bss.OG_Y      0x000000001ffff044        0x4 ./source/accDataRead.o
                0x000000001ffff044                OG_Y
 .bss.OG_Z      0x000000001ffff048        0x4 ./source/accDataRead.o
                0x000000001ffff048                OG_Z
 .bss.current_X
                0x000000001ffff04c        0x4 ./source/accDataRead.o
                0x000000001ffff04c                current_X
 .bss.current_Y
                0x000000001ffff050        0x4 ./source/accDataRead.o
                0x000000001ffff050                current_Y
 .bss.current_Z
                0x000000001ffff054        0x4 ./source/accDataRead.o
                0x000000001ffff054                current_Z
 .bss.once_marker
                0x000000001ffff058        0x4 ./source/accDataRead.o
                0x000000001ffff058                once_marker
 .bss.b_I2C_CompletionFlag
                0x000000001ffff05c        0x2 ./interface/register_io_i2c.o
                0x000000001ffff05c                b_I2C_CompletionFlag
 *fill*         0x000000001ffff05e        0x2 
 .bss.isrObj    0x000000001ffff060      0x500 ./gpio_driver/gpio_driver.o
 .bss.g_xtal0Freq
                0x000000001ffff560        0x4 ./drivers/fsl_clock.o
                0x000000001ffff560                g_xtal0Freq
 .bss.g_xtal32Freq
                0x000000001ffff564        0x4 ./drivers/fsl_clock.o
                0x000000001ffff564                g_xtal32Freq
 .bss.s_DMAHandle
                0x000000001ffff568       0x10 ./drivers/fsl_dma.o
 .bss.s_i2cHandle
                0x000000001ffff578        0x8 ./drivers/fsl_i2c.o
 .bss.s_i2cMasterIsr
                0x000000001ffff580        0x4 ./drivers/fsl_i2c.o
 .bss.s_i2cSlaveIsr
                0x000000001ffff584        0x4 ./drivers/fsl_i2c.o
 .bss.s_lpsciHandle
                0x000000001ffff588        0x4 ./drivers/fsl_lpsci.o
 .bss.s_lpsciIsr
                0x000000001ffff58c        0x4 ./drivers/fsl_lpsci.o
 .bss.s_spiHandle
                0x000000001ffff590        0x8 ./drivers/fsl_spi.o
 .bss.s_spiMasterIsr
                0x000000001ffff598        0x4 ./drivers/fsl_spi.o
 .bss.s_spiSlaveIsr
                0x000000001ffff59c        0x4 ./drivers/fsl_spi.o
 .bss.s_uartHandle
                0x000000001ffff5a0        0xc ./drivers/fsl_uart.o
 .bss.s_uartIsr
                0x000000001ffff5ac        0x4 ./drivers/fsl_uart.o
 .bss.I2C0_handle
                0x000000001ffff5b0       0x28 ./CMSIS_driver/fsl_i2c_cmsis.o
                0x000000001ffff5b0                I2C0_handle
 .bss.__Ciob    0x000000001ffff5d8       0xb4 /Applications/MCUXpressoIDE_11.3.0_5222/ide/plugins/com.nxp.mcuxpresso.tools.macosx_11.3.0.202011031536/tools/bin/../lib/gcc/arm-none-eabi/9.3.1/../../../../arm-none-eabi/lib/thumb/v6-m/nofp/libcr_semihost_nf.a(__ciob.o)
                0x000000001ffff5d8                __Ciob
 .bss.__end_of_heap
                0x000000001ffff68c        0x4 /Applications/MCUXpressoIDE_11.3.0_5222/ide/plugins/com.nxp.mcuxpresso.tools.macosx_11.3.0.202011031536/tools/bin/../lib/gcc/arm-none-eabi/9.3.1/../../../../arm-none-eabi/lib/thumb/v6-m/nofp/libcr_c.a(__init_alloc.o)
                0x000000001ffff68c                __end_of_heap
 .bss.__heaps   0x000000001ffff690        0x4 /Applications/MCUXpressoIDE_11.3.0_5222/ide/plugins/com.nxp.mcuxpresso.tools.macosx_11.3.0.202011031536/tools/bin/../lib/gcc/arm-none-eabi/9.3.1/../../../../arm-none-eabi/lib/thumb/v6-m/nofp/libcr_c.a(__init_alloc.o)
                0x000000001ffff690                __heaps
 .bss.errno     0x000000001ffff694        0x4 /Applications/MCUXpressoIDE_11.3.0_5222/ide/plugins/com.nxp.mcuxpresso.tools.macosx_11.3.0.202011031536/tools/bin/../lib/gcc/arm-none-eabi/9.3.1/../../../../arm-none-eabi/lib/thumb/v6-m/nofp/libcr_c.a(errno.o)
                0x000000001ffff694                errno
 *(SORT_BY_ALIGNMENT(COMMON))
                0x000000001ffff698                . = ALIGN (0x4)
                0x000000001ffff698                _ebss = .
                [!provide]                        PROVIDE (__end_bss_RAM = .)
                [!provide]                        PROVIDE (__end_bss_SRAM = .)
                [!provide]                        PROVIDE (end = .)

.noinit         0x000000001ffff698        0x0
                0x000000001ffff698                _noinit = .
                [!provide]                        PROVIDE (__start_noinit_RAM = .)
                [!provide]                        PROVIDE (__start_noinit_SRAM = .)
 *(SORT_BY_ALIGNMENT(.noinit*))
                0x000000001ffff698                . = ALIGN (0x4)
                0x000000001ffff698                _end_noinit = .
                [!provide]                        PROVIDE (__end_noinit_RAM = .)
                [!provide]                        PROVIDE (__end_noinit_SRAM = .)
                0x0000000000000400                _HeapSize = 0x400

.heap           0x000000001ffff698      0x400
                0x000000001ffff698                _pvHeapStart = .
                0x000000001ffffa98                . = (. + _HeapSize)
 *fill*         0x000000001ffff698      0x400 
                0x000000001ffffa98                . = ALIGN (0x4)
                0x000000001ffffa98                _pvHeapLimit = .
                0x0000000000000400                _StackSize = 0x400

.heap2stackfill
                0x000000001ffffa98      0x400
                0x000000001ffffe98                . = (. + _StackSize)
 *fill*         0x000000001ffffa98      0x400 

.stack          0x0000000020002c00        0x0
                0x0000000020002c00                _vStackBase = .
                0x0000000020002c00                . = ALIGN (0x4)
                0x0000000020003000                _vStackTop = (. + _StackSize)
                0x0000000000000000                _image_start = LOADADDR (.text)
                0x00000000000062f4                _image_end = (LOADADDR (.data) + SIZEOF (.data))
                0x00000000000062f4                _image_size = (_image_end - _image_start)
OUTPUT(3140FinalTest.axf elf32-littlearm)
LOAD linker stubs

.debug_info     0x0000000000000000    0x1489e
 .debug_info    0x0000000000000000      0x9b1 ./utilities/fsl_debug_console.o
 .debug_info    0x00000000000009b1     0x13cd ./utilities/systick_utils.o
 .debug_info    0x0000000000001d7e      0x4db ./startup/startup_mkl25z4.o
 .debug_info    0x0000000000002259     0x1e93 ./source/accDataRead.o
 .debug_info    0x00000000000040ec       0x38 ./source/semihost_hardfault.o
 .debug_info    0x0000000000004124      0x7cf ./sensors/mma845x_drv.o
 .debug_info    0x00000000000048f3     0x159a ./interface/register_io_i2c.o
 .debug_info    0x0000000000005e8d      0x6e8 ./interface/sensor_io_i2c.o
 .debug_info    0x0000000000006575      0xfae ./gpio_driver/gpio_driver.o
 .debug_info    0x0000000000007523      0x37b ./gpio_driver/gpio_driver_irq.o
 .debug_info    0x000000000000789e     0x1a93 ./drivers/fsl_clock.o
 .debug_info    0x0000000000009331      0xf4a ./drivers/fsl_dma.o
 .debug_info    0x000000000000a27b      0x562 ./drivers/fsl_gpio.o
 .debug_info    0x000000000000a7dd     0x1a96 ./drivers/fsl_i2c.o
 .debug_info    0x000000000000c273     0x1465 ./drivers/fsl_lpsci.o
 .debug_info    0x000000000000d6d8      0x76f ./drivers/fsl_smc.o
 .debug_info    0x000000000000de47     0x140d ./drivers/fsl_spi.o
 .debug_info    0x000000000000f254     0x1406 ./drivers/fsl_uart.o
 .debug_info    0x000000000001065a      0x807 ./board/board.o
 .debug_info    0x0000000000010e61      0xaea ./board/clock_config.o
 .debug_info    0x000000000001194b      0xd99 ./board/frdm_kl25z.o
 .debug_info    0x00000000000126e4      0x833 ./board/pin_mux.o
 .debug_info    0x0000000000012f17     0x1552 ./CMSIS_driver/fsl_i2c_cmsis.o
 .debug_info    0x0000000000014469      0x435 ./CMSIS/system_MKL25Z4.o

.debug_abbrev   0x0000000000000000     0x37e2
 .debug_abbrev  0x0000000000000000      0x218 ./utilities/fsl_debug_console.o
 .debug_abbrev  0x0000000000000218      0x2a1 ./utilities/systick_utils.o
 .debug_abbrev  0x00000000000004b9      0x18a ./startup/startup_mkl25z4.o
 .debug_abbrev  0x0000000000000643      0x315 ./source/accDataRead.o
 .debug_abbrev  0x0000000000000958       0x2e ./source/semihost_hardfault.o
 .debug_abbrev  0x0000000000000986      0x1c2 ./sensors/mma845x_drv.o
 .debug_abbrev  0x0000000000000b48      0x2ed ./interface/register_io_i2c.o
 .debug_abbrev  0x0000000000000e35      0x176 ./interface/sensor_io_i2c.o
 .debug_abbrev  0x0000000000000fab      0x357 ./gpio_driver/gpio_driver.o
 .debug_abbrev  0x0000000000001302      0x150 ./gpio_driver/gpio_driver_irq.o
 .debug_abbrev  0x0000000000001452      0x36c ./drivers/fsl_clock.o
 .debug_abbrev  0x00000000000017be      0x2e9 ./drivers/fsl_dma.o
 .debug_abbrev  0x0000000000001aa7      0x1b5 ./drivers/fsl_gpio.o
 .debug_abbrev  0x0000000000001c5c      0x36b ./drivers/fsl_i2c.o
 .debug_abbrev  0x0000000000001fc7      0x306 ./drivers/fsl_lpsci.o
 .debug_abbrev  0x00000000000022cd      0x234 ./drivers/fsl_smc.o
 .debug_abbrev  0x0000000000002501      0x320 ./drivers/fsl_spi.o
 .debug_abbrev  0x0000000000002821      0x320 ./drivers/fsl_uart.o
 .debug_abbrev  0x0000000000002b41      0x1a4 ./board/board.o
 .debug_abbrev  0x0000000000002ce5      0x21d ./board/clock_config.o
 .debug_abbrev  0x0000000000002f02      0x21a ./board/frdm_kl25z.o
 .debug_abbrev  0x000000000000311c      0x258 ./board/pin_mux.o
 .debug_abbrev  0x0000000000003374      0x31b ./CMSIS_driver/fsl_i2c_cmsis.o
 .debug_abbrev  0x000000000000368f      0x153 ./CMSIS/system_MKL25Z4.o

.debug_aranges  0x0000000000000000      0xf00
 .debug_aranges
                0x0000000000000000       0x48 ./utilities/fsl_debug_console.o
 .debug_aranges
                0x0000000000000048       0x50 ./utilities/systick_utils.o
 .debug_aranges
                0x0000000000000098      0x160 ./startup/startup_mkl25z4.o
 .debug_aranges
                0x00000000000001f8       0x38 ./source/accDataRead.o
 .debug_aranges
                0x0000000000000230       0x20 ./source/semihost_hardfault.o
 .debug_aranges
                0x0000000000000250       0x40 ./sensors/mma845x_drv.o
 .debug_aranges
                0x0000000000000290       0x40 ./interface/register_io_i2c.o
 .debug_aranges
                0x00000000000002d0       0x30 ./interface/sensor_io_i2c.o
 .debug_aranges
                0x0000000000000300       0xa8 ./gpio_driver/gpio_driver.o
 .debug_aranges
                0x00000000000003a8       0x40 ./gpio_driver/gpio_driver_irq.o
 .debug_aranges
                0x00000000000003e8      0x1d8 ./drivers/fsl_clock.o
 .debug_aranges
                0x00000000000005c0       0xd0 ./drivers/fsl_dma.o
 .debug_aranges
                0x0000000000000690       0x40 ./drivers/fsl_gpio.o
 .debug_aranges
                0x00000000000006d0      0x178 ./drivers/fsl_i2c.o
 .debug_aranges
                0x0000000000000848      0x118 ./drivers/fsl_lpsci.o
 .debug_aranges
                0x0000000000000960       0x68 ./drivers/fsl_smc.o
 .debug_aranges
                0x00000000000009c8      0x130 ./drivers/fsl_spi.o
 .debug_aranges
                0x0000000000000af8      0x130 ./drivers/fsl_uart.o
 .debug_aranges
                0x0000000000000c28       0x28 ./board/board.o
 .debug_aranges
                0x0000000000000c50       0x50 ./board/clock_config.o
 .debug_aranges
                0x0000000000000ca0       0x58 ./board/frdm_kl25z.o
 .debug_aranges
                0x0000000000000cf8       0xa8 ./board/pin_mux.o
 .debug_aranges
                0x0000000000000da0      0x138 ./CMSIS_driver/fsl_i2c_cmsis.o
 .debug_aranges
                0x0000000000000ed8       0x28 ./CMSIS/system_MKL25Z4.o

.debug_ranges   0x0000000000000000      0xd80
 .debug_ranges  0x0000000000000000       0x38 ./utilities/fsl_debug_console.o
 .debug_ranges  0x0000000000000038       0x40 ./utilities/systick_utils.o
 .debug_ranges  0x0000000000000078      0x150 ./startup/startup_mkl25z4.o
 .debug_ranges  0x00000000000001c8       0x28 ./source/accDataRead.o
 .debug_ranges  0x00000000000001f0       0x10 ./source/semihost_hardfault.o
 .debug_ranges  0x0000000000000200       0x30 ./sensors/mma845x_drv.o
 .debug_ranges  0x0000000000000230       0x30 ./interface/register_io_i2c.o
 .debug_ranges  0x0000000000000260       0x20 ./interface/sensor_io_i2c.o
 .debug_ranges  0x0000000000000280       0x98 ./gpio_driver/gpio_driver.o
 .debug_ranges  0x0000000000000318       0x30 ./gpio_driver/gpio_driver_irq.o
 .debug_ranges  0x0000000000000348      0x1c8 ./drivers/fsl_clock.o
 .debug_ranges  0x0000000000000510       0xc0 ./drivers/fsl_dma.o
 .debug_ranges  0x00000000000005d0       0x30 ./drivers/fsl_gpio.o
 .debug_ranges  0x0000000000000600      0x168 ./drivers/fsl_i2c.o
 .debug_ranges  0x0000000000000768      0x108 ./drivers/fsl_lpsci.o
 .debug_ranges  0x0000000000000870       0x58 ./drivers/fsl_smc.o
 .debug_ranges  0x00000000000008c8      0x120 ./drivers/fsl_spi.o
 .debug_ranges  0x00000000000009e8      0x120 ./drivers/fsl_uart.o
 .debug_ranges  0x0000000000000b08       0x18 ./board/board.o
 .debug_ranges  0x0000000000000b20       0x40 ./board/clock_config.o
 .debug_ranges  0x0000000000000b60       0x48 ./board/frdm_kl25z.o
 .debug_ranges  0x0000000000000ba8       0x98 ./board/pin_mux.o
 .debug_ranges  0x0000000000000c40      0x128 ./CMSIS_driver/fsl_i2c_cmsis.o
 .debug_ranges  0x0000000000000d68       0x18 ./CMSIS/system_MKL25Z4.o

.debug_line     0x0000000000000000     0x9b00
 .debug_line    0x0000000000000000      0x3b9 ./utilities/fsl_debug_console.o
 .debug_line    0x00000000000003b9      0x520 ./utilities/systick_utils.o
 .debug_line    0x00000000000008d9      0x1e7 ./startup/startup_mkl25z4.o
 .debug_line    0x0000000000000ac0      0x82c ./source/accDataRead.o
 .debug_line    0x00000000000012ec       0x59 ./source/semihost_hardfault.o
 .debug_line    0x0000000000001345      0x384 ./sensors/mma845x_drv.o
 .debug_line    0x00000000000016c9      0x6e2 ./interface/register_io_i2c.o
 .debug_line    0x0000000000001dab      0x306 ./interface/sensor_io_i2c.o
 .debug_line    0x00000000000020b1      0x5b1 ./gpio_driver/gpio_driver.o
 .debug_line    0x0000000000002662      0x338 ./gpio_driver/gpio_driver_irq.o
 .debug_line    0x000000000000299a     0x1266 ./drivers/fsl_clock.o
 .debug_line    0x0000000000003c00      0x6c8 ./drivers/fsl_dma.o
 .debug_line    0x00000000000042c8      0x2e9 ./drivers/fsl_gpio.o
 .debug_line    0x00000000000045b1     0x122f ./drivers/fsl_i2c.o
 .debug_line    0x00000000000057e0      0xce2 ./drivers/fsl_lpsci.o
 .debug_line    0x00000000000064c2      0x4ad ./drivers/fsl_smc.o
 .debug_line    0x000000000000696f      0xa64 ./drivers/fsl_spi.o
 .debug_line    0x00000000000073d3      0xcd1 ./drivers/fsl_uart.o
 .debug_line    0x00000000000080a4      0x289 ./board/board.o
 .debug_line    0x000000000000832d      0x341 ./board/clock_config.o
 .debug_line    0x000000000000866e      0x413 ./board/frdm_kl25z.o
 .debug_line    0x0000000000008a81      0x490 ./board/pin_mux.o
 .debug_line    0x0000000000008f11      0x943 ./CMSIS_driver/fsl_i2c_cmsis.o
 .debug_line    0x0000000000009854      0x2ac ./CMSIS/system_MKL25Z4.o

.debug_str      0x0000000000000000     0x70f1
 .debug_str     0x0000000000000000      0xad8 ./utilities/fsl_debug_console.o
                                        0xb5e (size before relaxing)
 .debug_str     0x0000000000000ad8      0xb18 ./utilities/systick_utils.o
                                       0x138c (size before relaxing)
 .debug_str     0x00000000000015f0      0x375 ./startup/startup_mkl25z4.o
                                        0x4da (size before relaxing)
 .debug_str     0x0000000000001965      0xa96 ./source/accDataRead.o
                                       0x1cd6 (size before relaxing)
 .debug_str     0x00000000000023fb       0x1f ./source/semihost_hardfault.o
                                        0x164 (size before relaxing)
 .debug_str     0x000000000000241a       0xe2 ./sensors/mma845x_drv.o
                                        0x976 (size before relaxing)
 .debug_str     0x00000000000024fc      0x104 ./interface/register_io_i2c.o
                                       0x12fd (size before relaxing)
 .debug_str     0x0000000000002600       0xb4 ./interface/sensor_io_i2c.o
                                        0x615 (size before relaxing)
 .debug_str     0x00000000000026b4      0x56f ./gpio_driver/gpio_driver.o
                                       0x11ef (size before relaxing)
 .debug_str     0x0000000000002c23       0x54 ./gpio_driver/gpio_driver_irq.o
                                        0x41b (size before relaxing)
 .debug_str     0x0000000000002c77      0xa59 ./drivers/fsl_clock.o
                                       0x1805 (size before relaxing)
 .debug_str     0x00000000000036d0      0x741 ./drivers/fsl_dma.o
                                       0x1297 (size before relaxing)
 .debug_str     0x0000000000003e11       0x84 ./drivers/fsl_gpio.o
                                        0x82c (size before relaxing)
 .debug_str     0x0000000000003e95      0xb91 ./drivers/fsl_i2c.o
                                       0x178e (size before relaxing)
 .debug_str     0x0000000000004a26      0x91f ./drivers/fsl_lpsci.o
                                       0x15cd (size before relaxing)
 .debug_str     0x0000000000005345      0x3f8 ./drivers/fsl_smc.o
                                        0x701 (size before relaxing)
 .debug_str     0x000000000000573d      0x75f ./drivers/fsl_spi.o
                                       0x137d (size before relaxing)
 .debug_str     0x0000000000005e9c      0x819 ./drivers/fsl_uart.o
                                       0x15d9 (size before relaxing)
 .debug_str     0x00000000000066b5       0x4c ./board/board.o
                                        0x758 (size before relaxing)
 .debug_str     0x0000000000006701      0x1fb ./board/clock_config.o
                                        0xdd7 (size before relaxing)
 .debug_str     0x00000000000068fc       0x74 ./board/frdm_kl25z.o
                                        0xe75 (size before relaxing)
 .debug_str     0x0000000000006970      0x231 ./board/pin_mux.o
                                        0x890 (size before relaxing)
 .debug_str     0x0000000000006ba1      0x501 ./CMSIS_driver/fsl_i2c_cmsis.o
                                       0x14f8 (size before relaxing)
 .debug_str     0x00000000000070a2       0x4f ./CMSIS/system_MKL25Z4.o
                                        0x346 (size before relaxing)

.comment        0x0000000000000000       0x4c
 .comment       0x0000000000000000       0x4c ./utilities/fsl_debug_console.o
                                         0x4d (size before relaxing)
 .comment       0x000000000000004c       0x4d ./utilities/systick_utils.o
 .comment       0x000000000000004c       0x4d ./startup/startup_mkl25z4.o
 .comment       0x000000000000004c       0x4d ./source/accDataRead.o
 .comment       0x000000000000004c       0x4d ./source/semihost_hardfault.o
 .comment       0x000000000000004c       0x4d ./sensors/mma845x_drv.o
 .comment       0x000000000000004c       0x4d ./interface/register_io_i2c.o
 .comment       0x000000000000004c       0x4d ./interface/sensor_io_i2c.o
 .comment       0x000000000000004c       0x4d ./gpio_driver/gpio_driver.o
 .comment       0x000000000000004c       0x4d ./gpio_driver/gpio_driver_irq.o
 .comment       0x000000000000004c       0x4d ./drivers/fsl_clock.o
 .comment       0x000000000000004c       0x4d ./drivers/fsl_dma.o
 .comment       0x000000000000004c       0x4d ./drivers/fsl_gpio.o
 .comment       0x000000000000004c       0x4d ./drivers/fsl_i2c.o
 .comment       0x000000000000004c       0x4d ./drivers/fsl_lpsci.o
 .comment       0x000000000000004c       0x4d ./drivers/fsl_smc.o
 .comment       0x000000000000004c       0x4d ./drivers/fsl_spi.o
 .comment       0x000000000000004c       0x4d ./drivers/fsl_uart.o
 .comment       0x000000000000004c       0x4d ./board/board.o
 .comment       0x000000000000004c       0x4d ./board/clock_config.o
 .comment       0x000000000000004c       0x4d ./board/frdm_kl25z.o
 .comment       0x000000000000004c       0x4d ./board/pin_mux.o
 .comment       0x000000000000004c       0x4d ./CMSIS_driver/fsl_i2c_cmsis.o
 .comment       0x000000000000004c       0x4d ./CMSIS/system_MKL25Z4.o
 .comment       0x000000000000004c       0x4d /Applications/MCUXpressoIDE_11.3.0_5222/ide/plugins/com.nxp.mcuxpresso.tools.macosx_11.3.0.202011031536/tools/bin/../lib/gcc/arm-none-eabi/9.3.1/../../../../arm-none-eabi/lib/thumb/v6-m/nofp/libcr_semihost_nf.a(_cr__main.o)
 .comment       0x000000000000004c       0x4d /Applications/MCUXpressoIDE_11.3.0_5222/ide/plugins/com.nxp.mcuxpresso.tools.macosx_11.3.0.202011031536/tools/bin/../lib/gcc/arm-none-eabi/9.3.1/../../../../arm-none-eabi/lib/thumb/v6-m/nofp/libcr_semihost_nf.a(_cr_assert.o)
 .comment       0x000000000000004c       0x4d /Applications/MCUXpressoIDE_11.3.0_5222/ide/plugins/com.nxp.mcuxpresso.tools.macosx_11.3.0.202011031536/tools/bin/../lib/gcc/arm-none-eabi/9.3.1/../../../../arm-none-eabi/lib/thumb/v6-m/nofp/libcr_semihost_nf.a(__ciob.o)
 .comment       0x000000000000004c       0x4d /Applications/MCUXpressoIDE_11.3.0_5222/ide/plugins/com.nxp.mcuxpresso.tools.macosx_11.3.0.202011031536/tools/bin/../lib/gcc/arm-none-eabi/9.3.1/../../../../arm-none-eabi/lib/thumb/v6-m/nofp/libcr_c.a(memset.o)
 .comment       0x000000000000004c       0x4d /Applications/MCUXpressoIDE_11.3.0_5222/ide/plugins/com.nxp.mcuxpresso.tools.macosx_11.3.0.202011031536/tools/bin/../lib/gcc/arm-none-eabi/9.3.1/../../../../arm-none-eabi/lib/thumb/v6-m/nofp/libcr_c.a(_deferredlazyseek.o)
 .comment       0x000000000000004c       0x4d /Applications/MCUXpressoIDE_11.3.0_5222/ide/plugins/com.nxp.mcuxpresso.tools.macosx_11.3.0.202011031536/tools/bin/../lib/gcc/arm-none-eabi/9.3.1/../../../../arm-none-eabi/lib/thumb/v6-m/nofp/libcr_c.a(_fflush.o)
 .comment       0x000000000000004c       0x4d /Applications/MCUXpressoIDE_11.3.0_5222/ide/plugins/com.nxp.mcuxpresso.tools.macosx_11.3.0.202011031536/tools/bin/../lib/gcc/arm-none-eabi/9.3.1/../../../../arm-none-eabi/lib/thumb/v6-m/nofp/libcr_c.a(_writebuf.o)
 .comment       0x000000000000004c       0x4d /Applications/MCUXpressoIDE_11.3.0_5222/ide/plugins/com.nxp.mcuxpresso.tools.macosx_11.3.0.202011031536/tools/bin/../lib/gcc/arm-none-eabi/9.3.1/../../../../arm-none-eabi/lib/thumb/v6-m/nofp/libcr_c.a(alloc.o)
 .comment       0x000000000000004c       0x4d /Applications/MCUXpressoIDE_11.3.0_5222/ide/plugins/com.nxp.mcuxpresso.tools.macosx_11.3.0.202011031536/tools/bin/../lib/gcc/arm-none-eabi/9.3.1/../../../../arm-none-eabi/lib/thumb/v6-m/nofp/libcr_c.a(fputs.o)
 .comment       0x000000000000004c       0x4d /Applications/MCUXpressoIDE_11.3.0_5222/ide/plugins/com.nxp.mcuxpresso.tools.macosx_11.3.0.202011031536/tools/bin/../lib/gcc/arm-none-eabi/9.3.1/../../../../arm-none-eabi/lib/thumb/v6-m/nofp/libcr_c.a(fseek.o)
 .comment       0x000000000000004c       0x4d /Applications/MCUXpressoIDE_11.3.0_5222/ide/plugins/com.nxp.mcuxpresso.tools.macosx_11.3.0.202011031536/tools/bin/../lib/gcc/arm-none-eabi/9.3.1/../../../../arm-none-eabi/lib/thumb/v6-m/nofp/libcr_c.a(ftell.o)
 .comment       0x000000000000004c       0x4d /Applications/MCUXpressoIDE_11.3.0_5222/ide/plugins/com.nxp.mcuxpresso.tools.macosx_11.3.0.202011031536/tools/bin/../lib/gcc/arm-none-eabi/9.3.1/../../../../arm-none-eabi/lib/thumb/v6-m/nofp/libcr_c.a(initio.o)
 .comment       0x000000000000004c       0x4d /Applications/MCUXpressoIDE_11.3.0_5222/ide/plugins/com.nxp.mcuxpresso.tools.macosx_11.3.0.202011031536/tools/bin/../lib/gcc/arm-none-eabi/9.3.1/../../../../arm-none-eabi/lib/thumb/v6-m/nofp/libcr_c.a(printf.o)
 .comment       0x000000000000004c       0x4d /Applications/MCUXpressoIDE_11.3.0_5222/ide/plugins/com.nxp.mcuxpresso.tools.macosx_11.3.0.202011031536/tools/bin/../lib/gcc/arm-none-eabi/9.3.1/../../../../arm-none-eabi/lib/thumb/v6-m/nofp/libcr_c.a(setvbuf.o)
 .comment       0x000000000000004c       0x4d /Applications/MCUXpressoIDE_11.3.0_5222/ide/plugins/com.nxp.mcuxpresso.tools.macosx_11.3.0.202011031536/tools/bin/../lib/gcc/arm-none-eabi/9.3.1/../../../../arm-none-eabi/lib/thumb/v6-m/nofp/libcr_c.a(strlen.o)
 .comment       0x000000000000004c       0x4d /Applications/MCUXpressoIDE_11.3.0_5222/ide/plugins/com.nxp.mcuxpresso.tools.macosx_11.3.0.202011031536/tools/bin/../lib/gcc/arm-none-eabi/9.3.1/../../../../arm-none-eabi/lib/thumb/v6-m/nofp/libcr_c.a(__init_alloc.o)
 .comment       0x000000000000004c       0x4d /Applications/MCUXpressoIDE_11.3.0_5222/ide/plugins/com.nxp.mcuxpresso.tools.macosx_11.3.0.202011031536/tools/bin/../lib/gcc/arm-none-eabi/9.3.1/../../../../arm-none-eabi/lib/thumb/v6-m/nofp/libcr_c.a(_cr_sbrk.o)
 .comment       0x000000000000004c       0x4d /Applications/MCUXpressoIDE_11.3.0_5222/ide/plugins/com.nxp.mcuxpresso.tools.macosx_11.3.0.202011031536/tools/bin/../lib/gcc/arm-none-eabi/9.3.1/../../../../arm-none-eabi/lib/thumb/v6-m/nofp/libcr_c.a(_fdopen.o)
 .comment       0x000000000000004c       0x4d /Applications/MCUXpressoIDE_11.3.0_5222/ide/plugins/com.nxp.mcuxpresso.tools.macosx_11.3.0.202011031536/tools/bin/../lib/gcc/arm-none-eabi/9.3.1/../../../../arm-none-eabi/lib/thumb/v6-m/nofp/libcr_c.a(errno.o)
 .comment       0x000000000000004c       0x4d /Applications/MCUXpressoIDE_11.3.0_5222/ide/plugins/com.nxp.mcuxpresso.tools.macosx_11.3.0.202011031536/tools/bin/../lib/gcc/arm-none-eabi/9.3.1/../../../../arm-none-eabi/lib/thumb/v6-m/nofp/libcr_c.a(fclose.o)
 .comment       0x000000000000004c       0x4d /Applications/MCUXpressoIDE_11.3.0_5222/ide/plugins/com.nxp.mcuxpresso.tools.macosx_11.3.0.202011031536/tools/bin/../lib/gcc/arm-none-eabi/9.3.1/../../../../arm-none-eabi/lib/thumb/v6-m/nofp/libcr_c.a(fflush.o)
 .comment       0x000000000000004c       0x4d /Applications/MCUXpressoIDE_11.3.0_5222/ide/plugins/com.nxp.mcuxpresso.tools.macosx_11.3.0.202011031536/tools/bin/../lib/gcc/arm-none-eabi/9.3.1/../../../../arm-none-eabi/lib/thumb/v6-m/nofp/libcr_c.a(remove.o)
 .comment       0x000000000000004c       0x4d /Applications/MCUXpressoIDE_11.3.0_5222/ide/plugins/com.nxp.mcuxpresso.tools.macosx_11.3.0.202011031536/tools/bin/../lib/gcc/arm-none-eabi/9.3.1/../../../../arm-none-eabi/lib/thumb/v6-m/nofp/libcr_c.a(_cr_check_heap.o)
 .comment       0x000000000000004c       0x4d /Applications/MCUXpressoIDE_11.3.0_5222/ide/plugins/com.nxp.mcuxpresso.tools.macosx_11.3.0.202011031536/tools/bin/../lib/gcc/arm-none-eabi/9.3.1/../../../../arm-none-eabi/lib/thumb/v6-m/nofp/libcr_c.a(_do_fflush.o)

.ARM.attributes
                0x0000000000000000       0x2a
 .ARM.attributes
                0x0000000000000000       0x2c ./utilities/fsl_debug_console.o
 .ARM.attributes
                0x000000000000002c       0x2c ./utilities/systick_utils.o
 .ARM.attributes
                0x0000000000000058       0x2c ./startup/startup_mkl25z4.o
 .ARM.attributes
                0x0000000000000084       0x2c ./source/accDataRead.o
 .ARM.attributes
                0x00000000000000b0       0x2c ./source/semihost_hardfault.o
 .ARM.attributes
                0x00000000000000dc       0x2c ./sensors/mma845x_drv.o
 .ARM.attributes
                0x0000000000000108       0x2c ./interface/register_io_i2c.o
 .ARM.attributes
                0x0000000000000134       0x2c ./interface/sensor_io_i2c.o
 .ARM.attributes
                0x0000000000000160       0x2c ./gpio_driver/gpio_driver.o
 .ARM.attributes
                0x000000000000018c       0x2c ./gpio_driver/gpio_driver_irq.o
 .ARM.attributes
                0x00000000000001b8       0x2c ./drivers/fsl_clock.o
 .ARM.attributes
                0x00000000000001e4       0x2c ./drivers/fsl_dma.o
 .ARM.attributes
                0x0000000000000210       0x2c ./drivers/fsl_gpio.o
 .ARM.attributes
                0x000000000000023c       0x2c ./drivers/fsl_i2c.o
 .ARM.attributes
                0x0000000000000268       0x2c ./drivers/fsl_lpsci.o
 .ARM.attributes
                0x0000000000000294       0x2c ./drivers/fsl_smc.o
 .ARM.attributes
                0x00000000000002c0       0x2c ./drivers/fsl_spi.o
 .ARM.attributes
                0x00000000000002ec       0x2c ./drivers/fsl_uart.o
 .ARM.attributes
                0x0000000000000318       0x2c ./board/board.o
 .ARM.attributes
                0x0000000000000344       0x2c ./board/clock_config.o
 .ARM.attributes
                0x0000000000000370       0x2c ./board/frdm_kl25z.o
 .ARM.attributes
                0x000000000000039c       0x2c ./board/pin_mux.o
 .ARM.attributes
                0x00000000000003c8       0x2c ./CMSIS_driver/fsl_i2c_cmsis.o
 .ARM.attributes
                0x00000000000003f4       0x2c ./CMSIS/system_MKL25Z4.o
 .ARM.attributes
                0x0000000000000420       0x2c /Applications/MCUXpressoIDE_11.3.0_5222/ide/plugins/com.nxp.mcuxpresso.tools.macosx_11.3.0.202011031536/tools/bin/../lib/gcc/arm-none-eabi/9.3.1/../../../../arm-none-eabi/lib/thumb/v6-m/nofp/libcr_semihost_nf.a(_cr__main.o)
 .ARM.attributes
                0x000000000000044c       0x2c /Applications/MCUXpressoIDE_11.3.0_5222/ide/plugins/com.nxp.mcuxpresso.tools.macosx_11.3.0.202011031536/tools/bin/../lib/gcc/arm-none-eabi/9.3.1/../../../../arm-none-eabi/lib/thumb/v6-m/nofp/libcr_semihost_nf.a(_cr_assert.o)
 .ARM.attributes
                0x0000000000000478       0x31 /Applications/MCUXpressoIDE_11.3.0_5222/ide/plugins/com.nxp.mcuxpresso.tools.macosx_11.3.0.202011031536/tools/bin/../lib/gcc/arm-none-eabi/9.3.1/../../../../arm-none-eabi/lib/thumb/v6-m/nofp/libcr_semihost_nf.a(__ciob.o)
 .ARM.attributes
                0x00000000000004a9       0x1c /Applications/MCUXpressoIDE_11.3.0_5222/ide/plugins/com.nxp.mcuxpresso.tools.macosx_11.3.0.202011031536/tools/bin/../lib/gcc/arm-none-eabi/9.3.1/../../../../arm-none-eabi/lib/thumb/v6-m/nofp/libcr_semihost_nf.a(__sys_appexit.o)
 .ARM.attributes
                0x00000000000004c5       0x2c /Applications/MCUXpressoIDE_11.3.0_5222/ide/plugins/com.nxp.mcuxpresso.tools.macosx_11.3.0.202011031536/tools/bin/../lib/gcc/arm-none-eabi/9.3.1/../../../../arm-none-eabi/lib/thumb/v6-m/nofp/libcr_c.a(memset.o)
 .ARM.attributes
                0x00000000000004f1       0x2c /Applications/MCUXpressoIDE_11.3.0_5222/ide/plugins/com.nxp.mcuxpresso.tools.macosx_11.3.0.202011031536/tools/bin/../lib/gcc/arm-none-eabi/9.3.1/../../../../arm-none-eabi/lib/thumb/v6-m/nofp/libcr_c.a(_deferredlazyseek.o)
 .ARM.attributes
                0x000000000000051d       0x2c /Applications/MCUXpressoIDE_11.3.0_5222/ide/plugins/com.nxp.mcuxpresso.tools.macosx_11.3.0.202011031536/tools/bin/../lib/gcc/arm-none-eabi/9.3.1/../../../../arm-none-eabi/lib/thumb/v6-m/nofp/libcr_c.a(_fflush.o)
 .ARM.attributes
                0x0000000000000549       0x2c /Applications/MCUXpressoIDE_11.3.0_5222/ide/plugins/com.nxp.mcuxpresso.tools.macosx_11.3.0.202011031536/tools/bin/../lib/gcc/arm-none-eabi/9.3.1/../../../../arm-none-eabi/lib/thumb/v6-m/nofp/libcr_c.a(_writebuf.o)
 .ARM.attributes
                0x0000000000000575       0x2c /Applications/MCUXpressoIDE_11.3.0_5222/ide/plugins/com.nxp.mcuxpresso.tools.macosx_11.3.0.202011031536/tools/bin/../lib/gcc/arm-none-eabi/9.3.1/../../../../arm-none-eabi/lib/thumb/v6-m/nofp/libcr_c.a(alloc.o)
 .ARM.attributes
                0x00000000000005a1       0x2c /Applications/MCUXpressoIDE_11.3.0_5222/ide/plugins/com.nxp.mcuxpresso.tools.macosx_11.3.0.202011031536/tools/bin/../lib/gcc/arm-none-eabi/9.3.1/../../../../arm-none-eabi/lib/thumb/v6-m/nofp/libcr_c.a(fputs.o)
 .ARM.attributes
                0x00000000000005cd       0x2c /Applications/MCUXpressoIDE_11.3.0_5222/ide/plugins/com.nxp.mcuxpresso.tools.macosx_11.3.0.202011031536/tools/bin/../lib/gcc/arm-none-eabi/9.3.1/../../../../arm-none-eabi/lib/thumb/v6-m/nofp/libcr_c.a(fseek.o)
 .ARM.attributes
                0x00000000000005f9       0x2c /Applications/MCUXpressoIDE_11.3.0_5222/ide/plugins/com.nxp.mcuxpresso.tools.macosx_11.3.0.202011031536/tools/bin/../lib/gcc/arm-none-eabi/9.3.1/../../../../arm-none-eabi/lib/thumb/v6-m/nofp/libcr_c.a(ftell.o)
 .ARM.attributes
                0x0000000000000625       0x2c /Applications/MCUXpressoIDE_11.3.0_5222/ide/plugins/com.nxp.mcuxpresso.tools.macosx_11.3.0.202011031536/tools/bin/../lib/gcc/arm-none-eabi/9.3.1/../../../../arm-none-eabi/lib/thumb/v6-m/nofp/libcr_c.a(initio.o)
 .ARM.attributes
                0x0000000000000651       0x2c /Applications/MCUXpressoIDE_11.3.0_5222/ide/plugins/com.nxp.mcuxpresso.tools.macosx_11.3.0.202011031536/tools/bin/../lib/gcc/arm-none-eabi/9.3.1/../../../../arm-none-eabi/lib/thumb/v6-m/nofp/libcr_c.a(printf.o)
 .ARM.attributes
                0x000000000000067d       0x2c /Applications/MCUXpressoIDE_11.3.0_5222/ide/plugins/com.nxp.mcuxpresso.tools.macosx_11.3.0.202011031536/tools/bin/../lib/gcc/arm-none-eabi/9.3.1/../../../../arm-none-eabi/lib/thumb/v6-m/nofp/libcr_c.a(setvbuf.o)
 .ARM.attributes
                0x00000000000006a9       0x2c /Applications/MCUXpressoIDE_11.3.0_5222/ide/plugins/com.nxp.mcuxpresso.tools.macosx_11.3.0.202011031536/tools/bin/../lib/gcc/arm-none-eabi/9.3.1/../../../../arm-none-eabi/lib/thumb/v6-m/nofp/libcr_c.a(strlen.o)
 .ARM.attributes
                0x00000000000006d5       0x2c /Applications/MCUXpressoIDE_11.3.0_5222/ide/plugins/com.nxp.mcuxpresso.tools.macosx_11.3.0.202011031536/tools/bin/../lib/gcc/arm-none-eabi/9.3.1/../../../../arm-none-eabi/lib/thumb/v6-m/nofp/libcr_c.a(__init_alloc.o)
 .ARM.attributes
                0x0000000000000701       0x2c /Applications/MCUXpressoIDE_11.3.0_5222/ide/plugins/com.nxp.mcuxpresso.tools.macosx_11.3.0.202011031536/tools/bin/../lib/gcc/arm-none-eabi/9.3.1/../../../../arm-none-eabi/lib/thumb/v6-m/nofp/libcr_c.a(_cr_sbrk.o)
 .ARM.attributes
                0x000000000000072d       0x2c /Applications/MCUXpressoIDE_11.3.0_5222/ide/plugins/com.nxp.mcuxpresso.tools.macosx_11.3.0.202011031536/tools/bin/../lib/gcc/arm-none-eabi/9.3.1/../../../../arm-none-eabi/lib/thumb/v6-m/nofp/libcr_c.a(_fdopen.o)
 .ARM.attributes
                0x0000000000000759       0x31 /Applications/MCUXpressoIDE_11.3.0_5222/ide/plugins/com.nxp.mcuxpresso.tools.macosx_11.3.0.202011031536/tools/bin/../lib/gcc/arm-none-eabi/9.3.1/../../../../arm-none-eabi/lib/thumb/v6-m/nofp/libcr_c.a(errno.o)
 .ARM.attributes
                0x000000000000078a       0x2c /Applications/MCUXpressoIDE_11.3.0_5222/ide/plugins/com.nxp.mcuxpresso.tools.macosx_11.3.0.202011031536/tools/bin/../lib/gcc/arm-none-eabi/9.3.1/../../../../arm-none-eabi/lib/thumb/v6-m/nofp/libcr_c.a(fclose.o)
 .ARM.attributes
                0x00000000000007b6       0x2c /Applications/MCUXpressoIDE_11.3.0_5222/ide/plugins/com.nxp.mcuxpresso.tools.macosx_11.3.0.202011031536/tools/bin/../lib/gcc/arm-none-eabi/9.3.1/../../../../arm-none-eabi/lib/thumb/v6-m/nofp/libcr_c.a(fflush.o)
 .ARM.attributes
                0x00000000000007e2       0x2c /Applications/MCUXpressoIDE_11.3.0_5222/ide/plugins/com.nxp.mcuxpresso.tools.macosx_11.3.0.202011031536/tools/bin/../lib/gcc/arm-none-eabi/9.3.1/../../../../arm-none-eabi/lib/thumb/v6-m/nofp/libcr_c.a(remove.o)
 .ARM.attributes
                0x000000000000080e       0x2c /Applications/MCUXpressoIDE_11.3.0_5222/ide/plugins/com.nxp.mcuxpresso.tools.macosx_11.3.0.202011031536/tools/bin/../lib/gcc/arm-none-eabi/9.3.1/../../../../arm-none-eabi/lib/thumb/v6-m/nofp/libcr_c.a(_cr_check_heap.o)
 .ARM.attributes
                0x000000000000083a       0x2c /Applications/MCUXpressoIDE_11.3.0_5222/ide/plugins/com.nxp.mcuxpresso.tools.macosx_11.3.0.202011031536/tools/bin/../lib/gcc/arm-none-eabi/9.3.1/../../../../arm-none-eabi/lib/thumb/v6-m/nofp/libcr_c.a(_do_fflush.o)
 .ARM.attributes
                0x0000000000000866       0x1c /Applications/MCUXpressoIDE_11.3.0_5222/ide/plugins/com.nxp.mcuxpresso.tools.macosx_11.3.0.202011031536/tools/bin/../lib/gcc/arm-none-eabi/9.3.1/thumb/v6-m/nofp/libcr_eabihelpers.a(division_32.o)
 .ARM.attributes
                0x0000000000000882       0x1c /Applications/MCUXpressoIDE_11.3.0_5222/ide/plugins/com.nxp.mcuxpresso.tools.macosx_11.3.0.202011031536/tools/bin/../lib/gcc/arm-none-eabi/9.3.1/thumb/v6-m/nofp/libcr_eabihelpers.a(division_idiv0.o)
 .ARM.attributes
                0x000000000000089e       0x1c /Applications/MCUXpressoIDE_11.3.0_5222/ide/plugins/com.nxp.mcuxpresso.tools.macosx_11.3.0.202011031536/tools/bin/../lib/gcc/arm-none-eabi/9.3.1/thumb/v6-m/nofp/libcr_eabihelpers.a(llong.o)
 .ARM.attributes
                0x00000000000008ba       0x1c /Applications/MCUXpressoIDE_11.3.0_5222/ide/plugins/com.nxp.mcuxpresso.tools.macosx_11.3.0.202011031536/tools/bin/../lib/gcc/arm-none-eabi/9.3.1/thumb/v6-m/nofp/libcr_eabihelpers.a(memcpy.o)
 .ARM.attributes
                0x00000000000008d6       0x1c /Applications/MCUXpressoIDE_11.3.0_5222/ide/plugins/com.nxp.mcuxpresso.tools.macosx_11.3.0.202011031536/tools/bin/../lib/gcc/arm-none-eabi/9.3.1/thumb/v6-m/nofp/libcr_eabihelpers.a(thumb1_switch_helpers.o)
 .ARM.attributes
                0x00000000000008f2       0x1c /Applications/MCUXpressoIDE_11.3.0_5222/ide/plugins/com.nxp.mcuxpresso.tools.macosx_11.3.0.202011031536/tools/bin/../lib/gcc/arm-none-eabi/9.3.1/../../../../arm-none-eabi/lib/thumb/v6-m/nofp/libcr_semihost_nf.a(__sys_close.o)
 .ARM.attributes