Archive member included to satisfy reference by file (symbol)

/Applications/MCUXpressoIDE_11.3.0_5222/ide/plugins/com.nxp.mcuxpresso.tools.macosx_11.3.0.202011031536/tools/bin/../lib/gcc/arm-none-eabi/9.3.1/../../../../arm-none-eabi/lib/thumb/v6-m/nofp/libcr_semihost_nf.a(_cr__main.o)
                              ./startup/startup_mkl25z4.o (__main)
/Applications/MCUXpressoIDE_11.3.0_5222/ide/plugins/com.nxp.mcuxpresso.tools.macosx_11.3.0.202011031536/tools/bin/../lib/gcc/arm-none-eabi/9.3.1/../../../../arm-none-eabi/lib/thumb/v6-m/nofp/libcr_semihost_nf.a(_cr_assert.o)
                              ./gpio_driver/gpio_driver.o (__assertion_failed)
/Applications/MCUXpressoIDE_11.3.0_5222/ide/plugins/com.nxp.mcuxpresso.tools.macosx_11.3.0.202011031536/tools/bin/../lib/gcc/arm-none-eabi/9.3.1/../../../../arm-none-eabi/lib/thumb/v6-m/nofp/libcr_semihost_nf.a(__ciob.o)
                              /Applications/MCUXpressoIDE_11.3.0_5222/ide/plugins/com.nxp.mcuxpresso.tools.macosx_11.3.0.202011031536/tools/bin/../lib/gcc/arm-none-eabi/9.3.1/../../../../arm-none-eabi/lib/thumb/v6-m/nofp/libcr_semihost_nf.a(_cr_assert.o) (__Ciob)
/Applications/MCUXpressoIDE_11.3.0_5222/ide/plugins/com.nxp.mcuxpresso.tools.macosx_11.3.0.202011031536/tools/bin/../lib/gcc/arm-none-eabi/9.3.1/../../../../arm-none-eabi/lib/thumb/v6-m/nofp/libcr_semihost_nf.a(__sys_appexit.o)
                              /Applications/MCUXpressoIDE_11.3.0_5222/ide/plugins/com.nxp.mcuxpresso.tools.macosx_11.3.0.202011031536/tools/bin/../lib/gcc/arm-none-eabi/9.3.1/../../../../arm-none-eabi/lib/thumb/v6-m/nofp/libcr_semihost_nf.a(_cr_assert.o) (__sys_appexit)
/Applications/MCUXpressoIDE_11.3.0_5222/ide/plugins/com.nxp.mcuxpresso.tools.macosx_11.3.0.202011031536/tools/bin/../lib/gcc/arm-none-eabi/9.3.1/../../../../arm-none-eabi/lib/thumb/v6-m/nofp/libcr_c.a(memcpy.o)
                              ./interface/register_io_i2c.o (memcpy)
/Applications/MCUXpressoIDE_11.3.0_5222/ide/plugins/com.nxp.mcuxpresso.tools.macosx_11.3.0.202011031536/tools/bin/../lib/gcc/arm-none-eabi/9.3.1/../../../../arm-none-eabi/lib/thumb/v6-m/nofp/libcr_c.a(memset.o)
                              ./drivers/fsl_dma.o (memset)
/Applications/MCUXpressoIDE_11.3.0_5222/ide/plugins/com.nxp.mcuxpresso.tools.macosx_11.3.0.202011031536/tools/bin/../lib/gcc/arm-none-eabi/9.3.1/../../../../arm-none-eabi/lib/thumb/v6-m/nofp/libcr_c.a(_deferredlazyseek.o)
                              /Applications/MCUXpressoIDE_11.3.0_5222/ide/plugins/com.nxp.mcuxpresso.tools.macosx_11.3.0.202011031536/tools/bin/../lib/gcc/arm-none-eabi/9.3.1/../../../../arm-none-eabi/lib/thumb/v6-m/nofp/libcr_semihost_nf.a(_cr_assert.o) (__flsbuf)
/Applications/MCUXpressoIDE_11.3.0_5222/ide/plugins/com.nxp.mcuxpresso.tools.macosx_11.3.0.202011031536/tools/bin/../lib/gcc/arm-none-eabi/9.3.1/../../../../arm-none-eabi/lib/thumb/v6-m/nofp/libcr_c.a(_fflush.o)
                              /Applications/MCUXpressoIDE_11.3.0_5222/ide/plugins/com.nxp.mcuxpresso.tools.macosx_11.3.0.202011031536/tools/bin/../lib/gcc/arm-none-eabi/9.3.1/../../../../arm-none-eabi/lib/thumb/v6-m/nofp/libcr_c.a(_deferredlazyseek.o) (_fflush)
/Applications/MCUXpressoIDE_11.3.0_5222/ide/plugins/com.nxp.mcuxpresso.tools.macosx_11.3.0.202011031536/tools/bin/../lib/gcc/arm-none-eabi/9.3.1/../../../../arm-none-eabi/lib/thumb/v6-m/nofp/libcr_c.a(_writebuf.o)
                              /Applications/MCUXpressoIDE_11.3.0_5222/ide/plugins/com.nxp.mcuxpresso.tools.macosx_11.3.0.202011031536/tools/bin/../lib/gcc/arm-none-eabi/9.3.1/../../../../arm-none-eabi/lib/thumb/v6-m/nofp/libcr_c.a(_deferredlazyseek.o) (_Cwritebuf)
/Applications/MCUXpressoIDE_11.3.0_5222/ide/plugins/com.nxp.mcuxpresso.tools.macosx_11.3.0.202011031536/tools/bin/../lib/gcc/arm-none-eabi/9.3.1/../../../../arm-none-eabi/lib/thumb/v6-m/nofp/libcr_c.a(alloc.o)
                              ./interface/register_io_i2c.o (malloc)
/Applications/MCUXpressoIDE_11.3.0_5222/ide/plugins/com.nxp.mcuxpresso.tools.macosx_11.3.0.202011031536/tools/bin/../lib/gcc/arm-none-eabi/9.3.1/../../../../arm-none-eabi/lib/thumb/v6-m/nofp/libcr_c.a(fputs.o)
                              /Applications/MCUXpressoIDE_11.3.0_5222/ide/plugins/com.nxp.mcuxpresso.tools.macosx_11.3.0.202011031536/tools/bin/../lib/gcc/arm-none-eabi/9.3.1/../../../../arm-none-eabi/lib/thumb/v6-m/nofp/libcr_semihost_nf.a(_cr_assert.o) (fputs)
/Applications/MCUXpressoIDE_11.3.0_5222/ide/plugins/com.nxp.mcuxpresso.tools.macosx_11.3.0.202011031536/tools/bin/../lib/gcc/arm-none-eabi/9.3.1/../../../../arm-none-eabi/lib/thumb/v6-m/nofp/libcr_c.a(fseek.o)
                              /Applications/MCUXpressoIDE_11.3.0_5222/ide/plugins/com.nxp.mcuxpresso.tools.macosx_11.3.0.202011031536/tools/bin/../lib/gcc/arm-none-eabi/9.3.1/../../../../arm-none-eabi/lib/thumb/v6-m/nofp/libcr_c.a(_deferredlazyseek.o) (fseek)
[...]
Memory Configuration

Name             Origin             Length             Attributes
PROGRAM_FLASH    0x0000000000000000 0x0000000000020000 xr
SRAM             0x000000001ffff000 0x0000000000004000 xrw
*default*        0x0000000000000000 0xffffffffffffffff

Linker script and memory map

LOAD ./utilities/fsl_debug_console.o
LOAD ./utilities/systick_utils.o
LOAD ./startup/startup_mkl25z4.o
LOAD ./source/accDataRead.o
LOAD ./source/semihost_hardfault.o
LOAD ./sensors/mma845x_drv.o
LOAD ./interface/register_io_i2c.o
LOAD ./interface/register_io_spi.o
LOAD ./interface/sensor_io_i2c.o
LOAD ./interface/sensor_io_spi.o
LOAD ./gpio_driver/gpio_driver.o
LOAD ./gpio_driver/gpio_driver_irq.o
LOAD ./drivers/fsl_clock.o
LOAD ./drivers/fsl_common.o
LOAD ./drivers/fsl_dma.o
LOAD ./drivers/fsl_dmamux.o
LOAD ./drivers/fsl_flash.o
LOAD ./drivers/fsl_gpio.o
LOAD ./drivers/fsl_i2c.o
LOAD ./drivers/fsl_i2c_dma.o
LOAD ./drivers/fsl_lpsci.o
LOAD ./drivers/fsl_lpsci_dma.o
LOAD ./drivers/fsl_lptmr.o
LOAD ./drivers/fsl_smc.o
LOAD ./drivers/fsl_spi.o
LOAD ./drivers/fsl_spi_dma.o
LOAD ./drivers/fsl_uart.o
LOAD ./drivers/fsl_uart_dma.o
LOAD ./board/board.o
LOAD ./board/clock_config.o
LOAD ./board/frdm_kl25z.o
LOAD ./board/pin_mux.o
LOAD ./CMSIS_driver/fsl_i2c_cmsis.o
LOAD ./CMSIS_driver/fsl_lpsci_cmsis.o
LOAD ./CMSIS_driver/fsl_spi_cmsis.o
LOAD ./CMSIS/system_MKL25Z4.o
START GROUP
LOAD /Applications/MCUXpressoIDE_11.3.0_5222/ide/plugins/com.nxp.mcuxpresso.tools.macosx_11.3.0.202011031536/tools/bin/../lib/gcc/arm-none-eabi/9.3.1/../../../../arm-none-eabi/lib/thumb/v6-m/nofp/libcr_semihost_nf.a
LOAD /Applications/MCUXpressoIDE_11.3.0_5222/ide/plugins/com.nxp.mcuxpresso.tools.macosx_11.3.0.202011031536/tools/bin/../lib/gcc/arm-none-eabi/9.3.1/../../../../arm-none-eabi/lib/thumb/v6-m/nofp/libcr_c.a
LOAD /Applications/MCUXpressoIDE_11.3.0_5222/ide/plugins/com.nxp.mcuxpresso.tools.macosx_11.3.0.202011031536/tools/bin/../lib/gcc/arm-none-eabi/9.3.1/thumb/v6-m/nofp/libcr_eabihelpers.a
LOAD /Applications/MCUXpressoIDE_11.3.0_5222/ide/plugins/com.nxp.mcuxpresso.tools.macosx_11.3.0.202011031536/tools/bin/../lib/gcc/arm-none-eabi/9.3.1/thumb/v6-m/nofp/libgcc.a
END GROUP
                0x0000000000000000                __base_PROGRAM_FLASH = 0x0
                0x0000000000000000                __base_Flash = 0x0
                0x0000000000020000                __top_PROGRAM_FLASH = 0x20000
                0x0000000000020000                __top_Flash = 0x20000
                0x000000001ffff000                __base_SRAM = 0x1ffff000
                0x000000001ffff000                __base_RAM = 0x1ffff000
                0x0000000020003000                __top_SRAM = 0x20003000
                0x0000000020003000                __top_RAM = 0x20003000

.text           0x0000000000000000     0x621c
 FILL mask 0xff
                0x0000000000000000                __vectors_start__ = ABSOLUTE (.)
 *(SORT_BY_ALIGNMENT(.isr_vector))
 .isr_vector    0x0000000000000000       0xc0 ./startup/startup_mkl25z4.o
                0x0000000000000000                __Vectors
                0x0000000000000000                g_pfnVectors
                0x00000000000000c0                . = ALIGN (0x4)
                0x00000000000000c0                __section_table_start = .
                0x00000000000000c0                __data_section_table = .
                0x00000000000000c0        0x4 LONG 0x621c LOADADDR (.data)
                0x00000000000000c4        0x4 LONG 0x1ffff000 ADDR (.data)
                0x00000000000000c8        0x4 LONG 0x28 SIZEOF (.data)
                0x00000000000000cc                __data_section_table_end = .
                0x00000000000000cc                __bss_section_table = .
                0x00000000000000cc        0x4 LONG 0x1ffff028 ADDR (.bss)
                0x00000000000000d0        0x4 LONG 0x674 SIZEOF (.bss)
                0x00000000000000d4                __bss_section_table_end = .
                0x00000000000000d4                __section_table_end = .
 *(SORT_BY_ALIGNMENT(.after_vectors*))
 .after_vectors.reset
                0x00000000000000d4       0x4c ./startup/startup_mkl25z4.o
                0x00000000000000d4                ResetISR
 .after_vectors.init_data
                0x0000000000000120       0x12 ./startup/startup_mkl25z4.o
                0x0000000000000120                data_init
 .after_vectors.init_bss
                0x0000000000000132       0x10 ./startup/startup_mkl25z4.o
                0x0000000000000132                bss_init
 .after_vectors
                0x0000000000000142      0x10c ./startup/startup_mkl25z4.o
                0x0000000000000142                NMI_Handler
                0x0000000000000146                SVC_Handler
                0x0000000000000148                PendSV_Handler
                0x000000000000014c                LPTMR0_DriverIRQHandler
                0x000000000000014c                PORTD_DriverIRQHandler
                0x000000000000014c                CMP0_DriverIRQHandler
                0x000000000000014c                ADC0_DriverIRQHandler
                0x000000000000014c                TPM2_DriverIRQHandler
                0x000000000000014c                LVD_LVW_DriverIRQHandler
                0x000000000000014c                Reserved39_DriverIRQHandler
                0x000000000000014c                PIT_DriverIRQHandler
                0x000000000000014c                TPM0_DriverIRQHandler
                0x000000000000014c                TSI0_DriverIRQHandler
                0x000000000000014c                RTC_Seconds_DriverIRQHandler
                0x000000000000014c                RTC_DriverIRQHandler
                0x000000000000014c                TPM1_DriverIRQHandler
                0x000000000000014c                LLWU_DriverIRQHandler
                0x000000000000014c                MCG_DriverIRQHandler
                0x000000000000014c                PORTA_DriverIRQHandler
                0x000000000000014c                Reserved45_DriverIRQHandler
                0x000000000000014c                Reserved20_DriverIRQHandler
                0x000000000000014c                FTFA_DriverIRQHandler
                0x000000000000014c                IntDefaultHandler
                0x000000000000014c                USB0_DriverIRQHandler
                0x000000000000014c                DAC0_DriverIRQHandler
                0x000000000000014e                DMA0_IRQHandler
                0x0000000000000156                DMA1_IRQHandler
                0x000000000000015e                DMA2_IRQHandler
                0x0000000000000166                DMA3_IRQHandler
                0x000000000000016e                Reserved20_IRQHandler
                0x0000000000000176                FTFA_IRQHandler
                0x000000000000017e                LVD_LVW_IRQHandler
                0x0000000000000186                LLWU_IRQHandler
                0x000000000000018e                I2C0_IRQHandler
                0x0000000000000196                I2C1_IRQHandler
                0x000000000000019e                SPI0_IRQHandler
                0x00000000000001a6                SPI1_IRQHandler
                0x00000000000001ae                UART0_IRQHandler
                0x00000000000001b6                UART1_IRQHandler
                0x00000000000001be                UART2_IRQHandler
                0x00000000000001c6                ADC0_IRQHandler
                0x00000000000001ce                CMP0_IRQHandler
                0x00000000000001d6                TPM0_IRQHandler
                0x00000000000001de                TPM1_IRQHandler
                0x00000000000001e6                TPM2_IRQHandler
                0x00000000000001ee                RTC_IRQHandler
                0x00000000000001f6                RTC_Seconds_IRQHandler
                0x0000000000000206                Reserved39_IRQHandler
                0x000000000000020e                USB0_IRQHandler
                0x0000000000000216                DAC0_IRQHandler
                0x000000000000021e                TSI0_IRQHandler
                0x0000000000000226                MCG_IRQHandler
                0x000000000000022e                LPTMR0_IRQHandler
                0x0000000000000236                Reserved45_IRQHandler
                0x0000000000000400                . = 0x400
 *fill*         0x000000000000024e      0x1b2 ff
                0x0000000000000400                PROVIDE (__FLASH_CONFIG_START__ = .)
 *(SORT_BY_ALIGNMENT(.FlashConfig))
 .FlashConfig   0x0000000000000400       0x10 ./startup/startup_mkl25z4.o
                0x0000000000000400                Flash_Config
                0x0000000000000410                PROVIDE (__FLASH_CONFIG_END__ = .)
                0x0000000000000001                ASSERT (! ((__FLASH_CONFIG_START__ == __FLASH_CONFIG_END__)), Linker Flash Config Support Enabled, but no .FlashConfig section provided within application)
 *(SORT_BY_ALIGNMENT(.text*))
 .text.DbgConsole_Init
                0x0000000000000410       0xf4 ./utilities/fsl_debug_console.o
                0x0000000000000410                DbgConsole_Init
 .text.SysTick_Handler
                0x0000000000000504       0x18 ./utilities/systick_utils.o
                0x0000000000000504                SysTick_Handler
 .text.NVIC_EnableIRQ
                0x000000000000051c       0x2c ./source/accDataRead.o
 .text.PIT_IRQHandler
                0x0000000000000548       0xc4 ./source/accDataRead.o
                0x0000000000000548                PIT_IRQHandler
 .text.main     0x000000000000060c      0x380 ./source/accDataRead.o
                0x000000000000060c                main
 .text.HardFault_Handler
                0x000000000000098c       0x30 ./source/semihost_hardfault.o
                0x000000000000098c                HardFault_Handler
 .text.I2C0_SignalEvent_t
                0x00000000000009bc       0x2c ./interface/register_io_i2c.o
                0x00000000000009bc                I2C0_SignalEvent_t
 .text.Register_I2C_Write
                0x00000000000009e8      0x238 ./interface/register_io_i2c.o
                0x00000000000009e8                Register_I2C_Write
 .text.Register_I2C_Read
                0x0000000000000c20      0x144 ./interface/register_io_i2c.o
                0x0000000000000c20                Register_I2C_Read
 .text.Sensor_I2C_Write
                0x0000000000000d64       0x94 ./interface/sensor_io_i2c.o
                0x0000000000000d64                Sensor_I2C_Write
 .text.ksdk_gpio_handle_interrupt
                0x0000000000000df8       0xb0 ./gpio_driver/gpio_driver.o
                0x0000000000000df8                ksdk_gpio_handle_interrupt
 .text.PORTA_IRQHandler
                0x0000000000000ea8       0x18 ./gpio_driver/gpio_driver_irq.o
                0x0000000000000ea8                PORTA_IRQHandler
 .text.PORTD_IRQHandler
                0x0000000000000ec0       0x18 ./gpio_driver/gpio_driver_irq.o
                0x0000000000000ec0                PORTD_IRQHandler
 .text.CLOCK_SetEr32kClock
                0x0000000000000ed8       0x34 ./drivers/fsl_clock.o
 .text.CLOCK_SetPllFllSelClock
                0x0000000000000f0c       0x38 ./drivers/fsl_clock.o
 .text.CLOCK_GetMcgExtClkFreq
                0x0000000000000f44       0x28 ./drivers/fsl_clock.o
 .text.CLOCK_GetFllExtRefClkFreq
                0x0000000000000f6c       0xa8 ./drivers/fsl_clock.o
 .text.CLOCK_GetInternalRefClkSelectFreq
                0x0000000000001014       0x40 ./drivers/fsl_clock.o
 .text.CLOCK_GetFllRefClkFreq
                0x0000000000001054       0x2c ./drivers/fsl_clock.o
 .text.CLOCK_GetOscRangeFromFreq
                0x0000000000001080       0x4c ./drivers/fsl_clock.o
 .text.CLOCK_GetOsc0ErClkFreq
                0x00000000000010cc       0x3c ./drivers/fsl_clock.o
                0x00000000000010cc                CLOCK_GetOsc0ErClkFreq
 .text.CLOCK_GetEr32kClkFreq
                0x0000000000001108       0x78 ./drivers/fsl_clock.o
                0x0000000000001108                CLOCK_GetEr32kClkFreq
 .text.CLOCK_GetPllFllSelClkFreq
                0x0000000000001180       0x4c ./drivers/fsl_clock.o
                0x0000000000001180                CLOCK_GetPllFllSelClkFreq
 .text.CLOCK_GetFreq
                0x00000000000011cc       0xe0 ./drivers/fsl_clock.o
                0x00000000000011cc                CLOCK_GetFreq
 .text.CLOCK_SetSimConfig
                0x00000000000012ac       0x38 ./drivers/fsl_clock.o
                0x00000000000012ac                CLOCK_SetSimConfig
 .text.CLOCK_GetOutClkFreq
                0x00000000000012e4       0x78 ./drivers/fsl_clock.o
                0x00000000000012e4                CLOCK_GetOutClkFreq
 .text.CLOCK_GetFllFreq
                0x000000000000135c       0x84 ./drivers/fsl_clock.o
                0x000000000000135c                CLOCK_GetFllFreq
 .text.CLOCK_GetInternalRefClkFreq
                0x00000000000013e0       0x28 ./drivers/fsl_clock.o
                0x00000000000013e0                CLOCK_GetInternalRefClkFreq
 .text.CLOCK_GetPll0Freq
                0x0000000000001408       0x70 ./drivers/fsl_clock.o
                0x0000000000001408                CLOCK_GetPll0Freq
 .text.CLOCK_SetInternalRefClkConfig
                0x0000000000001478      0x124 ./drivers/fsl_clock.o
                0x0000000000001478                CLOCK_SetInternalRefClkConfig
 .text.CLOCK_EnablePll0
                0x000000000000159c       0x94 ./drivers/fsl_clock.o
                0x000000000000159c                CLOCK_EnablePll0
 .text.CLOCK_InitOsc0
                0x0000000000001630       0x94 ./drivers/fsl_clock.o
                0x0000000000001630                CLOCK_InitOsc0
 .text.CLOCK_SetPbeMode
                0x00000000000016c4       0xb0 ./drivers/fsl_clock.o
                0x00000000000016c4                CLOCK_SetPbeMode
 .text.CLOCK_BootToPeeMode
                0x0000000000001774       0x70 ./drivers/fsl_clock.o
                0x0000000000001774                CLOCK_BootToPeeMode
 .text.DMA_ClearChannelStatusFlags
                0x00000000000017e4       0x54 ./drivers/fsl_dma.o
 .text.DMA_HandleIRQ
                0x0000000000001838       0x4c ./drivers/fsl_dma.o
                0x0000000000001838                DMA_HandleIRQ
 .text.DMA0_DriverIRQHandler
                0x0000000000001884       0x18 ./drivers/fsl_dma.o
                0x0000000000001884                DMA0_DriverIRQHandler
 .text.DMA1_DriverIRQHandler
                0x000000000000189c       0x18 ./drivers/fsl_dma.o
                0x000000000000189c                DMA1_DriverIRQHandler
 .text.DMA2_DriverIRQHandler
                0x00000000000018b4       0x18 ./drivers/fsl_dma.o
                0x00000000000018b4                DMA2_DriverIRQHandler
 .text.DMA3_DriverIRQHandler
                0x00000000000018cc       0x18 ./drivers/fsl_dma.o
                0x00000000000018cc                DMA3_DriverIRQHandler
 .text.GPIO_GetInstance
                0x00000000000018e4       0x4c ./drivers/fsl_gpio.o
 .text.GPIO_GetPinsInterruptFlags
                0x0000000000001930       0x38 ./drivers/fsl_gpio.o
                0x0000000000001930                GPIO_GetPinsInterruptFlags
 .text.GPIO_ClearPinsInterruptFlags
                0x0000000000001968       0x3c ./drivers/fsl_gpio.o
                0x0000000000001968                GPIO_ClearPinsInterruptFlags
 .text.NVIC_EnableIRQ
                0x00000000000019a4       0x2c ./drivers/fsl_i2c.o
 .text.CLOCK_DisableClock
                0x00000000000019d0       0x38 ./drivers/fsl_i2c.o
 .text.I2C_GetInstance
                0x0000000000001a08       0x4c ./drivers/fsl_i2c.o
                0x0000000000001a08                I2C_GetInstance
 .text.I2C_InitTransferStateMachine
                0x0000000000001a54       0x9c ./drivers/fsl_i2c.o
 .text.I2C_CheckAndClearError
                0x0000000000001af0       0x40 ./drivers/fsl_i2c.o
 .text.I2C_MasterTransferRunStateMachine
                0x0000000000001b30      0x26c ./drivers/fsl_i2c.o
 .text.I2C_TransferCommonIRQHandler
                0x0000000000001d9c       0x58 ./drivers/fsl_i2c.o
 .text.I2C_MasterDeinit
                0x0000000000001df4       0x34 ./drivers/fsl_i2c.o
                0x0000000000001df4                I2C_MasterDeinit
 .text.I2C_MasterSetBaudRate
                0x0000000000001e28       0xf0 ./drivers/fsl_i2c.o
                0x0000000000001e28                I2C_MasterSetBaudRate
 .text.I2C_MasterStart
                0x0000000000001f18       0x74 ./drivers/fsl_i2c.o
                0x0000000000001f18                I2C_MasterStart
 .text.I2C_MasterRepeatedStart
                0x0000000000001f8c       0xc0 ./drivers/fsl_i2c.o
                0x0000000000001f8c                I2C_MasterRepeatedStart
 .text.I2C_MasterTransferCreateHandle
                0x000000000000204c       0x7c ./drivers/fsl_i2c.o
                0x000000000000204c                I2C_MasterTransferCreateHandle
 .text.I2C_MasterTransferNonBlocking
                0x00000000000020c8       0x70 ./drivers/fsl_i2c.o
                0x00000000000020c8                I2C_MasterTransferNonBlocking
 .text.I2C_MasterTransferAbort
                0x0000000000002138       0xbc ./drivers/fsl_i2c.o
                0x0000000000002138                I2C_MasterTransferAbort
 .text.I2C_MasterTransferHandleIRQ
                0x00000000000021f4       0xbc ./drivers/fsl_i2c.o
                0x00000000000021f4                I2C_MasterTransferHandleIRQ
 .text.I2C_SlaveTransferCreateHandle
                0x00000000000022b0       0x7c ./drivers/fsl_i2c.o
                0x00000000000022b0                I2C_SlaveTransferCreateHandle
 .text.I2C_SlaveTransferNonBlocking
                0x000000000000232c       0x7c ./drivers/fsl_i2c.o
                0x000000000000232c                I2C_SlaveTransferNonBlocking
 .text.I2C_SlaveTransferAbort
                0x00000000000023a8       0x4c ./drivers/fsl_i2c.o
                0x00000000000023a8                I2C_SlaveTransferAbort
 .text.I2C_SlaveTransferHandleIRQ
                0x00000000000023f4      0x2f8 ./drivers/fsl_i2c.o
                0x00000000000023f4                I2C_SlaveTransferHandleIRQ
 .text.I2C0_DriverIRQHandler
                0x00000000000026ec       0x20 ./drivers/fsl_i2c.o
                0x00000000000026ec                I2C0_DriverIRQHandler
 .text.I2C1_DriverIRQHandler
                0x000000000000270c       0x20 ./drivers/fsl_i2c.o
                0x000000000000270c                I2C1_DriverIRQHandler
 .text.CLOCK_EnableClock
                0x000000000000272c       0x34 ./drivers/fsl_lpsci.o
 .text.LPSCI_GetInstance
                0x0000000000002760       0x48 ./drivers/fsl_lpsci.o
                0x0000000000002760                LPSCI_GetInstance
 .text.LPSCI_Init
                0x00000000000027a8      0x258 ./drivers/fsl_lpsci.o
                0x00000000000027a8                LPSCI_Init
 .text.LPSCI_GetDefaultConfig
                0x0000000000002a00       0x44 ./drivers/fsl_lpsci.o
                0x0000000000002a00                LPSCI_GetDefaultConfig
 .text.LPSCI_ClearStatusFlags
                0x0000000000002a44       0x94 ./drivers/fsl_lpsci.o
                0x0000000000002a44                LPSCI_ClearStatusFlags
 .text.LPSCI_WriteBlocking
                0x0000000000002ad8       0x4c ./drivers/fsl_lpsci.o
                0x0000000000002ad8                LPSCI_WriteBlocking
 .text.LPSCI_ReadBlocking
                0x0000000000002b24       0xc0 ./drivers/fsl_lpsci.o
                0x0000000000002b24                LPSCI_ReadBlocking
 .text.UART0_DriverIRQHandler
                0x0000000000002be4       0x24 ./drivers/fsl_lpsci.o
                0x0000000000002be4                UART0_DriverIRQHandler
 .text.SMC_SetPowerModeWait
                0x0000000000002c08       0x34 ./drivers/fsl_smc.o
                0x0000000000002c08                SMC_SetPowerModeWait
 .text.SPI_CommonIRQHandler
                0x0000000000002c3c       0x54 ./drivers/fsl_spi.o
 .text.SPI0_DriverIRQHandler
                0x0000000000002c90       0x30 ./drivers/fsl_spi.o
                0x0000000000002c90                SPI0_DriverIRQHandler
 .text.SPI1_DriverIRQHandler
                0x0000000000002cc0       0x30 ./drivers/fsl_spi.o
                0x0000000000002cc0                SPI1_DriverIRQHandler
 .text.CLOCK_EnableClock
                0x0000000000002cf0       0x34 ./drivers/fsl_uart.o
 .text.UART_GetInstance
                0x0000000000002d24       0x54 ./drivers/fsl_uart.o
                0x0000000000002d24                UART_GetInstance
 .text.UART_Init
                0x0000000000002d78      0x1e0 ./drivers/fsl_uart.o
                0x0000000000002d78                UART_Init
 .text.UART_GetDefaultConfig
                0x0000000000002f58       0x44 ./drivers/fsl_uart.o
                0x0000000000002f58                UART_GetDefaultConfig
 .text.UART_ReadBlocking
                0x0000000000002f9c       0x98 ./drivers/fsl_uart.o
                0x0000000000002f9c                UART_ReadBlocking
 .text.UART1_DriverIRQHandler
                0x0000000000003034       0x24 ./drivers/fsl_uart.o
                0x0000000000003034                UART1_DriverIRQHandler
 .text.UART2_DriverIRQHandler
                0x0000000000003058       0x24 ./drivers/fsl_uart.o
                0x0000000000003058                UART2_DriverIRQHandler
 .text.CLOCK_SetLpsci0Clock
                0x000000000000307c       0x38 ./board/board.o
 .text.BOARD_InitDebugConsole
                0x00000000000030b4       0x30 ./board/board.o
                0x00000000000030b4                BOARD_InitDebugConsole
 .text.CLOCK_SetSimSafeDivs
                0x00000000000030e4       0x20 ./board/clock_config.o
 .text.CLOCK_SetXtal0Freq
                0x0000000000003104       0x1c ./board/clock_config.o
 .text.CLOCK_CONFIG_SetFllExtRefDiv
                0x0000000000003120       0x3c ./board/clock_config.o
 .text.BOARD_BootClockRUN
                0x000000000000315c       0x64 ./board/clock_config.o
                0x000000000000315c                BOARD_BootClockRUN
 .text.CLOCK_EnableClock
                0x00000000000031c0       0x34 ./board/pin_mux.o
 .text.PORT_SetPinConfig
                0x00000000000031f4       0x38 ./board/pin_mux.o
 .text.PORT_SetPinMux
                0x000000000000322c       0x40 ./board/pin_mux.o
 .text.BOARD_InitPins
                0x000000000000326c       0x4c ./board/pin_mux.o
                0x000000000000326c                BOARD_InitPins
 .text.I2C0_InitPins
                0x00000000000032b8       0x8c ./board/pin_mux.o
                0x00000000000032b8                I2C0_InitPins
 .text.I2C0_DeinitPins
                0x0000000000003344       0x28 ./board/pin_mux.o
                0x0000000000003344                I2C0_DeinitPins
 .text.CLOCK_EnableClock
                0x000000000000336c       0x34 ./CMSIS_driver/fsl_i2c_cmsis.o
 .text.I2Cx_GetVersion
                0x00000000000033a0       0x34 ./CMSIS_driver/fsl_i2c_cmsis.o
 .text.KSDK_I2C_MASTER_InterruptCallback
                0x00000000000033d4       0x64 ./CMSIS_driver/fsl_i2c_cmsis.o
 .text.I2C_Master_InterruptTransmit
                0x0000000000003438      0x108 ./CMSIS_driver/fsl_i2c_cmsis.o
                0x0000000000003438                I2C_Master_InterruptTransmit
 .text.I2C_Master_InterruptReceive
                0x0000000000003540      0x108 ./CMSIS_driver/fsl_i2c_cmsis.o
                0x0000000000003540                I2C_Master_InterruptReceive
 .text.I2C_Slave_InterruptTransmit
                0x0000000000003648       0x88 ./CMSIS_driver/fsl_i2c_cmsis.o
                0x0000000000003648                I2C_Slave_InterruptTransmit
 .text.I2C_Slave_InterruptReceive
                0x00000000000036d0       0x94 ./CMSIS_driver/fsl_i2c_cmsis.o
                0x00000000000036d0                I2C_Slave_InterruptReceive
 .text.I2C_InterruptControl
                0x0000000000003764      0x158 ./CMSIS_driver/fsl_i2c_cmsis.o
                0x0000000000003764                I2C_InterruptControl
 .text.I2C_InterruptPowerControl
                0x00000000000038bc       0x7c ./CMSIS_driver/fsl_i2c_cmsis.o
 .text.I2C0_InterruptInitialize
                0x0000000000003938       0x28 ./CMSIS_driver/fsl_i2c_cmsis.o
 .text.I2C0_InterruptUninitialize
                0x0000000000003960       0x1c ./CMSIS_driver/fsl_i2c_cmsis.o
 .text.I2C0_InterruptPowerControl
                0x000000000000397c       0x28 ./CMSIS_driver/fsl_i2c_cmsis.o
 .text.I2C0_Master_InterruptTransmit
                0x00000000000039a4       0x34 ./CMSIS_driver/fsl_i2c_cmsis.o
                0x00000000000039a4                I2C0_Master_InterruptTransmit
 .text.I2C0_Master_InterruptReceive
                0x00000000000039d8       0x34 ./CMSIS_driver/fsl_i2c_cmsis.o
                0x00000000000039d8                I2C0_Master_InterruptReceive
 .text.I2C0_Slave_InterruptTransmit
                0x0000000000003a0c       0x24 ./CMSIS_driver/fsl_i2c_cmsis.o
                0x0000000000003a0c                I2C0_Slave_InterruptTransmit
 .text.I2C0_Slave_InterruptReceive
                0x0000000000003a30       0x24 ./CMSIS_driver/fsl_i2c_cmsis.o
                0x0000000000003a30                I2C0_Slave_InterruptReceive
 .text.I2C0_InterruptGetDataCount
                0x0000000000003a54       0x18 ./CMSIS_driver/fsl_i2c_cmsis.o
                0x0000000000003a54                I2C0_InterruptGetDataCount
 .text.I2C0_InterruptControl
                0x0000000000003a6c       0x24 ./CMSIS_driver/fsl_i2c_cmsis.o
                0x0000000000003a6c                I2C0_InterruptControl
 .text.I2C0_InterruptGetStatus
                0x0000000000003a90       0x18 ./CMSIS_driver/fsl_i2c_cmsis.o
                0x0000000000003a90                I2C0_InterruptGetStatus
 .text.SystemInit
                0x0000000000003aa8       0x18 ./CMSIS/system_MKL25Z4.o
                0x0000000000003aa8                SystemInit
 .text.__assertion_failed
                0x0000000000003ac0       0x4c /Applications/MCUXpressoIDE_11.3.0_5222/ide/plugins/com.nxp.mcuxpresso.tools.macosx_11.3.0.202011031536/tools/bin/../lib/gcc/arm-none-eabi/9.3.1/../../../../arm-none-eabi/lib/thumb/v6-m/nofp/libcr_semihost_nf.a(_cr_assert.o)
                0x0000000000003ac0                __assertion_failed
 .text.__sys_appexit
                0x0000000000003b0c        0xc /Applications/MCUXpressoIDE_11.3.0_5222/ide/plugins/com.nxp.mcuxpresso.tools.macosx_11.3.0.202011031536/tools/bin/../lib/gcc/arm-none-eabi/9.3.1/../../../../arm-none-eabi/lib/thumb/v6-m/nofp/libcr_semihost_nf.a(__sys_appexit.o)
                0x0000000000003b0c                __exit
                0x0000000000003b0c                __sys_appexit
 .text._deferredlazyseek
                0x0000000000003b18       0x40 /Applications/MCUXpressoIDE_11.3.0_5222/ide/plugins/com.nxp.mcuxpresso.tools.macosx_11.3.0.202011031536/tools/bin/../lib/gcc/arm-none-eabi/9.3.1/../../../../arm-none-eabi/lib/thumb/v6-m/nofp/libcr_c.a(_deferredlazyseek.o)
                0x0000000000003b18                _deferredlazyseek
 .text.__flsbuf
                0x0000000000003b58      0x150 /Applications/MCUXpressoIDE_11.3.0_5222/ide/plugins/com.nxp.mcuxpresso.tools.macosx_11.3.0.202011031536/tools/bin/../lib/gcc/arm-none-eabi/9.3.1/../../../../arm-none-eabi/lib/thumb/v6-m/nofp/libcr_c.a(_deferredlazyseek.o)
                0x0000000000003b58                __flsbuf
 .text._fflush  0x0000000000003ca8       0x60 /Applications/MCUXpressoIDE_11.3.0_5222/ide/plugins/com.nxp.mcuxpresso.tools.macosx_11.3.0.202011031536/tools/bin/../lib/gcc/arm-none-eabi/9.3.1/../../../../arm-none-eabi/lib/thumb/v6-m/nofp/libcr_c.a(_fflush.o)
                0x0000000000003ca8                _fflush
 .text._Cwritebuf
                0x0000000000003d08       0x68 /Applications/MCUXpressoIDE_11.3.0_5222/ide/plugins/com.nxp.mcuxpresso.tools.macosx_11.3.0.202011031536/tools/bin/../lib/gcc/arm-none-eabi/9.3.1/../../../../arm-none-eabi/lib/thumb/v6-m/nofp/libcr_c.a(_writebuf.o)
                0x0000000000003d08                _Cwritebuf
 .text.malloc   0x0000000000003d70       0xd0 /Applications/MCUXpressoIDE_11.3.0_5222/ide/plugins/com.nxp.mcuxpresso.tools.macosx_11.3.0.202011031536/tools/bin/../lib/gcc/arm-none-eabi/9.3.1/../../../../arm-none-eabi/lib/thumb/v6-m/nofp/libcr_c.a(alloc.o)
                0x0000000000003d70                malloc
 .text._Csys_alloc
                0x0000000000003e40       0x20 /Applications/MCUXpressoIDE_11.3.0_5222/ide/plugins/com.nxp.mcuxpresso.tools.macosx_11.3.0.202011031536/tools/bin/../lib/gcc/arm-none-eabi/9.3.1/../../../../arm-none-eabi/lib/thumb/v6-m/nofp/libcr_c.a(alloc.o)
                0x0000000000003e40                _Csys_alloc
 .text.fseek    0x0000000000003e60       0xf4 /Applications/MCUXpressoIDE_11.3.0_5222/ide/plugins/com.nxp.mcuxpresso.tools.macosx_11.3.0.202011031536/tools/bin/../lib/gcc/arm-none-eabi/9.3.1/../../../../arm-none-eabi/lib/thumb/v6-m/nofp/libcr_c.a(fseek.o)
                0x0000000000003e60                fseek
 .text.ftell    0x0000000000003f54       0x48 /Applications/MCUXpressoIDE_11.3.0_5222/ide/plugins/com.nxp.mcuxpresso.tools.macosx_11.3.0.202011031536/tools/bin/../lib/gcc/arm-none-eabi/9.3.1/../../../../arm-none-eabi/lib/thumb/v6-m/nofp/libcr_c.a(ftell.o)
                0x0000000000003f54                ftell
 .text._initio  0x0000000000003f9c       0x7c /Applications/MCUXpressoIDE_11.3.0_5222/ide/plugins/com.nxp.mcuxpresso.tools.macosx_11.3.0.202011031536/tools/bin/../lib/gcc/arm-none-eabi/9.3.1/../../../../arm-none-eabi/lib/thumb/v6-m/nofp/libcr_c.a(initio.o)
                0x0000000000003f9c                _initio
 .text.__vfprintf
                0x0000000000004018      0xd40 /Applications/MCUXpressoIDE_11.3.0_5222/ide/plugins/com.nxp.mcuxpresso.tools.macosx_11.3.0.202011031536/tools/bin/../lib/gcc/arm-none-eabi/9.3.1/../../../../arm-none-eabi/lib/thumb/v6-m/nofp/libcr_c.a(printf.o)
                0x0000000000004018                __vfprintf
 .text._vsnprintf
                0x0000000000004d58       0x70 /Applications/MCUXpressoIDE_11.3.0_5222/ide/plugins/com.nxp.mcuxpresso.tools.macosx_11.3.0.202011031536/tools/bin/../lib/gcc/arm-none-eabi/9.3.1/../../../../arm-none-eabi/lib/thumb/v6-m/nofp/libcr_c.a(printf.o)
                0x0000000000004d58                _vsnprintf
 .text._printf  0x0000000000004dc8       0x50 /Applications/MCUXpressoIDE_11.3.0_5222/ide/plugins/com.nxp.mcuxpresso.tools.macosx_11.3.0.202011031536/tools/bin/../lib/gcc/arm-none-eabi/9.3.1/../../../../arm-none-eabi/lib/thumb/v6-m/nofp/libcr_c.a(printf.o)
                0x0000000000004dc8                _printf
 .text.setvbuf  0x0000000000004e18       0x4c /Applications/MCUXpressoIDE_11.3.0_5222/ide/plugins/com.nxp.mcuxpresso.tools.macosx_11.3.0.202011031536/tools/bin/../lib/gcc/arm-none-eabi/9.3.1/../../../../arm-none-eabi/lib/thumb/v6-m/nofp/libcr_c.a(setvbuf.o)
                0x0000000000004e18                setvbuf
 .text.strlen   0x0000000000004e64       0x58 /Applications/MCUXpressoIDE_11.3.0_5222/ide/plugins/com.nxp.mcuxpresso.tools.macosx_11.3.0.202011031536/tools/bin/../lib/gcc/arm-none-eabi/9.3.1/../../../../arm-none-eabi/lib/thumb/v6-m/nofp/libcr_c.a(strlen.o)
                0x0000000000004e64                strlen
 .text._sbrk    0x0000000000004ebc       0x44 /Applications/MCUXpressoIDE_11.3.0_5222/ide/plugins/com.nxp.mcuxpresso.tools.macosx_11.3.0.202011031536/tools/bin/../lib/gcc/arm-none-eabi/9.3.1/../../../../arm-none-eabi/lib/thumb/v6-m/nofp/libcr_c.a(_cr_sbrk.o)
                0x0000000000004ebc                _sbrk
 .text._fdopen  0x0000000000004f00       0x74 /Applications/MCUXpressoIDE_11.3.0_5222/ide/plugins/com.nxp.mcuxpresso.tools.macosx_11.3.0.202011031536/tools/bin/../lib/gcc/arm-none-eabi/9.3.1/../../../../arm-none-eabi/lib/thumb/v6-m/nofp/libcr_c.a(_fdopen.o)
                0x0000000000004f00                _fdopen
 .text.fclose   0x0000000000004f74       0x5c /Applications/MCUXpressoIDE_11.3.0_5222/ide/plugins/com.nxp.mcuxpresso.tools.macosx_11.3.0.202011031536/tools/bin/../lib/gcc/arm-none-eabi/9.3.1/../../../../arm-none-eabi/lib/thumb/v6-m/nofp/libcr_c.a(fclose.o)
                0x0000000000004f74                fclose
 .text.fflush   0x0000000000004fd0       0x44 /Applications/MCUXpressoIDE_11.3.0_5222/ide/plugins/com.nxp.mcuxpresso.tools.macosx_11.3.0.202011031536/tools/bin/../lib/gcc/arm-none-eabi/9.3.1/../../../../arm-none-eabi/lib/thumb/v6-m/nofp/libcr_c.a(fflush.o)
                0x0000000000004fd0                fflush
 .text.__check_heap_overflow
                0x0000000000005014       0x14 /Applications/MCUXpressoIDE_11.3.0_5222/ide/plugins/com.nxp.mcuxpresso.tools.macosx_11.3.0.202011031536/tools/bin/../lib/gcc/arm-none-eabi/9.3.1/../../../../arm-none-eabi/lib/thumb/v6-m/nofp/libcr_c.a(_cr_check_heap.o)
                0x0000000000005014                __check_heap_overflow
 .text._do_fflush
                0x0000000000005028       0x48 /Applications/MCUXpressoIDE_11.3.0_5222/ide/plugins/com.nxp.mcuxpresso.tools.macosx_11.3.0.202011031536/tools/bin/../lib/gcc/arm-none-eabi/9.3.1/../../../../arm-none-eabi/lib/thumb/v6-m/nofp/libcr_c.a(_do_fflush.o)
                0x0000000000005028                _do_fflush
 .text.UART_EnableTx
                0x0000000000005070       0x40 ./utilities/fsl_debug_console.o
 .text.UART_EnableRx
                0x00000000000050b0       0x40 ./utilities/fsl_debug_console.o
 .text.LPSCI_EnableTx
                0x00000000000050f0       0x40 ./utilities/fsl_debug_console.o
 .text.LPSCI_EnableRx
                0x0000000000005130       0x40 ./utilities/fsl_debug_console.o
 .text.MMA845x_I2C_Initialize
                0x0000000000005170       0x98 ./sensors/mma845x_drv.o
                0x0000000000005170                MMA845x_I2C_Initialize
 .text.MMA845x_I2C_SetIdleTask
                0x0000000000005208       0x20 ./sensors/mma845x_drv.o
                0x0000000000005208                MMA845x_I2C_SetIdleTask
 .text.MMA845x_I2C_Configure
                0x0000000000005228       0xa8 ./sensors/mma845x_drv.o
                0x0000000000005228                MMA845x_I2C_Configure
 .text.MMA845x_I2C_ReadData
                0x00000000000052d0       0x62 ./sensors/mma845x_drv.o
                0x00000000000052d0                MMA845x_I2C_ReadData
 .text.Sensor_I2C_Read
                0x0000000000005332       0x82 ./interface/sensor_io_i2c.o
                0x0000000000005332                Sensor_I2C_Read
 .text.OSC_SetExtRefClkConfig
                0x00000000000053b4       0x3e ./drivers/fsl_clock.o
 .text.OSC_SetCapLoad
                0x00000000000053f2       0x42 ./drivers/fsl_clock.o
 .text.CLOCK_GetPll0RefFreq
                0x0000000000005434       0x10 ./drivers/fsl_clock.o
 .text.CLOCK_GetFixedFreqClkFreq
                0x0000000000005444       0x30 ./drivers/fsl_clock.o
                0x0000000000005444                CLOCK_GetFixedFreqClkFreq
 .text.CLOCK_SetExternalRefClkConfig
                0x0000000000005474       0x16 ./drivers/fsl_clock.o
                0x0000000000005474                CLOCK_SetExternalRefClkConfig
 .text.EnableIRQ
                0x000000000000548a       0x2c ./drivers/fsl_i2c.o
 .text.I2C_Enable
                0x00000000000054b6       0x42 ./drivers/fsl_i2c.o
 .text.I2C_SlaveGetStatusFlags
                0x00000000000054f8       0x1a ./drivers/fsl_i2c.o
 .text.I2C_MasterClearStatusFlags
                0x0000000000005512       0x38 ./drivers/fsl_i2c.o
 .text.I2C_SlaveClearStatusFlags
                0x000000000000554a       0x1e ./drivers/fsl_i2c.o
 .text.I2C_EnableInterrupts
                0x0000000000005568       0x5c ./drivers/fsl_i2c.o
                0x0000000000005568                I2C_EnableInterrupts
 .text.I2C_DisableInterrupts
                0x00000000000055c4       0x42 ./drivers/fsl_i2c.o
                0x00000000000055c4                I2C_DisableInterrupts
 .text.I2C_MasterStop
                0x0000000000005606       0x64 ./drivers/fsl_i2c.o
                0x0000000000005606                I2C_MasterStop
 .text.I2C_MasterGetStatusFlags
                0x000000000000566a       0x32 ./drivers/fsl_i2c.o
                0x000000000000566a                I2C_MasterGetStatusFlags
 .text.LPSCI_GetStatusFlags
                0x000000000000569c       0x26 ./drivers/fsl_lpsci.o
                0x000000000000569c                LPSCI_GetStatusFlags
 .text.UART_GetStatusFlags
                0x00000000000056c2       0x26 ./drivers/fsl_uart.o
                0x00000000000056c2                UART_GetStatusFlags
 .text.UART_WriteBlocking
                0x00000000000056e8       0x3c ./drivers/fsl_uart.o
                0x00000000000056e8                UART_WriteBlocking
 .text.I2C0_GetFreq
                0x0000000000005724       0x12 ./board/frdm_kl25z.o
                0x0000000000005724                I2C0_GetFreq
 .text.I2C_SlaveGetStatusFlags
                0x0000000000005736       0x1a ./CMSIS_driver/fsl_i2c_cmsis.o
 .text.I2Cx_GetCapabilities
                0x0000000000005750       0x14 ./CMSIS_driver/fsl_i2c_cmsis.o
 .text.KSDK_I2C_SLAVE_InterruptCallback
                0x0000000000005764       0x42 ./CMSIS_driver/fsl_i2c_cmsis.o
 .text.I2C_InterruptInitialize
                0x00000000000057a6       0x1a ./CMSIS_driver/fsl_i2c_cmsis.o
 .text.I2C_InterruptUninitialize
                0x00000000000057c0       0x18 ./CMSIS_driver/fsl_i2c_cmsis.o
 .text.I2C_InterruptGetDataCount
                0x00000000000057d8       0x2a ./CMSIS_driver/fsl_i2c_cmsis.o
                0x00000000000057d8                I2C_InterruptGetDataCount
 .text.I2C_InterruptGetStatus
                0x0000000000005802       0xe6 ./CMSIS_driver/fsl_i2c_cmsis.o
                0x0000000000005802                I2C_InterruptGetStatus
 .text.__main   0x00000000000058e8        0xc /Applications/MCUXpressoIDE_11.3.0_5222/ide/plugins/com.nxp.mcuxpresso.tools.macosx_11.3.0.202011031536/tools/bin/../lib/gcc/arm-none-eabi/9.3.1/../../../../arm-none-eabi/lib/thumb/v6-m/nofp/libcr_semihost_nf.a(_cr__main.o)
                0x00000000000058e8                __main
                0x00000000000058e8                __CR_SEMIHOST
 .text.memset   0x00000000000058f4        0x8 /Applications/MCUXpressoIDE_11.3.0_5222/ide/plugins/com.nxp.mcuxpresso.tools.macosx_11.3.0.202011031536/tools/bin/../lib/gcc/arm-none-eabi/9.3.1/../../../../arm-none-eabi/lib/thumb/v6-m/nofp/libcr_c.a(memset.o)
                0x00000000000058f4                memset
 .text.free     0x00000000000058fc       0x2c /Applications/MCUXpressoIDE_11.3.0_5222/ide/plugins/com.nxp.mcuxpresso.tools.macosx_11.3.0.202011031536/tools/bin/../lib/gcc/arm-none-eabi/9.3.1/../../../../arm-none-eabi/lib/thumb/v6-m/nofp/libcr_c.a(alloc.o)
                0x00000000000058fc                free
 .text.fputs    0x0000000000005928       0x2e /Applications/MCUXpressoIDE_11.3.0_5222/ide/plugins/com.nxp.mcuxpresso.tools.macosx_11.3.0.202011031536/tools/bin/../lib/gcc/arm-none-eabi/9.3.1/../../../../arm-none-eabi/lib/thumb/v6-m/nofp/libcr_c.a(fputs.o)
                0x0000000000005928                fputs
 .text.no_fp_display
                0x0000000000005956        0x4 /Applications/MCUXpressoIDE_11.3.0_5222/ide/plugins/com.nxp.mcuxpresso.tools.macosx_11.3.0.202011031536/tools/bin/../lib/gcc/arm-none-eabi/9.3.1/../../../../arm-none-eabi/lib/thumb/v6-m/nofp/libcr_c.a(printf.o)
 .text.remove   0x000000000000595a       0x12 /Applications/MCUXpressoIDE_11.3.0_5222/ide/plugins/com.nxp.mcuxpresso.tools.macosx_11.3.0.202011031536/tools/bin/../lib/gcc/arm-none-eabi/9.3.1/../../../../arm-none-eabi/lib/thumb/v6-m/nofp/libcr_c.a(remove.o)
                0x000000000000595a                remove
 .text.__aeabi_division_idivmod
                0x000000000000596c       0x78 /Applications/MCUXpressoIDE_11.3.0_5222/ide/plugins/com.nxp.mcuxpresso.tools.macosx_11.3.0.202011031536/tools/bin/../lib/gcc/arm-none-eabi/9.3.1/thumb/v6-m/nofp/libcr_eabihelpers.a(division_32.o)
                0x000000000000596c                __aeabi_idiv
                0x000000000000596c                __aeabi_idivmod
                0x0000000000005972                __aeabi_uidiv
                0x0000000000005972                __aeabi_uidivmod
 .text.__aeabi_division_idiv0
                0x00000000000059e4        0x2 /Applications/MCUXpressoIDE_11.3.0_5222/ide/plugins/com.nxp.mcuxpresso.tools.macosx_11.3.0.202011031536/tools/bin/../lib/gcc/arm-none-eabi/9.3.1/thumb/v6-m/nofp/libcr_eabihelpers.a(division_idiv0.o)
                0x00000000000059e4                __aeabi_idiv0
 .text.__aeabi_llong_lmul
                0x00000000000059e6       0x2e /Applications/MCUXpressoIDE_11.3.0_5222/ide/plugins/com.nxp.mcuxpresso.tools.macosx_11.3.0.202011031536/tools/bin/../lib/gcc/arm-none-eabi/9.3.1/thumb/v6-m/nofp/libcr_eabihelpers.a(llong.o)
                0x00000000000059e6                __aeabi_lmul
 .text.__aeabi_memset_lowlevel
                0x0000000000005a14       0x2a /Applications/MCUXpressoIDE_11.3.0_5222/ide/plugins/com.nxp.mcuxpresso.tools.macosx_11.3.0.202011031536/tools/bin/../lib/gcc/arm-none-eabi/9.3.1/thumb/v6-m/nofp/libcr_eabihelpers.a(memcpy.o)
                0x0000000000005a14                __aeabi_lowlevel_memset
 .text.__gnu_thumb1_case_shi
                0x0000000000005a3e       0x10 /Applications/MCUXpressoIDE_11.3.0_5222/ide/plugins/com.nxp.mcuxpresso.tools.macosx_11.3.0.202011031536/tools/bin/../lib/gcc/arm-none-eabi/9.3.1/thumb/v6-m/nofp/libcr_eabihelpers.a(thumb1_switch_helpers.o)
                0x0000000000005a3e                __gnu_thumb1_case_shi
 .text.__sys_close
                0x0000000000005a4e        0xc /Applications/MCUXpressoIDE_11.3.0_5222/ide/plugins/com.nxp.mcuxpresso.tools.macosx_11.3.0.202011031536/tools/bin/../lib/gcc/arm-none-eabi/9.3.1/../../../../arm-none-eabi/lib/thumb/v6-m/nofp/libcr_semihost_nf.a(__sys_close.o)
                0x0000000000005a4e                __sys_close
 .text.__sys_flen
                0x0000000000005a5a        0xc /Applications/MCUXpressoIDE_11.3.0_5222/ide/plugins/com.nxp.mcuxpresso.tools.macosx_11.3.0.202011031536/tools/bin/../lib/gcc/arm-none-eabi/9.3.1/../../../../arm-none-eabi/lib/thumb/v6-m/nofp/libcr_semihost_nf.a(__sys_flen.o)
                0x0000000000005a5a                __sys_flen
 .text.__sys_istty
                0x0000000000005a66        0xc /Applications/MCUXpressoIDE_11.3.0_5222/ide/plugins/com.nxp.mcuxpresso.tools.macosx_11.3.0.202011031536/tools/bin/../lib/gcc/arm-none-eabi/9.3.1/../../../../arm-none-eabi/lib/thumb/v6-m/nofp/libcr_semihost_nf.a(__sys_istty.o)
                0x0000000000005a66                __sys_istty
 .text.__sys_remove
                0x0000000000005a72        0xc /Applications/MCUXpressoIDE_11.3.0_5222/ide/plugins/com.nxp.mcuxpresso.tools.macosx_11.3.0.202011031536/tools/bin/../lib/gcc/arm-none-eabi/9.3.1/../../../../arm-none-eabi/lib/thumb/v6-m/nofp/libcr_semihost_nf.a(__sys_remove.o)
                0x0000000000005a72                __sys_remove
 .text.__sys_seek
                0x0000000000005a7e        0xc /Applications/MCUXpressoIDE_11.3.0_5222/ide/plugins/com.nxp.mcuxpresso.tools.macosx_11.3.0.202011031536/tools/bin/../lib/gcc/arm-none-eabi/9.3.1/../../../../arm-none-eabi/lib/thumb/v6-m/nofp/libcr_semihost_nf.a(__sys_seek.o)
                0x0000000000005a7e                __sys_seek
 .text.__sys_tmpnam
                0x0000000000005a8a        0xc /Applications/MCUXpressoIDE_11.3.0_5222/ide/plugins/com.nxp.mcuxpresso.tools.macosx_11.3.0.202011031536/tools/bin/../lib/gcc/arm-none-eabi/9.3.1/../../../../arm-none-eabi/lib/thumb/v6-m/nofp/libcr_semihost_nf.a(__sys_tmpnam.o)
                0x0000000000005a8a                __sys_tmpnam
 .text.__sys_write
                0x0000000000005a96        0xc /Applications/MCUXpressoIDE_11.3.0_5222/ide/plugins/com.nxp.mcuxpresso.tools.macosx_11.3.0.202011031536/tools/bin/../lib/gcc/arm-none-eabi/9.3.1/../../../../arm-none-eabi/lib/thumb/v6-m/nofp/libcr_semihost_nf.a(__sys_write.o)
                0x0000000000005a96                __sys_write
 *(SORT_BY_ALIGNMENT(.rodata) SORT_BY_ALIGNMENT(.rodata.*) SORT_BY_ALIGNMENT(.constdata) SORT_BY_ALIGNMENT(.constdata.*))
 *fill*         0x0000000000005aa2        0x2 ff
 .rodata.mma845x_Config_Fifo
                0x0000000000005aa4       0x10 ./source/accDataRead.o
                0x0000000000005aa4                mma845x_Config_Fifo
 .rodata.mma845x_Fifo_Status
                0x0000000000005ab4        0x8 ./source/accDataRead.o
                0x0000000000005ab4                mma845x_Fifo_Status
 .rodata.mma845x_Output_Values
                0x0000000000005abc        0x8 ./source/accDataRead.o
                0x0000000000005abc                mma845x_Output_Values
 .rodata.PIT_IRQHandler.str1.4
                0x0000000000005ac4       0x8d ./source/accDataRead.o
 *fill*         0x0000000000005b51        0x3 ff
 .rodata.main.str1.4
                0x0000000000005b54       0x27 ./source/accDataRead.o
 *fill*         0x0000000000005b7b        0x1 ff
 .rodata.CLOCK_GetMcgExtClkFreq.str1.4
                0x0000000000005b7c       0x1f ./drivers/fsl_clock.o
 *fill*         0x0000000000005b9b        0x1 ff
 .rodata.CLOCK_GetOsc0ErClkFreq.str1.4
                0x0000000000005b9c       0x1f ./drivers/fsl_clock.o
 *fill*         0x0000000000005bbb        0x1 ff
 .rodata.CLOCK_GetEr32kClkFreq.str1.4
                0x0000000000005bbc       0x20 ./drivers/fsl_clock.o
 .rodata.CLOCK_GetFreq
                0x0000000000005bdc       0x38 ./drivers/fsl_clock.o
 .rodata.CLOCK_GetPll0Freq.str1.4
                0x0000000000005c14       0x1e ./drivers/fsl_clock.o
 *fill*         0x0000000000005c32        0x2 ff
 .rodata.CLOCK_EnablePll0.str1.4
                0x0000000000005c34       0x1a ./drivers/fsl_clock.o
 *fill*         0x0000000000005c4e        0x2 ff
 .rodata.CLOCK_SetPbeMode.str1.4
                0x0000000000005c50       0x1b ./drivers/fsl_clock.o
 *fill*         0x0000000000005c6b        0x1 ff
 .rodata.CLOCK_BootToPeeMode.str1.4
                0x0000000000005c6c       0x1b ./drivers/fsl_clock.o
 *fill*         0x0000000000005c87        0x1 ff
 .rodata.fllFactorTable.5210
                0x0000000000005c88       0x10 ./drivers/fsl_clock.o
 .rodata.DMA_ClearChannelStatusFlags.str1.4
                0x0000000000005c98       0x3d ./drivers/fsl_dma.o
 *fill*         0x0000000000005cd5        0x3 ff
 .rodata.DMA_HandleIRQ.str1.4
                0x0000000000005cd8       0x20 ./drivers/fsl_dma.o
 .rodata.s_portBases
                0x0000000000005cf8       0x14 ./drivers/fsl_gpio.o
 .rodata.s_gpioBases
                0x0000000000005d0c       0x14 ./drivers/fsl_gpio.o
 .rodata.GPIO_GetInstance.str1.4
                0x0000000000005d20       0x34 ./drivers/fsl_gpio.o
 .rodata.s_i2cDividerTable
                0x0000000000005d54       0x80 ./drivers/fsl_i2c.o
 .rodata.s_i2cBases
                0x0000000000005dd4        0x8 ./drivers/fsl_i2c.o
 .rodata.s_i2cIrqs
                0x0000000000005ddc        0x2 ./drivers/fsl_i2c.o
 *fill*         0x0000000000005dde        0x2 ff
 .rodata.s_i2cClocks
                0x0000000000005de0        0x8 ./drivers/fsl_i2c.o
 .rodata.I2C_GetInstance.str1.4
                0x0000000000005de8       0x33 ./drivers/fsl_i2c.o
 *fill*         0x0000000000005e1b        0x1 ff
 .rodata.I2C_MasterTransferCreateHandle.str1.4
                0x0000000000005e1c       0x19 ./drivers/fsl_i2c.o
 *fill*         0x0000000000005e35        0x3 ff
 .rodata.I2C_MasterTransferNonBlocking.str1.4
                0x0000000000005e38       0x33 ./drivers/fsl_i2c.o
 *fill*         0x0000000000005e6b        0x1 ff
 .rodata.I2C_MasterTransferAbort.str1.4
                0x0000000000005e6c       0x19 ./drivers/fsl_i2c.o
 *fill*         0x0000000000005e85        0x3 ff
 .rodata.I2C_MasterTransferHandleIRQ.str1.4
                0x0000000000005e88       0x1c ./drivers/fsl_i2c.o
 .rodata.I2C_SlaveTransferCreateHandle.str1.4
                0x0000000000005ea4       0x19 ./drivers/fsl_i2c.o
 *fill*         0x0000000000005ebd        0x3 ff
 .rodata.I2C_SlaveTransferNonBlocking.str1.4
                0x0000000000005ec0       0x19 ./drivers/fsl_i2c.o
 *fill*         0x0000000000005ed9        0x3 ff
 .rodata.I2C_SlaveTransferAbort.str1.4
                0x0000000000005edc       0x19 ./drivers/fsl_i2c.o
 *fill*         0x0000000000005ef5        0x3 ff
 .rodata.I2C_SlaveTransferHandleIRQ.str1.4
                0x0000000000005ef8       0x1c ./drivers/fsl_i2c.o
 .rodata.LPSCI_GetInstance.str1.4
                0x0000000000005f14       0x37 ./drivers/fsl_lpsci.o
 *fill*         0x0000000000005f4b        0x1 ff
 .rodata.LPSCI_Init.str1.4
                0x0000000000005f4c       0x44 ./drivers/fsl_lpsci.o
 .rodata.LPSCI_GetDefaultConfig.str1.4
                0x0000000000005f90       0x1a ./drivers/fsl_lpsci.o
 *fill*         0x0000000000005faa        0x2 ff
 .rodata.LPSCI_WriteBlocking.str1.4
                0x0000000000005fac       0x18 ./drivers/fsl_lpsci.o
 .rodata.LPSCI_ReadBlocking.str1.4
                0x0000000000005fc4       0x18 ./drivers/fsl_lpsci.o
 .rodata.SPI0_DriverIRQHandler.str1.4
                0x0000000000005fdc       0x21 ./drivers/fsl_spi.o
 *fill*         0x0000000000005ffd        0x3 ff
 .rodata.SPI1_DriverIRQHandler.str1.4
                0x0000000000006000       0x21 ./drivers/fsl_spi.o
 *fill*         0x0000000000006021        0x3 ff
 .rodata.s_uartBases
                0x0000000000006024        0xc ./drivers/fsl_uart.o
 .rodata.s_uartClock
                0x0000000000006030        0xc ./drivers/fsl_uart.o
 .rodata.UART_GetInstance.str1.4
                0x000000000000603c       0x2c ./drivers/fsl_uart.o
 .rodata.UART_Init.str1.4
                0x0000000000006068       0x43 ./drivers/fsl_uart.o
 *fill*         0x00000000000060ab        0x1 ff
 .rodata.UART_GetDefaultConfig.str1.4
                0x00000000000060ac       0x19 ./drivers/fsl_uart.o
 *fill*         0x00000000000060c5        0x3 ff
 .rodata.UART_ReadBlocking.str1.4
                0x00000000000060c8       0x17 ./drivers/fsl_uart.o
 *fill*         0x00000000000060df        0x1 ff
 .rodata.mcgConfig_BOARD_BootClockRUN
                0x00000000000060e0        0xa ./board/clock_config.o
                0x00000000000060e0                mcgConfig_BOARD_BootClockRUN
 *fill*         0x00000000000060ea        0x2 ff
 .rodata.simConfig_BOARD_BootClockRUN
                0x00000000000060ec        0x8 ./board/clock_config.o
                0x00000000000060ec                simConfig_BOARD_BootClockRUN
 .rodata.oscConfig_BOARD_BootClockRUN
                0x00000000000060f4        0x8 ./board/clock_config.o
                0x00000000000060f4                oscConfig_BOARD_BootClockRUN
 .rodata.PORT_SetPinConfig.str1.4
                0x00000000000060fc       0x6d ./board/pin_mux.o
 *fill*         0x0000000000006169        0x3 ff
 .rodata.s_i2cDriverVersion
                0x000000000000616c        0x4 ./CMSIS_driver/fsl_i2c_cmsis.o
 .rodata.s_i2cClocks
                0x0000000000006170        0x8 ./CMSIS_driver/fsl_i2c_cmsis.o
 .rodata.I2C0_Resource
                0x0000000000006178        0x8 ./CMSIS_driver/fsl_i2c_cmsis.o
                0x0000000000006178                I2C0_Resource
 .rodata.Driver_I2C0
                0x0000000000006180       0x30 ./CMSIS_driver/fsl_i2c_cmsis.o
                0x0000000000006180                Driver_I2C0
 .rodata.__num_Ciob_streams
                0x00000000000061b0        0x4 /Applications/MCUXpressoIDE_11.3.0_5222/ide/plugins/com.nxp.mcuxpresso.tools.macosx_11.3.0.202011031536/tools/bin/../lib/gcc/arm-none-eabi/9.3.1/../../../../arm-none-eabi/lib/thumb/v6-m/nofp/libcr_semihost_nf.a(__ciob.o)
                0x00000000000061b0                __num_Ciob_streams
 .rodata.__assertion_failed.str1.1
                0x00000000000061b4       0x15 /Applications/MCUXpressoIDE_11.3.0_5222/ide/plugins/com.nxp.mcuxpresso.tools.macosx_11.3.0.202011031536/tools/bin/../lib/gcc/arm-none-eabi/9.3.1/../../../../arm-none-eabi/lib/thumb/v6-m/nofp/libcr_semihost_nf.a(_cr_assert.o)
 .rodata._Csys_alloc.str1.1
                0x00000000000061c9       0x18 /Applications/MCUXpressoIDE_11.3.0_5222/ide/plugins/com.nxp.mcuxpresso.tools.macosx_11.3.0.202011031536/tools/bin/../lib/gcc/arm-none-eabi/9.3.1/../../../../arm-none-eabi/lib/thumb/v6-m/nofp/libcr_c.a(alloc.o)
 .rodata._initio.str1.1
                0x00000000000061e1        0x4 /Applications/MCUXpressoIDE_11.3.0_5222/ide/plugins/com.nxp.mcuxpresso.tools.macosx_11.3.0.202011031536/tools/bin/../lib/gcc/arm-none-eabi/9.3.1/../../../../arm-none-eabi/lib/thumb/v6-m/nofp/libcr_c.a(initio.o)
 .rodata.__vfprintf.str1.1
                0x00000000000061e5       0x35 /Applications/MCUXpressoIDE_11.3.0_5222/ide/plugins/com.nxp.mcuxpresso.tools.macosx_11.3.0.202011031536/tools/bin/../lib/gcc/arm-none-eabi/9.3.1/../../../../arm-none-eabi/lib/thumb/v6-m/nofp/libcr_c.a(printf.o)
                                         0x38 (size before relaxing)
                0x000000000000621c                . = ALIGN (0x4)
 *fill*         0x000000000000621a        0x2 ff

.glue_7         0x000000000000621c        0x0
 .glue_7        0x000000000000621c        0x0 linker stubs

.glue_7t        0x000000000000621c        0x0
 .glue_7t       0x000000000000621c        0x0 linker stubs

.vfp11_veneer   0x000000000000621c        0x0
 .vfp11_veneer  0x000000000000621c        0x0 linker stubs

.v4_bx          0x000000000000621c        0x0
 .v4_bx         0x000000000000621c        0x0 linker stubs

.iplt           0x000000000000621c        0x0
 .iplt          0x000000000000621c        0x0 ./utilities/fsl_debug_console.o

.rel.dyn        0x000000000000621c        0x0
 .rel.iplt      0x000000000000621c        0x0 ./utilities/fsl_debug_console.o

.ARM.extab
 *(SORT_BY_ALIGNMENT(.ARM.extab*) SORT_BY_ALIGNMENT(.gnu.linkonce.armextab.*))

.ARM.exidx      0x000000000000621c        0x0
                0x000000000000621c                __exidx_start = .
 *(SORT_BY_ALIGNMENT(.ARM.exidx*) SORT_BY_ALIGNMENT(.gnu.linkonce.armexidx.*))
                0x000000000000621c                __exidx_end = .
                0x000000000000621c                _etext = .

.m_usb_data
 *(SORT_BY_ALIGNMENT(m_usb_bdt))

.mtb_buffer_default
 *(SORT_BY_ALIGNMENT(.mtb*))

.uninit_RESERVED
                0x000000001ffff000        0x0
                0x000000001ffff000                _start_uninit_RESERVED = .
 *(SORT_BY_ALIGNMENT(.bss.$RESERVED*))
                0x000000001ffff000                . = ALIGN (0x4)
                0x000000001ffff000                _end_uninit_RESERVED = .

.data           0x000000001ffff000       0x28 load address 0x000000000000621c
 FILL mask 0xff
                0x000000001ffff000                _data = .
                [!provide]                        PROVIDE (__start_data_RAM = .)
                [!provide]                        PROVIDE (__start_data_SRAM = .)
 *(SORT_BY_ALIGNMENT(vtable))
 *(SORT_BY_ALIGNMENT(.ramfunc*))
 *(SORT_BY_ALIGNMENT(CodeQuickAccess))
 *(SORT_BY_ALIGNMENT(DataQuickAccess))
 *(SORT_BY_ALIGNMENT(RamFunction))
 *(SORT_BY_ALIGNMENT(.data*))
 .data.loadValue
                0x000000001ffff000        0x4 ./source/accDataRead.o
                0x000000001ffff000                loadValue
 .data.g_I2C_ErrorEvent
                0x000000001ffff004        0x8 ./interface/register_io_i2c.o
                0x000000001ffff004                g_I2C_ErrorEvent
 .data.s_slowIrcFreq
                0x000000001ffff00c        0x4 ./drivers/fsl_clock.o
 .data.s_fastIrcFreq
                0x000000001ffff010        0x4 ./drivers/fsl_clock.o
 .data.I2C0_InterruptDriverState
                0x000000001ffff014       0x10 ./CMSIS_driver/fsl_i2c_cmsis.o
                0x000000001ffff014                I2C0_InterruptDriverState
 .data.SystemCoreClock
                0x000000001ffff024        0x4 ./CMSIS/system_MKL25Z4.o
                0x000000001ffff024                SystemCoreClock
                0x000000001ffff028                . = ALIGN (0x4)
                0x000000001ffff028                _edata = .
                [!provide]                        PROVIDE (__end_data_RAM = .)
                [!provide]                        PROVIDE (__end_data_SRAM = .)

.igot.plt       0x000000001ffff028        0x0 load address 0x0000000000006244
 .igot.plt      0x000000001ffff028        0x0 ./utilities/fsl_debug_console.o

.bss            0x000000001ffff028      0x674
                0x000000001ffff028                _bss = .
                [!provide]                        PROVIDE (__start_bss_RAM = .)
                [!provide]                        PROVIDE (__start_bss_SRAM = .)
 *(SORT_BY_ALIGNMENT(.bss*))
 .bss.s_debugConsole
                0x000000001ffff028       0x10 ./utilities/fsl_debug_console.o
 .bss.g_ovf_counter
                0x000000001ffff038        0x4 ./utilities/systick_utils.o
                0x000000001ffff038                g_ovf_counter
 .bss.numSwitch
                0x000000001ffff03c        0x4 ./source/accDataRead.o
                0x000000001ffff03c                numSwitch
 .bss.OG_X      0x000000001ffff040        0x4 ./source/accDataRead.o
                0x000000001ffff040                OG_X
 .bss.OG_Y      0x000000001ffff044        0x4 ./source/accDataRead.o
                0x000000001ffff044                OG_Y
 .bss.OG_Z      0x000000001ffff048        0x4 ./source/accDataRead.o
                0x000000001ffff048                OG_Z
 .bss.current_X
                0x000000001ffff04c        0x4 ./source/accDataRead.o
                0x000000001ffff04c                current_X
 .bss.current_Y
                0x000000001ffff050        0x4 ./source/accDataRead.o
                0x000000001ffff050                current_Y
 .bss.current_Z
                0x000000001ffff054        0x4 ./source/accDataRead.o
                0x000000001ffff054                current_Z
 .bss.once_marker
                0x000000001ffff058        0x4 ./source/accDataRead.o
                0x000000001ffff058                once_marker
 .bss.averager  0x000000001ffff05c        0x4 ./source/accDataRead.o
                0x000000001ffff05c                averager
 .bss.b_I2C_CompletionFlag
                0x000000001ffff060        0x2 ./interface/register_io_i2c.o
                0x000000001ffff060                b_I2C_CompletionFlag
 *fill*         0x000000001ffff062        0x2 
 .bss.isrObj    0x000000001ffff064      0x500 ./gpio_driver/gpio_driver.o
 .bss.g_xtal0Freq
                0x000000001ffff564        0x4 ./drivers/fsl_clock.o
                0x000000001ffff564                g_xtal0Freq
 .bss.g_xtal32Freq
                0x000000001ffff568        0x4 ./drivers/fsl_clock.o
                0x000000001ffff568                g_xtal32Freq
 .bss.s_DMAHandle
                0x000000001ffff56c       0x10 ./drivers/fsl_dma.o
 .bss.s_i2cHandle
                0x000000001ffff57c        0x8 ./drivers/fsl_i2c.o
 .bss.s_i2cMasterIsr
                0x000000001ffff584        0x4 ./drivers/fsl_i2c.o
 .bss.s_i2cSlaveIsr
                0x000000001ffff588        0x4 ./drivers/fsl_i2c.o
 .bss.s_lpsciHandle
                0x000000001ffff58c        0x4 ./drivers/fsl_lpsci.o
 .bss.s_lpsciIsr
                0x000000001ffff590        0x4 ./drivers/fsl_lpsci.o
 .bss.s_spiHandle
                0x000000001ffff594        0x8 ./drivers/fsl_spi.o
 .bss.s_spiMasterIsr
                0x000000001ffff59c        0x4 ./drivers/fsl_spi.o
 .bss.s_spiSlaveIsr
                0x000000001ffff5a0        0x4 ./drivers/fsl_spi.o
 .bss.s_uartHandle
                0x000000001ffff5a4        0xc ./drivers/fsl_uart.o
 .bss.s_uartIsr
                0x000000001ffff5b0        0x4 ./drivers/fsl_uart.o
 .bss.I2C0_handle
                0x000000001ffff5b4       0x28 ./CMSIS_driver/fsl_i2c_cmsis.o
                0x000000001ffff5b4                I2C0_handle
 .bss.__Ciob    0x000000001ffff5dc       0xb4 /Applications/MCUXpressoIDE_11.3.0_5222/ide/plugins/com.nxp.mcuxpresso.tools.macosx_11.3.0.202011031536/tools/bin/../lib/gcc/arm-none-eabi/9.3.1/../../../../arm-none-eabi/lib/thumb/v6-m/nofp/libcr_semihost_nf.a(__ciob.o)
                0x000000001ffff5dc                __Ciob
 .bss.__end_of_heap
                0x000000001ffff690        0x4 /Applications/MCUXpressoIDE_11.3.0_5222/ide/plugins/com.nxp.mcuxpresso.tools.macosx_11.3.0.202011031536/tools/bin/../lib/gcc/arm-none-eabi/9.3.1/../../../../arm-none-eabi/lib/thumb/v6-m/nofp/libcr_c.a(__init_alloc.o)
                0x000000001ffff690                __end_of_heap
 .bss.__heaps   0x000000001ffff694        0x4 /Applications/MCUXpressoIDE_11.3.0_5222/ide/plugins/com.nxp.mcuxpresso.tools.macosx_11.3.0.202011031536/tools/bin/../lib/gcc/arm-none-eabi/9.3.1/../../../../arm-none-eabi/lib/thumb/v6-m/nofp/libcr_c.a(__init_alloc.o)
                0x000000001ffff694                __heaps
 .bss.errno     0x000000001ffff698        0x4 /Applications/MCUXpressoIDE_11.3.0_5222/ide/plugins/com.nxp.mcuxpresso.tools.macosx_11.3.0.202011031536/tools/bin/../lib/gcc/arm-none-eabi/9.3.1/../../../../arm-none-eabi/lib/thumb/v6-m/nofp/libcr_c.a(errno.o)
                0x000000001ffff698                errno
 *(SORT_BY_ALIGNMENT(COMMON))
                0x000000001ffff69c                . = ALIGN (0x4)
                0x000000001ffff69c                _ebss = .
                [!provide]                        PROVIDE (__end_bss_RAM = .)
                [!provide]                        PROVIDE (__end_bss_SRAM = .)
                [!provide]                        PROVIDE (end = .)

.noinit         0x000000001ffff69c        0x0
                0x000000001ffff69c                _noinit = .
                [!provide]                        PROVIDE (__start_noinit_RAM = .)
                [!provide]                        PROVIDE (__start_noinit_SRAM = .)
 *(SORT_BY_ALIGNMENT(.noinit*))
                0x000000001ffff69c                . = ALIGN (0x4)
                0x000000001ffff69c                _end_noinit = .
                [!provide]                        PROVIDE (__end_noinit_RAM = .)
                [!provide]                        PROVIDE (__end_noinit_SRAM = .)
                0x0000000000000400                _HeapSize = 0x400

.heap           0x000000001ffff69c      0x400
                0x000000001ffff69c                _pvHeapStart = .
                0x000000001ffffa9c                . = (. + _HeapSize)
 *fill*         0x000000001ffff69c      0x400 
                0x000000001ffffa9c                . = ALIGN (0x4)
                0x000000001ffffa9c                _pvHeapLimit = .
                0x0000000000000400                _StackSize = 0x400

.heap2stackfill
                0x000000001ffffa9c      0x400
                0x000000001ffffe9c                . = (. + _StackSize)
 *fill*         0x000000001ffffa9c      0x400 

.stack          0x0000000020002c00        0x0
                0x0000000020002c00                _vStackBase = .
                0x0000000020002c00                . = ALIGN (0x4)
                0x0000000020003000                _vStackTop = (. + _StackSize)
                0x0000000000000000                _image_start = LOADADDR (.text)
                0x0000000000006244                _image_end = (LOADADDR (.data) + SIZEOF (.data))
                0x0000000000006244                _image_size = (_image_end - _image_start)
OUTPUT(3140FinalTest.axf elf32-littlearm)
LOAD linker stubs

.debug_info     0x0000000000000000    0x148ae
 .debug_info    0x0000000000000000      0x9b1 ./utilities/fsl_debug_console.o
 .debug_info    0x00000000000009b1     0x13cd ./utilities/systick_utils.o
 .debug_info    0x0000000000001d7e      0x4db ./startup/startup_mkl25z4.o
 .debug_info    0x0000000000002259     0x1ea3 ./source/accDataRead.o
 .debug_info    0x00000000000040fc       0x38 ./source/semihost_hardfault.o
 .debug_info    0x0000000000004134      0x7cf ./sensors/mma845x_drv.o
 .debug_info    0x0000000000004903     0x159a ./interface/register_io_i2c.o
 .debug_info    0x0000000000005e9d      0x6e8 ./interface/sensor_io_i2c.o
 .debug_info    0x0000000000006585      0xfae ./gpio_driver/gpio_driver.o
 .debug_info    0x0000000000007533      0x37b ./gpio_driver/gpio_driver_irq.o
 .debug_info    0x00000000000078ae     0x1a93 ./drivers/fsl_clock.o
 .debug_info    0x0000000000009341      0xf4a ./drivers/fsl_dma.o
 .debug_info    0x000000000000a28b      0x562 ./drivers/fsl_gpio.o
 .debug_info    0x000000000000a7ed     0x1a96 ./drivers/fsl_i2c.o
 .debug_info    0x000000000000c283     0x1465 ./drivers/fsl_lpsci.o
 .debug_info    0x000000000000d6e8      0x76f ./drivers/fsl_smc.o
 .debug_info    0x000000000000de57     0x140d ./drivers/fsl_spi.o
 .debug_info    0x000000000000f264     0x1406 ./drivers/fsl_uart.o
 .debug_info    0x000000000001066a      0x807 ./board/board.o
 .debug_info    0x0000000000010e71      0xaea ./board/clock_config.o
 .debug_info    0x000000000001195b      0xd99 ./board/frdm_kl25z.o
 .debug_info    0x00000000000126f4      0x833 ./board/pin_mux.o
 .debug_info    0x0000000000012f27     0x1552 ./CMSIS_driver/fsl_i2c_cmsis.o
 .debug_info    0x0000000000014479      0x435 ./CMSIS/system_MKL25Z4.o

.debug_abbrev   0x0000000000000000     0x37e2
 .debug_abbrev  0x0000000000000000      0x218 ./utilities/fsl_debug_console.o
 .debug_abbrev  0x0000000000000218      0x2a1 ./utilities/systick_utils.o
 .debug_abbrev  0x00000000000004b9      0x18a ./startup/startup_mkl25z4.o
 .debug_abbrev  0x0000000000000643      0x315 ./source/accDataRead.o
 .debug_abbrev  0x0000000000000958       0x2e ./source/semihost_hardfault.o
 .debug_abbrev  0x0000000000000986      0x1c2 ./sensors/mma845x_drv.o
 .debug_abbrev  0x0000000000000b48      0x2ed ./interface/register_io_i2c.o
 .debug_abbrev  0x0000000000000e35      0x176 ./interface/sensor_io_i2c.o
 .debug_abbrev  0x0000000000000fab      0x357 ./gpio_driver/gpio_driver.o
 .debug_abbrev  0x0000000000001302      0x150 ./gpio_driver/gpio_driver_irq.o
 .debug_abbrev  0x0000000000001452      0x36c ./drivers/fsl_clock.o
 .debug_abbrev  0x00000000000017be      0x2e9 ./drivers/fsl_dma.o
 .debug_abbrev  0x0000000000001aa7      0x1b5 ./drivers/fsl_gpio.o
 .debug_abbrev  0x0000000000001c5c      0x36b ./drivers/fsl_i2c.o
 .debug_abbrev  0x0000000000001fc7      0x306 ./drivers/fsl_lpsci.o
 .debug_abbrev  0x00000000000022cd      0x234 ./drivers/fsl_smc.o
 .debug_abbrev  0x0000000000002501      0x320 ./drivers/fsl_spi.o
 .debug_abbrev  0x0000000000002821      0x320 ./drivers/fsl_uart.o
 .debug_abbrev  0x0000000000002b41      0x1a4 ./board/board.o
 .debug_abbrev  0x0000000000002ce5      0x21d ./board/clock_config.o
 .debug_abbrev  0x0000000000002f02      0x21a ./board/frdm_kl25z.o
 .debug_abbrev  0x000000000000311c      0x258 ./board/pin_mux.o
 .debug_abbrev  0x0000000000003374      0x31b ./CMSIS_driver/fsl_i2c_cmsis.o
 .debug_abbrev  0x000000000000368f      0x153 ./CMSIS/system_MKL25Z4.o

.debug_aranges  0x0000000000000000      0xf00
 .debug_aranges
                0x0000000000000000       0x48 ./utilities/fsl_debug_console.o
 .debug_aranges
                0x0000000000000048       0x50 ./utilities/systick_utils.o
 .debug_aranges
                0x0000000000000098      0x160 ./startup/startup_mkl25z4.o
 .debug_aranges
                0x00000000000001f8       0x38 ./source/accDataRead.o
 .debug_aranges
                0x0000000000000230       0x20 ./source/semihost_hardfault.o
 .debug_aranges
                0x0000000000000250       0x40 ./sensors/mma845x_drv.o
 .debug_aranges
                0x0000000000000290       0x40 ./interface/register_io_i2c.o
 .debug_aranges
                0x00000000000002d0       0x30 ./interface/sensor_io_i2c.o
 .debug_aranges
                0x0000000000000300       0xa8 ./gpio_driver/gpio_driver.o
 .debug_aranges
                0x00000000000003a8       0x40 ./gpio_driver/gpio_driver_irq.o
 .debug_aranges
                0x00000000000003e8      0x1d8 ./drivers/fsl_clock.o
 .debug_aranges
                0x00000000000005c0       0xd0 ./drivers/fsl_dma.o
 .debug_aranges
                0x0000000000000690       0x40 ./drivers/fsl_gpio.o
 .debug_aranges
                0x00000000000006d0      0x178 ./drivers/fsl_i2c.o
 .debug_aranges
                0x0000000000000848      0x118 ./drivers/fsl_lpsci.o
 .debug_aranges
                0x0000000000000960       0x68 ./drivers/fsl_smc.o
 .debug_aranges
                0x00000000000009c8      0x130 ./drivers/fsl_spi.o
 .debug_aranges
                0x0000000000000af8      0x130 ./drivers/fsl_uart.o
 .debug_aranges
                0x0000000000000c28       0x28 ./board/board.o
 .debug_aranges
                0x0000000000000c50       0x50 ./board/clock_config.o
 .debug_aranges
                0x0000000000000ca0       0x58 ./board/frdm_kl25z.o
 .debug_aranges
                0x0000000000000cf8       0xa8 ./board/pin_mux.o
 .debug_aranges
                0x0000000000000da0      0x138 ./CMSIS_driver/fsl_i2c_cmsis.o
 .debug_aranges
                0x0000000000000ed8       0x28 ./CMSIS/system_MKL25Z4.o

.debug_ranges   0x0000000000000000      0xd80
 .debug_ranges  0x0000000000000000       0x38 ./utilities/fsl_debug_console.o
 .debug_ranges  0x0000000000000038       0x40 ./utilities/systick_utils.o
 .debug_ranges  0x0000000000000078      0x150 ./startup/startup_mkl25z4.o
 .debug_ranges  0x00000000000001c8       0x28 ./source/accDataRead.o
 .debug_ranges  0x00000000000001f0       0x10 ./source/semihost_hardfault.o
 .debug_ranges  0x0000000000000200       0x30 ./sensors/mma845x_drv.o
 .debug_ranges  0x0000000000000230       0x30 ./interface/register_io_i2c.o
 .debug_ranges  0x0000000000000260       0x20 ./interface/sensor_io_i2c.o
 .debug_ranges  0x0000000000000280       0x98 ./gpio_driver/gpio_driver.o
 .debug_ranges  0x0000000000000318       0x30 ./gpio_driver/gpio_driver_irq.o
 .debug_ranges  0x0000000000000348      0x1c8 ./drivers/fsl_clock.o
 .debug_ranges  0x0000000000000510       0xc0 ./drivers/fsl_dma.o
 .debug_ranges  0x00000000000005d0       0x30 ./drivers/fsl_gpio.o
 .debug_ranges  0x0000000000000600      0x168 ./drivers/fsl_i2c.o
 .debug_ranges  0x0000000000000768      0x108 ./drivers/fsl_lpsci.o
 .debug_ranges  0x0000000000000870       0x58 ./drivers/fsl_smc.o
 .debug_ranges  0x00000000000008c8      0x120 ./drivers/fsl_spi.o
 .debug_ranges  0x00000000000009e8      0x120 ./drivers/fsl_uart.o
 .debug_ranges  0x0000000000000b08       0x18 ./board/board.o
 .debug_ranges  0x0000000000000b20       0x40 ./board/clock_config.o
 .debug_ranges  0x0000000000000b60       0x48 ./board/frdm_kl25z.o
 .debug_ranges  0x0000000000000ba8       0x98 ./board/pin_mux.o
 .debug_ranges  0x0000000000000c40      0x128 ./CMSIS_driver/fsl_i2c_cmsis.o
 .debug_ranges  0x0000000000000d68       0x18 ./CMSIS/system_MKL25Z4.o

.debug_line     0x0000000000000000     0x9a61
 .debug_line    0x0000000000000000      0x3b9 ./utilities/fsl_debug_console.o
 .debug_line    0x00000000000003b9      0x520 ./utilities/systick_utils.o
 .debug_line    0x00000000000008d9      0x1e7 ./startup/startup_mkl25z4.o
 .debug_line    0x0000000000000ac0      0x78d ./source/accDataRead.o
 .debug_line    0x000000000000124d       0x59 ./source/semihost_hardfault.o
 .debug_line    0x00000000000012a6      0x384 ./sensors/mma845x_drv.o
 .debug_line    0x000000000000162a      0x6e2 ./interface/register_io_i2c.o
 .debug_line    0x0000000000001d0c      0x306 ./interface/sensor_io_i2c.o
 .debug_line    0x0000000000002012      0x5b1 ./gpio_driver/gpio_driver.o
 .debug_line    0x00000000000025c3      0x338 ./gpio_driver/gpio_driver_irq.o
 .debug_line    0x00000000000028fb     0x1266 ./drivers/fsl_clock.o
 .debug_line    0x0000000000003b61      0x6c8 ./drivers/fsl_dma.o
 .debug_line    0x0000000000004229      0x2e9 ./drivers/fsl_gpio.o
 .debug_line    0x0000000000004512     0x122f ./drivers/fsl_i2c.o
 .debug_line    0x0000000000005741      0xce2 ./drivers/fsl_lpsci.o
 .debug_line    0x0000000000006423      0x4ad ./drivers/fsl_smc.o
 .debug_line    0x00000000000068d0      0xa64 ./drivers/fsl_spi.o
 .debug_line    0x0000000000007334      0xcd1 ./drivers/fsl_uart.o
 .debug_line    0x0000000000008005      0x289 ./board/board.o
 .debug_line    0x000000000000828e      0x341 ./board/clock_config.o
 .debug_line    0x00000000000085cf      0x413 ./board/frdm_kl25z.o
 .debug_line    0x00000000000089e2      0x490 ./board/pin_mux.o
 .debug_line    0x0000000000008e72      0x943 ./CMSIS_driver/fsl_i2c_cmsis.o
 .debug_line    0x00000000000097b5      0x2ac ./CMSIS/system_MKL25Z4.o

.debug_str      0x0000000000000000     0x70e9
 .debug_str     0x0000000000000000      0xad8 ./utilities/fsl_debug_console.o
                                        0xb5e (size before relaxing)
 .debug_str     0x0000000000000ad8      0xb18 ./utilities/systick_utils.o
                                       0x138c (size before relaxing)
 .debug_str     0x00000000000015f0      0x375 ./startup/startup_mkl25z4.o
                                        0x4da (size before relaxing)
 .debug_str     0x0000000000001965      0xa8e ./source/accDataRead.o
                                       0x1cce (size before relaxing)
 .debug_str     0x00000000000023f3       0x1f ./source/semihost_hardfault.o
                                        0x164 (size before relaxing)
 .debug_str     0x0000000000002412       0xe2 ./sensors/mma845x_drv.o
                                        0x976 (size before relaxing)
 .debug_str     0x00000000000024f4      0x104 ./interface/register_io_i2c.o
                                       0x12fd (size before relaxing)
 .debug_str     0x00000000000025f8       0xb4 ./interface/sensor_io_i2c.o
                                        0x615 (size before relaxing)
 .debug_str     0x00000000000026ac      0x56f ./gpio_driver/gpio_driver.o
                                       0x11ef (size before relaxing)
 .debug_str     0x0000000000002c1b       0x54 ./gpio_driver/gpio_driver_irq.o
                                        0x41b (size before relaxing)
 .debug_str     0x0000000000002c6f      0xa59 ./drivers/fsl_clock.o
                                       0x1805 (size before relaxing)
 .debug_str     0x00000000000036c8      0x741 ./drivers/fsl_dma.o
                                       0x1297 (size before relaxing)
 .debug_str     0x0000000000003e09       0x84 ./drivers/fsl_gpio.o
                                        0x82c (size before relaxing)
 .debug_str     0x0000000000003e8d      0xb91 ./drivers/fsl_i2c.o
                                       0x178e (size before relaxing)
 .debug_str     0x0000000000004a1e      0x91f ./drivers/fsl_lpsci.o
                                       0x15cd (size before relaxing)
 .debug_str     0x000000000000533d      0x3f8 ./drivers/fsl_smc.o
                                        0x701 (size before relaxing)
 .debug_str     0x0000000000005735      0x75f ./drivers/fsl_spi.o
                                       0x137d (size before relaxing)
 .debug_str     0x0000000000005e94      0x819 ./drivers/fsl_uart.o
                                       0x15d9 (size before relaxing)
 .debug_str     0x00000000000066ad       0x4c ./board/board.o
                                        0x758 (size before relaxing)
 .debug_str     0x00000000000066f9      0x1fb ./board/clock_config.o
                                        0xdd7 (size before relaxing)
 .debug_str     0x00000000000068f4       0x74 ./board/frdm_kl25z.o
                                        0xe75 (size before relaxing)
 .debug_str     0x0000000000006968      0x231 ./board/pin_mux.o
                                        0x890 (size before relaxing)
 .debug_str     0x0000000000006b99      0x501 ./CMSIS_driver/fsl_i2c_cmsis.o
                                       0x14f8 (size before relaxing)
 .debug_str     0x000000000000709a       0x4f ./CMSIS/system_MKL25Z4.o
                                        0x346 (size before relaxing)

.comment        0x0000000000000000       0x4c
 .comment       0x0000000000000000       0x4c ./utilities/fsl_debug_console.o
                                         0x4d (size before relaxing)
 .comment       0x000000000000004c       0x4d ./utilities/systick_utils.o
 .comment       0x000000000000004c       0x4d ./startup/startup_mkl25z4.o
 .comment       0x000000000000004c       0x4d ./source/accDataRead.o
 .comment       0x000000000000004c       0x4d ./source/semihost_hardfault.o
 .comment       0x000000000000004c       0x4d ./sensors/mma845x_drv.o
 .comment       0x000000000000004c       0x4d ./interface/register_io_i2c.o
 .comment       0x000000000000004c       0x4d ./interface/sensor_io_i2c.o
 .comment       0x000000000000004c       0x4d ./gpio_driver/gpio_driver.o
 .comment       0x000000000000004c       0x4d ./gpio_driver/gpio_driver_irq.o
 .comment       0x000000000000004c       0x4d ./drivers/fsl_clock.o
 .comment       0x000000000000004c       0x4d ./drivers/fsl_dma.o
 .comment       0x000000000000004c       0x4d ./drivers/fsl_gpio.o
 .comment       0x000000000000004c       0x4d ./drivers/fsl_i2c.o
 .comment       0x000000000000004c       0x4d ./drivers/fsl_lpsci.o
 .comment       0x000000000000004c       0x4d ./drivers/fsl_smc.o
 .comment       0x000000000000004c       0x4d ./drivers/fsl_spi.o
 .comment       0x000000000000004c       0x4d ./drivers/fsl_uart.o
 .comment       0x000000000000004c       0x4d ./board/board.o
 .comment       0x000000000000004c       0x4d ./board/clock_config.o
 .comment       0x000000000000004c       0x4d ./board/frdm_kl25z.o
 .comment       0x000000000000004c       0x4d ./board/pin_mux.o
 .comment       0x000000000000004c       0x4d ./CMSIS_driver/fsl_i2c_cmsis.o
 .comment       0x000000000000004c       0x4d ./CMSIS/system_MKL25Z4.o
 .comment       0x000000000000004c       0x4d /Applications/MCUXpressoIDE_11.3.0_5222/ide/plugins/com.nxp.mcuxpresso.tools.macosx_11.3.0.202011031536/tools/bin/../lib/gcc/arm-none-eabi/9.3.1/../../../../arm-none-eabi/lib/thumb/v6-m/nofp/libcr_semihost_nf.a(_cr__main.o)
 .comment       0x000000000000004c       0x4d /Applications/MCUXpressoIDE_11.3.0_5222/ide/plugins/com.nxp.mcuxpresso.tools.macosx_11.3.0.202011031536/tools/bin/../lib/gcc/arm-none-eabi/9.3.1/../../../../arm-none-eabi/lib/thumb/v6-m/nofp/libcr_semihost_nf.a(_cr_assert.o)
 .comment       0x000000000000004c       0x4d /Applications/MCUXpressoIDE_11.3.0_5222/ide/plugins/com.nxp.mcuxpresso.tools.macosx_11.3.0.202011031536/tools/bin/../lib/gcc/arm-none-eabi/9.3.1/../../../../arm-none-eabi/lib/thumb/v6-m/nofp/libcr_semihost_nf.a(__ciob.o)
 .comment       0x000000000000004c       0x4d /Applications/MCUXpressoIDE_11.3.0_5222/ide/plugins/com.nxp.mcuxpresso.tools.macosx_11.3.0.202011031536/tools/bin/../lib/gcc/arm-none-eabi/9.3.1/../../../../arm-none-eabi/lib/thumb/v6-m/nofp/libcr_c.a(memset.o)
 .comment       0x000000000000004c       0x4d /Applications/MCUXpressoIDE_11.3.0_5222/ide/plugins/com.nxp.mcuxpresso.tools.macosx_11.3.0.202011031536/tools/bin/../lib/gcc/arm-none-eabi/9.3.1/../../../../arm-none-eabi/lib/thumb/v6-m/nofp/libcr_c.a(_deferredlazyseek.o)
 .comment       0x000000000000004c       0x4d /Applications/MCUXpressoIDE_11.3.0_5222/ide/plugins/com.nxp.mcuxpresso.tools.macosx_11.3.0.202011031536/tools/bin/../lib/gcc/arm-none-eabi/9.3.1/../../../../arm-none-eabi/lib/thumb/v6-m/nofp/libcr_c.a(_fflush.o)
 .comment       0x000000000000004c       0x4d /Applications/MCUXpressoIDE_11.3.0_5222/ide/plugins/com.nxp.mcuxpresso.tools.macosx_11.3.0.202011031536/tools/bin/../lib/gcc/arm-none-eabi/9.3.1/../../../../arm-none-eabi/lib/thumb/v6-m/nofp/libcr_c.a(_writebuf.o)
 .comment       0x000000000000004c       0x4d /Applications/MCUXpressoIDE_11.3.0_5222/ide/plugins/com.nxp.mcuxpresso.tools.macosx_11.3.0.202011031536/tools/bin/../lib/gcc/arm-none-eabi/9.3.1/../../../../arm-none-eabi/lib/thumb/v6-m/nofp/libcr_c.a(alloc.o)
 .comment       0x000000000000004c       0x4d /Applications/MCUXpressoIDE_11.3.0_5222/ide/plugins/com.nxp.mcuxpresso.tools.macosx_11.3.0.202011031536/tools/bin/../lib/gcc/arm-none-eabi/9.3.1/../../../../arm-none-eabi/lib/thumb/v6-m/nofp/libcr_c.a(fputs.o)
 .comment       0x000000000000004c       0x4d /Applications/MCUXpressoIDE_11.3.0_5222/ide/plugins/com.nxp.mcuxpresso.tools.macosx_11.3.0.202011031536/tools/bin/../lib/gcc/arm-none-eabi/9.3.1/../../../../arm-none-eabi/lib/thumb/v6-m/nofp/libcr_c.a(fseek.o)
 .comment       0x000000000000004c       0x4d /Applications/MCUXpressoIDE_11.3.0_5222/ide/plugins/com.nxp.mcuxpresso.tools.macosx_11.3.0.202011031536/tools/bin/../lib/gcc/arm-none-eabi/9.3.1/../../../../arm-none-eabi/lib/thumb/v6-m/nofp/libcr_c.a(ftell.o)
 .comment       0x000000000000004c       0x4d /Applications/MCUXpressoIDE_11.3.0_5222/ide/plugins/com.nxp.mcuxpresso.tools.macosx_11.3.0.202011031536/tools/bin/../lib/gcc/arm-none-eabi/9.3.1/../../../../arm-none-eabi/lib/thumb/v6-m/nofp/libcr_c.a(initio.o)
 .comment       0x000000000000004c       0x4d /Applications/MCUXpressoIDE_11.3.0_5222/ide/plugins/com.nxp.mcuxpresso.tools.macosx_11.3.0.202011031536/tools/bin/../lib/gcc/arm-none-eabi/9.3.1/../../../../arm-none-eabi/lib/thumb/v6-m/nofp/libcr_c.a(printf.o)
 .comment       0x000000000000004c       0x4d /Applications/MCUXpressoIDE_11.3.0_5222/ide/plugins/com.nxp.mcuxpresso.tools.macosx_11.3.0.202011031536/tools/bin/../lib/gcc/arm-none-eabi/9.3.1/../../../../arm-none-eabi/lib/thumb/v6-m/nofp/libcr_c.a(setvbuf.o)
 .comment       0x000000000000004c       0x4d /Applications/MCUXpressoIDE_11.3.0_5222/ide/plugins/com.nxp.mcuxpresso.tools.macosx_11.3.0.202011031536/tools/bin/../lib/gcc/arm-none-eabi/9.3.1/../../../../arm-none-eabi/lib/thumb/v6-m/nofp/libcr_c.a(strlen.o)
 .comment       0x000000000000004c       0x4d /Applications/MCUXpressoIDE_11.3.0_5222/ide/plugins/com.nxp.mcuxpresso.tools.macosx_11.3.0.202011031536/tools/bin/../lib/gcc/arm-none-eabi/9.3.1/../../../../arm-none-eabi/lib/thumb/v6-m/nofp/libcr_c.a(__init_alloc.o)
 .comment       0x000000000000004c       0x4d /Applications/MCUXpressoIDE_11.3.0_5222/ide/plugins/com.nxp.mcuxpresso.tools.macosx_11.3.0.202011031536/tools/bin/../lib/gcc/arm-none-eabi/9.3.1/../../../../arm-none-eabi/lib/thumb/v6-m/nofp/libcr_c.a(_cr_sbrk.o)
 .comment       0x000000000000004c       0x4d /Applications/MCUXpressoIDE_11.3.0_5222/ide/plugins/com.nxp.mcuxpresso.tools.macosx_11.3.0.202011031536/tools/bin/../lib/gcc/arm-none-eabi/9.3.1/../../../../arm-none-eabi/lib/thumb/v6-m/nofp/libcr_c.a(_fdopen.o)
 .comment       0x000000000000004c       0x4d /Applications/MCUXpressoIDE_11.3.0_5222/ide/plugins/com.nxp.mcuxpresso.tools.macosx_11.3.0.202011031536/tools/bin/../lib/gcc/arm-none-eabi/9.3.1/../../../../arm-none-eabi/lib/thumb/v6-m/nofp/libcr_c.a(errno.o)
 .comment       0x000000000000004c       0x4d /Applications/MCUXpressoIDE_11.3.0_5222/ide/plugins/com.nxp.mcuxpresso.tools.macosx_11.3.0.202011031536/tools/bin/../lib/gcc/arm-none-eabi/9.3.1/../../../../arm-none-eabi/lib/thumb/v6-m/nofp/libcr_c.a(fclose.o)
 .comment       0x000000000000004c       0x4d /Applications/MCUXpressoIDE_11.3.0_5222/ide/plugins/com.nxp.mcuxpresso.tools.macosx_11.3.0.202011031536/tools/bin/../lib/gcc/arm-none-eabi/9.3.1/../../../../arm-none-eabi/lib/thumb/v6-m/nofp/libcr_c.a(fflush.o)
 .comment       0x000000000000004c       0x4d /Applications/MCUXpressoIDE_11.3.0_5222/ide/plugins/com.nxp.mcuxpresso.tools.macosx_11.3.0.202011031536/tools/bin/../lib/gcc/arm-none-eabi/9.3.1/../../../../arm-none-eabi/lib/thumb/v6-m/nofp/libcr_c.a(remove.o)
 .comment       0x000000000000004c       0x4d /Applications/MCUXpressoIDE_11.3.0_5222/ide/plugins/com.nxp.mcuxpresso.tools.macosx_11.3.0.202011031536/tools/bin/../lib/gcc/arm-none-eabi/9.3.1/../../../../arm-none-eabi/lib/thumb/v6-m/nofp/libcr_c.a(_cr_check_heap.o)
 .comment       0x000000000000004c       0x4d /Applications/MCUXpressoIDE_11.3.0_5222/ide/plugins/com.nxp.mcuxpresso.tools.macosx_11.3.0.202011031536/tools/bin/../lib/gcc/arm-none-eabi/9.3.1/../../../../arm-none-eabi/lib/thumb/v6-m/nofp/libcr_c.a(_do_fflush.o)

.ARM.attributes
                0x0000000000000000       0x2a
 .ARM.attributes
                0x0000000000000000       0x2c ./utilities/fsl_debug_console.o
 .ARM.attributes
                0x000000000000002c       0x2c ./utilities/systick_utils.o
 .ARM.attributes
                0x0000000000000058       0x2c ./startup/startup_mkl25z4.o
 .ARM.attributes
                0x0000000000000084       0x2c ./source/accDataRead.o
 .ARM.attributes
                0x00000000000000b0       0x2c ./source/semihost_hardfault.o
 .ARM.attributes
                0x00000000000000dc       0x2c ./sensors/mma845x_drv.o
 .ARM.attributes
                0x0000000000000108       0x2c ./interface/register_io_i2c.o
 .ARM.attributes
                0x0000000000000134       0x2c ./interface/sensor_io_i2c.o
 .ARM.attributes
                0x0000000000000160       0x2c ./gpio_driver/gpio_driver.o
 .ARM.attributes
                0x000000000000018c       0x2c ./gpio_driver/gpio_driver_irq.o
 .ARM.attributes
                0x00000000000001b8       0x2c ./drivers/fsl_clock.o
 .ARM.attributes
                0x00000000000001e4       0x2c ./drivers/fsl_dma.o
 .ARM.attributes
                0x0000000000000210       0x2c ./drivers/fsl_gpio.o
 .ARM.attributes
                0x000000000000023c       0x2c ./drivers/fsl_i2c.o
 .ARM.attributes
                0x0000000000000268       0x2c ./drivers/fsl_lpsci.o
 .ARM.attributes
                0x0000000000000294       0x2c ./drivers/fsl_smc.o
 .ARM.attributes
                0x00000000000002c0       0x2c ./drivers/fsl_spi.o
 .ARM.attributes
                0x00000000000002ec       0x2c ./drivers/fsl_uart.o
 .ARM.attributes
                0x0000000000000318       0x2c ./board/board.o
 .ARM.attributes
                0x0000000000000344       0x2c ./board/clock_config.o
 .ARM.attributes
                0x0000000000000370       0x2c ./board/frdm_kl25z.o
 .ARM.attributes
                0x000000000000039c       0x2c ./board/pin_mux.o
 .ARM.attributes
                0x00000000000003c8       0x2c ./CMSIS_driver/fsl_i2c_cmsis.o
 .ARM.attributes
                0x00000000000003f4       0x2c ./CMSIS/system_MKL25Z4.o
 .ARM.attributes
                0x0000000000000420       0x2c /Applications/MCUXpressoIDE_11.3.0_5222/ide/plugins/com.nxp.mcuxpresso.tools.macosx_11.3.0.202011031536/tools/bin/../lib/gcc/arm-none-eabi/9.3.1/../../../../arm-none-eabi/lib/thumb/v6-m/nofp/libcr_semihost_nf.a(_cr__main.o)
 .ARM.attributes
                0x000000000000044c       0x2c /Applications/MCUXpressoIDE_11.3.0_5222/ide/plugins/com.nxp.mcuxpresso.tools.macosx_11.3.0.202011031536/tools/bin/../lib/gcc/arm-none-eabi/9.3.1/../../../../arm-none-eabi/lib/thumb/v6-m/nofp/libcr_semihost_nf.a(_cr_assert.o)
 .ARM.attributes
                0x0000000000000478       0x31 /Applications/MCUXpressoIDE_11.3.0_5222/ide/plugins/com.nxp.mcuxpresso.tools.macosx_11.3.0.202011031536/tools/bin/../lib/gcc/arm-none-eabi/9.3.1/../../../../arm-none-eabi/lib/thumb/v6-m/nofp/libcr_semihost_nf.a(__ciob.o)
 .ARM.attributes
                0x00000000000004a9       0x1c /Applications/MCUXpressoIDE_11.3.0_5222/ide/plugins/com.nxp.mcuxpresso.tools.macosx_11.3.0.202011031536/tools/bin/../lib/gcc/arm-none-eabi/9.3.1/../../../../arm-none-eabi/lib/thumb/v6-m/nofp/libcr_semihost_nf.a(__sys_appexit.o)
 .ARM.attributes
                0x00000000000004c5       0x2c /Applications/MCUXpressoIDE_11.3.0_5222/ide/plugins/com.nxp.mcuxpresso.tools.macosx_11.3.0.202011031536/tools/bin/../lib/gcc/arm-none-eabi/9.3.1/../../../../arm-none-eabi/lib/thumb/v6-m/nofp/libcr_c.a(memset.o)
 .ARM.attributes
                0x00000000000004f1       0x2c /Applications/MCUXpressoIDE_11.3.0_5222/ide/plugins/com.nxp.mcuxpresso.tools.macosx_11.3.0.202011031536/tools/bin/../lib/gcc/arm-none-eabi/9.3.1/../../../../arm-none-eabi/lib/thumb/v6-m/nofp/libcr_c.a(_deferredlazyseek.o)
 .ARM.attributes
                0x000000000000051d       0x2c /Applications/MCUXpressoIDE_11.3.0_5222/ide/plugins/com.nxp.mcuxpresso.tools.macosx_11.3.0.202011031536/tools/bin/../lib/gcc/arm-none-eabi/9.3.1/../../../../arm-none-eabi/lib/thumb/v6-m/nofp/libcr_c.a(_fflush.o)
 .ARM.attributes
                0x0000000000000549       0x2c /Applications/MCUXpressoIDE_11.3.0_5222/ide/plugins/com.nxp.mcuxpresso.tools.macosx_11.3.0.202011031536/tools/bin/../lib/gcc/arm-none-eabi/9.3.1/../../../../arm-none-eabi/lib/thumb/v6-m/nofp/libcr_c.a(_writebuf.o)
 .ARM.attributes
                0x0000000000000575       0x2c /Applications/MCUXpressoIDE_11.3.0_5222/ide/plugins/com.nxp.mcuxpresso.tools.macosx_11.3.0.202011031536/tools/bin/../lib/gcc/arm-none-eabi/9.3.1/../../../../arm-none-eabi/lib/thumb/v6-m/nofp/libcr_c.a(alloc.o)
 .ARM.attributes
                0x00000000000005a1       0x2c /Applications/MCUXpressoIDE_11.3.0_5222/ide/plugins/com.nxp.mcuxpresso.tools.macosx_11.3.0.202011031536/tools/bin/../lib/gcc/arm-none-eabi/9.3.1/../../../../arm-none-eabi/lib/thumb/v6-m/nofp/libcr_c.a(fputs.o)
 .ARM.attributes
                0x00000000000005cd       0x2c /Applications/MCUXpressoIDE_11.3.0_5222/ide/plugins/com.nxp.mcuxpresso.tools.macosx_11.3.0.202011031536/tools/bin/../lib/gcc/arm-none-eabi/9.3.1/../../../../arm-none-eabi/lib/thumb/v6-m/nofp/libcr_c.a(fseek.o)
 .ARM.attributes
                0x00000000000005f9       0x2c /Applications/MCUXpressoIDE_11.3.0_5222/ide/plugins/com.nxp.mcuxpresso.tools.macosx_11.3.0.202011031536/tools/bin/../lib/gcc/arm-none-eabi/9.3.1/../../../../arm-none-eabi/lib/thumb/v6-m/nofp/libcr_c.a(ftell.o)
 .ARM.attributes
                0x0000000000000625       0x2c /Applications/MCUXpressoIDE_11.3.0_5222/ide/plugins/com.nxp.mcuxpresso.tools.macosx_11.3.0.202011031536/tools/bin/../lib/gcc/arm-none-eabi/9.3.1/../../../../arm-none-eabi/lib/thumb/v6-m/nofp/libcr_c.a(initio.o)
 .ARM.attributes
                0x0000000000000651       0x2c /Applications/MCUXpressoIDE_11.3.0_5222/ide/plugins/com.nxp.mcuxpresso.tools.macosx_11.3.0.202011031536/tools/bin/../lib/gcc/arm-none-eabi/9.3.1/../../../../arm-none-eabi/lib/thumb/v6-m/nofp/libcr_c.a(printf.o)
 .ARM.attributes
                0x000000000000067d       0x2c /Applications/MCUXpressoIDE_11.3.0_5222/ide/plugins/com.nxp.mcuxpresso.tools.macosx_11.3.0.202011031536/tools/bin/../lib/gcc/arm-none-eabi/9.3.1/../../../../arm-none-eabi/lib/thumb/v6-m/nofp/libcr_c.a(setvbuf.o)
 .ARM.attributes
                0x00000000000006a9       0x2c /Applications/MCUXpressoIDE_11.3.0_5222/ide/plugins/com.nxp.mcuxpresso.tools.macosx_11.3.0.202011031536/tools/bin/../lib/gcc/arm-none-eabi/9.3.1/../../../../arm-none-eabi/lib/thumb/v6-m/nofp/libcr_c.a(strlen.o)
 .ARM.attributes
                0x00000000000006d5       0x2c /Applications/MCUXpressoIDE_11.3.0_5222/ide/plugins/com.nxp.mcuxpresso.tools.macosx_11.3.0.202011031536/tools/bin/../lib/gcc/arm-none-eabi/9.3.1/../../../../arm-none-eabi/lib/thumb/v6-m/nofp/libcr_c.a(__init_alloc.o)
 .ARM.attributes
                0x0000000000000701       0x2c /Applications/MCUXpressoIDE_11.3.0_5222/ide/plugins/com.nxp.mcuxpresso.tools.macosx_11.3.0.202011031536/tools/bin/../lib/gcc/arm-none-eabi/9.3.1/../../../../arm-none-eabi/lib/thumb/v6-m/nofp/libcr_c.a(_cr_sbrk.o)
 .ARM.attributes
                0x000000000000072d       0x2c /Applications/MCUXpressoIDE_11.3.0_5222/ide/plugins/com.nxp.mcuxpresso.tools.macosx_11.3.0.202011031536/tools/bin/../lib/gcc/arm-none-eabi/9.3.1/../../../../arm-none-eabi/lib/thumb/v6-m/nofp/libcr_c.a(_fdopen.o)
 .ARM.attributes
                0x0000000000000759       0x31 /Applications/MCUXpressoIDE_11.3.0_5222/ide/plugins/com.nxp.mcuxpresso.tools.macosx_11.3.0.202011031536/tools/bin/../lib/gcc/arm-none-eabi/9.3.1/../../../../arm-none-eabi/lib/thumb/v6-m/nofp/libcr_c.a(errno.o)
 .ARM.attributes
                0x000000000000078a       0x2c /Applications/MCUXpressoIDE_11.3.0_5222/ide/plugins/com.nxp.mcuxpresso.tools.macosx_11.3.0.202011031536/tools/bin/../lib/gcc/arm-none-eabi/9.3.1/../../../../arm-none-eabi/lib/thumb/v6-m/nofp/libcr_c.a(fclose.o)
 .ARM.attributes
                0x00000000000007b6       0x2c /Applications/MCUXpressoIDE_11.3.0_5222/ide/plugins/com.nxp.mcuxpresso.tools.macosx_11.3.0.202011031536/tools/bin/../lib/gcc/arm-none-eabi/9.3.1/../../../../arm-none-eabi/lib/thumb/v6-m/nofp/libcr_c.a(fflush.o)
 .ARM.attributes
                0x00000000000007e2       0x2c /Applications/MCUXpressoIDE_11.3.0_5222/ide/plugins/com.nxp.mcuxpresso.tools.macosx_11.3.0.202011031536/tools/bin/../lib/gcc/arm-none-eabi/9.3.1/../../../../arm-none-eabi/lib/thumb/v6-m/nofp/libcr_c.a(remove.o)
 .ARM.attributes
                0x000000000000080e       0x2c /Applications/MCUXpressoIDE_11.3.0_5222/ide/plugins/com.nxp.mcuxpresso.tools.macosx_11.3.0.202011031536/tools/bin/../lib/gcc/arm-none-eabi/9.3.1/../../../../arm-none-eabi/lib/thumb/v6-m/nofp/libcr_c.a(_cr_check_heap.o)
 .ARM.attributes
                0x000000000000083a       0x2c /Applications/MCUXpressoIDE_11.3.0_5222/ide/plugins/com.nxp.mcuxpresso.tools.macosx_11.3.0.202011031536/tools/bin/../lib/gcc/arm-none-eabi/9.3.1/../../../../arm-none-eabi/lib/thumb/v6-m/nofp/libcr_c.a(_do_fflush.o)
 .ARM.attributes
                0x0000000000000866       0x1c /Applications/MCUXpressoIDE_11.3.0_5222/ide/plugins/com.nxp.mcuxpresso.tools.macosx_11.3.0.202011031536/tools/bin/../lib/gcc/arm-none-eabi/9.3.1/thumb/v6-m/nofp/libcr_eabihelpers.a(division_32.o)
 .ARM.attributes
                0x0000000000000882       0x1c /Applications/MCUXpressoIDE_11.3.0_5222/ide/plugins/com.nxp.mcuxpresso.tools.macosx_11.3.0.202011031536/tools/bin/../lib/gcc/arm-none-eabi/9.3.1/thumb/v6-m/nofp/libcr_eabihelpers.a(division_idiv0.o)
 .ARM.attributes
                0x000000000000089e       0x1c /Applications/MCUXpressoIDE_11.3.0_5222/ide/plugins/com.nxp.mcuxpresso.tools.macosx_11.3.0.202011031536/tools/bin/../lib/gcc/arm-none-eabi/9.3.1/thumb/v6-m/nofp/libcr_eabihelpers.a(llong.o)
 .ARM.attributes
                0x00000000000008ba       0x1c /Applications/MCUXpressoIDE_11.3.0_5222/ide/plugins/com.nxp.mcuxpresso.tools.macosx_11.3.0.202011031536/tools/bin/../lib/gcc/arm-none-eabi/9.3.1/thumb/v6-m/nofp/libcr_eabihelpers.a(memcpy.o)
 .ARM.attributes
                0x00000000000008d6       0x1c /Applications/MCUXpressoIDE_11.3.0_5222/ide/plugins/com.nxp.mcuxpresso.tools.macosx_11.3.0.202011031536/tools/bin/../lib/gcc/arm-none-eabi/9.3.1/thumb/v6-m/nofp/libcr_eabihelpers.a(thumb1_switch_helpers.o)
 .ARM.attributes
                0x00000000000008f2       0x1c /Applications/MCUXpressoIDE_11.3.0_5222/ide/plugins/com.nxp.mcuxpresso.tools.macosx_11.3.0.202011031536/tools/bin/../lib/gcc/arm-none-eabi/9.3.1/../../../../arm-none-eabi/lib/thumb/v6-m/nofp/libcr_semihost_nf.a(__sys_close.o)
 .ARM.attributes