Archive member included to satisfy reference by file (symbol)

/Applications/MCUXpressoIDE_11.3.0_5222/ide/plugins/com.nxp.mcuxpresso.tools.macosx_11.3.0.202011031536/tools/bin/../lib/gcc/arm-none-eabi/9.3.1/../../../../arm-none-eabi/lib/thumb/v6-m/nofp/libcr_semihost_nf.a(__ciob.o)
                              ./sensors/mma845x_fifo.o (__Ciob)
/Applications/MCUXpressoIDE_11.3.0_5222/ide/plugins/com.nxp.mcuxpresso.tools.macosx_11.3.0.202011031536/tools/bin/../lib/gcc/arm-none-eabi/9.3.1/../../../../arm-none-eabi/lib/thumb/v6-m/nofp/libcr_semihost_nf.a(_cr__main.o)
                              ./startup/startup_mkl25z4.o (__main)
/Applications/MCUXpressoIDE_11.3.0_5222/ide/plugins/com.nxp.mcuxpresso.tools.macosx_11.3.0.202011031536/tools/bin/../lib/gcc/arm-none-eabi/9.3.1/../../../../arm-none-eabi/lib/thumb/v6-m/nofp/libcr_semihost_nf.a(_cr_assert.o)
                              ./gpio_driver/gpio_driver.o (__assertion_failed)
/Applications/MCUXpressoIDE_11.3.0_5222/ide/plugins/com.nxp.mcuxpresso.tools.macosx_11.3.0.202011031536/tools/bin/../lib/gcc/arm-none-eabi/9.3.1/../../../../arm-none-eabi/lib/thumb/v6-m/nofp/libcr_semihost_nf.a(__sys_appexit.o)
                              /Applications/MCUXpressoIDE_11.3.0_5222/ide/plugins/com.nxp.mcuxpresso.tools.macosx_11.3.0.202011031536/tools/bin/../lib/gcc/arm-none-eabi/9.3.1/../../../../arm-none-eabi/lib/thumb/v6-m/nofp/libcr_semihost_nf.a(_cr_assert.o) (__sys_appexit)
/Applications/MCUXpressoIDE_11.3.0_5222/ide/plugins/com.nxp.mcuxpresso.tools.macosx_11.3.0.202011031536/tools/bin/../lib/gcc/arm-none-eabi/9.3.1/../../../../arm-none-eabi/lib/thumb/v6-m/nofp/libcr_c.a(memcpy.o)
                              ./interface/register_io_i2c.o (memcpy)
/Applications/MCUXpressoIDE_11.3.0_5222/ide/plugins/com.nxp.mcuxpresso.tools.macosx_11.3.0.202011031536/tools/bin/../lib/gcc/arm-none-eabi/9.3.1/../../../../arm-none-eabi/lib/thumb/v6-m/nofp/libcr_c.a(memset.o)
                              ./drivers/fsl_dma.o (memset)
/Applications/MCUXpressoIDE_11.3.0_5222/ide/plugins/com.nxp.mcuxpresso.tools.macosx_11.3.0.202011031536/tools/bin/../lib/gcc/arm-none-eabi/9.3.1/../../../../arm-none-eabi/lib/thumb/v6-m/nofp/libcr_c.a(__fillbuf.o)
                              ./sensors/mma845x_fifo.o (__filbuf)
/Applications/MCUXpressoIDE_11.3.0_5222/ide/plugins/com.nxp.mcuxpresso.tools.macosx_11.3.0.202011031536/tools/bin/../lib/gcc/arm-none-eabi/9.3.1/../../../../arm-none-eabi/lib/thumb/v6-m/nofp/libcr_c.a(_deferredlazyseek.o)
                              /Applications/MCUXpressoIDE_11.3.0_5222/ide/plugins/com.nxp.mcuxpresso.tools.macosx_11.3.0.202011031536/tools/bin/../lib/gcc/arm-none-eabi/9.3.1/../../../../arm-none-eabi/lib/thumb/v6-m/nofp/libcr_c.a(__fillbuf.o) (_deferredlazyseek)
/Applications/MCUXpressoIDE_11.3.0_5222/ide/plugins/com.nxp.mcuxpresso.tools.macosx_11.3.0.202011031536/tools/bin/../lib/gcc/arm-none-eabi/9.3.1/../../../../arm-none-eabi/lib/thumb/v6-m/nofp/libcr_c.a(_fflush.o)
                              /Applications/MCUXpressoIDE_11.3.0_5222/ide/plugins/com.nxp.mcuxpresso.tools.macosx_11.3.0.202011031536/tools/bin/../lib/gcc/arm-none-eabi/9.3.1/../../../../arm-none-eabi/lib/thumb/v6-m/nofp/libcr_c.a(__fillbuf.o) (_fflush)
/Applications/MCUXpressoIDE_11.3.0_5222/ide/plugins/com.nxp.mcuxpresso.tools.macosx_11.3.0.202011031536/tools/bin/../lib/gcc/arm-none-eabi/9.3.1/../../../../arm-none-eabi/lib/thumb/v6-m/nofp/libcr_c.a(_writebuf.o)
                              /Applications/MCUXpressoIDE_11.3.0_5222/ide/plugins/com.nxp.mcuxpresso.tools.macosx_11.3.0.202011031536/tools/bin/../lib/gcc/arm-none-eabi/9.3.1/../../../../arm-none-eabi/lib/thumb/v6-m/nofp/libcr_c.a(_deferredlazyseek.o) (_Cwritebuf)
/Applications/MCUXpressoIDE_11.3.0_5222/ide/plugins/com.nxp.mcuxpresso.tools.macosx_11.3.0.202011031536/tools/bin/../lib/gcc/arm-none-eabi/9.3.1/../../../../arm-none-eabi/lib/thumb/v6-m/nofp/libcr_c.a(alloc.o)
                              ./interface/register_io_i2c.o (malloc)
/Applications/MCUXpressoIDE_11.3.0_5222/ide/plugins/com.nxp.mcuxpresso.tools.macosx_11.3.0.202011031536/tools/bin/../lib/gcc/arm-none-eabi/9.3.1/../../../../arm-none-eabi/lib/thumb/v6-m/nofp/libcr_c.a(fputs.o)
                              /Applications/MCUXpressoIDE_11.3.0_5222/ide/plugins/com.nxp.mcuxpresso.tools.macosx_11.3.0.202011031536/tools/bin/../lib/gcc/arm-none-eabi/9.3.1/../../../../arm-none-eabi/lib/thumb/v6-m/nofp/libcr_semihost_nf.a(_cr_assert.o) (fputs)
/Applications/MCUXpressoIDE_11.3.0_5222/ide/plugins/com.nxp.mcuxpresso.tools.macosx_11.3.0.202011031536/tools/bin/../lib/gcc/arm-none-eabi/9.3.1/../../../../arm-none-eabi/lib/thumb/v6-m/nofp/libcr_c.a(fseek.o)
                              /Applications/MCUXpressoIDE_11.3.0_5222/ide/plugins/com.nxp.mcuxpresso.tools.macosx_11.3.0.202011031536/tools/bin/../lib/gcc/arm-none-eabi/9.3.1/../../../../arm-none-eabi/lib/thumb/v6-m/nofp/libcr_c.a(_deferredlazyseek.o) (fseek)
[...]
Memory Configuration

Name             Origin             Length             Attributes
PROGRAM_FLASH    0x0000000000000000 0x0000000000020000 xr
SRAM             0x000000001ffff000 0x0000000000004000 xrw
*default*        0x0000000000000000 0xffffffffffffffff

Linker script and memory map

LOAD ./utilities/fsl_debug_console.o
LOAD ./utilities/systick_utils.o
LOAD ./startup/startup_mkl25z4.o
LOAD ./source/semihost_hardfault.o
LOAD ./sensors/mma845x_drv.o
LOAD ./sensors/mma845x_fifo.o
LOAD ./interface/register_io_i2c.o
LOAD ./interface/register_io_spi.o
LOAD ./interface/sensor_io_i2c.o
LOAD ./interface/sensor_io_spi.o
LOAD ./gpio_driver/gpio_driver.o
LOAD ./gpio_driver/gpio_driver_irq.o
LOAD ./drivers/fsl_clock.o
LOAD ./drivers/fsl_common.o
LOAD ./drivers/fsl_dma.o
LOAD ./drivers/fsl_dmamux.o
LOAD ./drivers/fsl_flash.o
LOAD ./drivers/fsl_gpio.o
LOAD ./drivers/fsl_i2c.o
LOAD ./drivers/fsl_i2c_dma.o
LOAD ./drivers/fsl_lpsci.o
LOAD ./drivers/fsl_lpsci_dma.o
LOAD ./drivers/fsl_lptmr.o
LOAD ./drivers/fsl_smc.o
LOAD ./drivers/fsl_spi.o
LOAD ./drivers/fsl_spi_dma.o
LOAD ./drivers/fsl_uart.o
LOAD ./drivers/fsl_uart_dma.o
LOAD ./board/board.o
LOAD ./board/clock_config.o
LOAD ./board/frdm_kl25z.o
LOAD ./board/pin_mux.o
LOAD ./CMSIS_driver/fsl_i2c_cmsis.o
LOAD ./CMSIS_driver/fsl_lpsci_cmsis.o
LOAD ./CMSIS_driver/fsl_spi_cmsis.o
LOAD ./CMSIS/system_MKL25Z4.o
START GROUP
LOAD /Applications/MCUXpressoIDE_11.3.0_5222/ide/plugins/com.nxp.mcuxpresso.tools.macosx_11.3.0.202011031536/tools/bin/../lib/gcc/arm-none-eabi/9.3.1/../../../../arm-none-eabi/lib/thumb/v6-m/nofp/libcr_semihost_nf.a
LOAD /Applications/MCUXpressoIDE_11.3.0_5222/ide/plugins/com.nxp.mcuxpresso.tools.macosx_11.3.0.202011031536/tools/bin/../lib/gcc/arm-none-eabi/9.3.1/../../../../arm-none-eabi/lib/thumb/v6-m/nofp/libcr_c.a
LOAD /Applications/MCUXpressoIDE_11.3.0_5222/ide/plugins/com.nxp.mcuxpresso.tools.macosx_11.3.0.202011031536/tools/bin/../lib/gcc/arm-none-eabi/9.3.1/thumb/v6-m/nofp/libcr_eabihelpers.a
LOAD /Applications/MCUXpressoIDE_11.3.0_5222/ide/plugins/com.nxp.mcuxpresso.tools.macosx_11.3.0.202011031536/tools/bin/../lib/gcc/arm-none-eabi/9.3.1/thumb/v6-m/nofp/libgcc.a
END GROUP
                0x0000000000000000                __base_PROGRAM_FLASH = 0x0
                0x0000000000000000                __base_Flash = 0x0
                0x0000000000020000                __top_PROGRAM_FLASH = 0x20000
                0x0000000000020000                __top_Flash = 0x20000
                0x000000001ffff000                __base_SRAM = 0x1ffff000
                0x000000001ffff000                __base_RAM = 0x1ffff000
                0x0000000020003000                __top_SRAM = 0x20003000
                0x0000000020003000                __top_RAM = 0x20003000

.text           0x0000000000000000     0x63bc
 FILL mask 0xff
                0x0000000000000000                __vectors_start__ = ABSOLUTE (.)
 *(SORT_BY_ALIGNMENT(.isr_vector))
 .isr_vector    0x0000000000000000       0xc0 ./startup/startup_mkl25z4.o
                0x0000000000000000                __Vectors
                0x0000000000000000                g_pfnVectors
                0x00000000000000c0                . = ALIGN (0x4)
                0x00000000000000c0                __section_table_start = .
                0x00000000000000c0                __data_section_table = .
                0x00000000000000c0        0x4 LONG 0x63bc LOADADDR (.data)
                0x00000000000000c4        0x4 LONG 0x1ffff000 ADDR (.data)
                0x00000000000000c8        0x4 LONG 0x28 SIZEOF (.data)
                0x00000000000000cc                __data_section_table_end = .
                0x00000000000000cc                __bss_section_table = .
                0x00000000000000cc        0x4 LONG 0x1ffff028 ADDR (.bss)
                0x00000000000000d0        0x4 LONG 0x650 SIZEOF (.bss)
                0x00000000000000d4                __bss_section_table_end = .
                0x00000000000000d4                __section_table_end = .
 *(SORT_BY_ALIGNMENT(.after_vectors*))
 .after_vectors.reset
                0x00000000000000d4       0x4c ./startup/startup_mkl25z4.o
                0x00000000000000d4                ResetISR
 .after_vectors.init_data
                0x0000000000000120       0x12 ./startup/startup_mkl25z4.o
                0x0000000000000120                data_init
 .after_vectors.init_bss
                0x0000000000000132       0x10 ./startup/startup_mkl25z4.o
                0x0000000000000132                bss_init
 .after_vectors
                0x0000000000000142      0x10c ./startup/startup_mkl25z4.o
                0x0000000000000142                NMI_Handler
                0x0000000000000146                SVC_Handler
                0x0000000000000148                PendSV_Handler
                0x000000000000014c                LPTMR0_DriverIRQHandler
                0x000000000000014c                PORTD_DriverIRQHandler
                0x000000000000014c                CMP0_DriverIRQHandler
                0x000000000000014c                ADC0_DriverIRQHandler
                0x000000000000014c                TPM2_DriverIRQHandler
                0x000000000000014c                LVD_LVW_DriverIRQHandler
                0x000000000000014c                Reserved39_DriverIRQHandler
                0x000000000000014c                PIT_DriverIRQHandler
                0x000000000000014c                TPM0_DriverIRQHandler
                0x000000000000014c                TSI0_DriverIRQHandler
                0x000000000000014c                RTC_Seconds_DriverIRQHandler
                0x000000000000014c                RTC_DriverIRQHandler
                0x000000000000014c                TPM1_DriverIRQHandler
                0x000000000000014c                LLWU_DriverIRQHandler
                0x000000000000014c                MCG_DriverIRQHandler
                0x000000000000014c                PORTA_DriverIRQHandler
                0x000000000000014c                Reserved45_DriverIRQHandler
                0x000000000000014c                Reserved20_DriverIRQHandler
                0x000000000000014c                FTFA_DriverIRQHandler
                0x000000000000014c                IntDefaultHandler
                0x000000000000014c                USB0_DriverIRQHandler
                0x000000000000014c                DAC0_DriverIRQHandler
                0x000000000000014e                DMA0_IRQHandler
                0x0000000000000156                DMA1_IRQHandler
                0x000000000000015e                DMA2_IRQHandler
                0x0000000000000166                DMA3_IRQHandler
                0x000000000000016e                Reserved20_IRQHandler
                0x0000000000000176                FTFA_IRQHandler
                0x000000000000017e                LVD_LVW_IRQHandler
                0x0000000000000186                LLWU_IRQHandler
                0x000000000000018e                I2C0_IRQHandler
                0x0000000000000196                I2C1_IRQHandler
                0x000000000000019e                SPI0_IRQHandler
                0x00000000000001a6                SPI1_IRQHandler
                0x00000000000001ae                UART0_IRQHandler
                0x00000000000001b6                UART1_IRQHandler
                0x00000000000001be                UART2_IRQHandler
                0x00000000000001c6                ADC0_IRQHandler
                0x00000000000001ce                CMP0_IRQHandler
                0x00000000000001d6                TPM0_IRQHandler
                0x00000000000001de                TPM1_IRQHandler
                0x00000000000001e6                TPM2_IRQHandler
                0x00000000000001ee                RTC_IRQHandler
                0x00000000000001f6                RTC_Seconds_IRQHandler
                0x00000000000001fe                PIT_IRQHandler
                0x0000000000000206                Reserved39_IRQHandler
                0x000000000000020e                USB0_IRQHandler
                0x0000000000000216                DAC0_IRQHandler
                0x000000000000021e                TSI0_IRQHandler
                0x0000000000000226                MCG_IRQHandler
                0x000000000000022e                LPTMR0_IRQHandler
                0x0000000000000236                Reserved45_IRQHandler
                0x0000000000000400                . = 0x400
 *fill*         0x000000000000024e      0x1b2 ff
                0x0000000000000400                PROVIDE (__FLASH_CONFIG_START__ = .)
 *(SORT_BY_ALIGNMENT(.FlashConfig))
 .FlashConfig   0x0000000000000400       0x10 ./startup/startup_mkl25z4.o
                0x0000000000000400                Flash_Config
                0x0000000000000410                PROVIDE (__FLASH_CONFIG_END__ = .)
                0x0000000000000001                ASSERT (! ((__FLASH_CONFIG_START__ == __FLASH_CONFIG_END__)), Linker Flash Config Support Enabled, but no .FlashConfig section provided within application)
 *(SORT_BY_ALIGNMENT(.text*))
 .text.DbgConsole_Init
                0x0000000000000410       0xf4 ./utilities/fsl_debug_console.o
                0x0000000000000410                DbgConsole_Init
 .text.SysTick_Handler
                0x0000000000000504       0x18 ./utilities/systick_utils.o
                0x0000000000000504                SysTick_Handler
 .text.HardFault_Handler
                0x000000000000051c       0x30 ./source/semihost_hardfault.o
                0x000000000000051c                HardFault_Handler
 .text.main     0x000000000000054c      0x30c ./sensors/mma845x_fifo.o
                0x000000000000054c                main
 .text.I2C0_SignalEvent_t
                0x0000000000000858       0x2c ./interface/register_io_i2c.o
                0x0000000000000858                I2C0_SignalEvent_t
 .text.Register_I2C_Write
                0x0000000000000884      0x238 ./interface/register_io_i2c.o
                0x0000000000000884                Register_I2C_Write
 .text.Register_I2C_Read
                0x0000000000000abc      0x144 ./interface/register_io_i2c.o
                0x0000000000000abc                Register_I2C_Read
 .text.Sensor_I2C_Write
                0x0000000000000c00       0x94 ./interface/sensor_io_i2c.o
                0x0000000000000c00                Sensor_I2C_Write
 .text.ksdk_gpio_handle_interrupt
                0x0000000000000c94       0xb0 ./gpio_driver/gpio_driver.o
                0x0000000000000c94                ksdk_gpio_handle_interrupt
 .text.PORTA_IRQHandler
                0x0000000000000d44       0x18 ./gpio_driver/gpio_driver_irq.o
                0x0000000000000d44                PORTA_IRQHandler
 .text.PORTD_IRQHandler
                0x0000000000000d5c       0x18 ./gpio_driver/gpio_driver_irq.o
                0x0000000000000d5c                PORTD_IRQHandler
 .text.CLOCK_SetEr32kClock
                0x0000000000000d74       0x34 ./drivers/fsl_clock.o
 .text.CLOCK_SetPllFllSelClock
                0x0000000000000da8       0x38 ./drivers/fsl_clock.o
 .text.CLOCK_GetMcgExtClkFreq
                0x0000000000000de0       0x28 ./drivers/fsl_clock.o
 .text.CLOCK_GetFllExtRefClkFreq
                0x0000000000000e08       0xa8 ./drivers/fsl_clock.o
 .text.CLOCK_GetInternalRefClkSelectFreq
                0x0000000000000eb0       0x40 ./drivers/fsl_clock.o
 .text.CLOCK_GetFllRefClkFreq
                0x0000000000000ef0       0x2c ./drivers/fsl_clock.o
 .text.CLOCK_GetOscRangeFromFreq
                0x0000000000000f1c       0x4c ./drivers/fsl_clock.o
 .text.CLOCK_GetOsc0ErClkFreq
                0x0000000000000f68       0x3c ./drivers/fsl_clock.o
                0x0000000000000f68                CLOCK_GetOsc0ErClkFreq
 .text.CLOCK_GetEr32kClkFreq
                0x0000000000000fa4       0x78 ./drivers/fsl_clock.o
                0x0000000000000fa4                CLOCK_GetEr32kClkFreq
 .text.CLOCK_GetPllFllSelClkFreq
                0x000000000000101c       0x4c ./drivers/fsl_clock.o
                0x000000000000101c                CLOCK_GetPllFllSelClkFreq
 .text.CLOCK_GetFreq
                0x0000000000001068       0xe0 ./drivers/fsl_clock.o
                0x0000000000001068                CLOCK_GetFreq
 .text.CLOCK_SetSimConfig
                0x0000000000001148       0x38 ./drivers/fsl_clock.o
                0x0000000000001148                CLOCK_SetSimConfig
 .text.CLOCK_GetOutClkFreq
                0x0000000000001180       0x78 ./drivers/fsl_clock.o
                0x0000000000001180                CLOCK_GetOutClkFreq
 .text.CLOCK_GetFllFreq
                0x00000000000011f8       0x84 ./drivers/fsl_clock.o
                0x00000000000011f8                CLOCK_GetFllFreq
 .text.CLOCK_GetInternalRefClkFreq
                0x000000000000127c       0x28 ./drivers/fsl_clock.o
                0x000000000000127c                CLOCK_GetInternalRefClkFreq
 .text.CLOCK_GetPll0Freq
                0x00000000000012a4       0x70 ./drivers/fsl_clock.o
                0x00000000000012a4                CLOCK_GetPll0Freq
 .text.CLOCK_SetInternalRefClkConfig
                0x0000000000001314      0x124 ./drivers/fsl_clock.o
                0x0000000000001314                CLOCK_SetInternalRefClkConfig
 .text.CLOCK_EnablePll0
                0x0000000000001438       0x94 ./drivers/fsl_clock.o
                0x0000000000001438                CLOCK_EnablePll0
 .text.CLOCK_InitOsc0
                0x00000000000014cc       0x94 ./drivers/fsl_clock.o
                0x00000000000014cc                CLOCK_InitOsc0
 .text.CLOCK_SetPbeMode
                0x0000000000001560       0xb0 ./drivers/fsl_clock.o
                0x0000000000001560                CLOCK_SetPbeMode
 .text.CLOCK_BootToPeeMode
                0x0000000000001610       0x70 ./drivers/fsl_clock.o
                0x0000000000001610                CLOCK_BootToPeeMode
 .text.DMA_ClearChannelStatusFlags
                0x0000000000001680       0x54 ./drivers/fsl_dma.o
 .text.DMA_HandleIRQ
                0x00000000000016d4       0x4c ./drivers/fsl_dma.o
                0x00000000000016d4                DMA_HandleIRQ
 .text.DMA0_DriverIRQHandler
                0x0000000000001720       0x18 ./drivers/fsl_dma.o
                0x0000000000001720                DMA0_DriverIRQHandler
 .text.DMA1_DriverIRQHandler
                0x0000000000001738       0x18 ./drivers/fsl_dma.o
                0x0000000000001738                DMA1_DriverIRQHandler
 .text.DMA2_DriverIRQHandler
                0x0000000000001750       0x18 ./drivers/fsl_dma.o
                0x0000000000001750                DMA2_DriverIRQHandler
 .text.DMA3_DriverIRQHandler
                0x0000000000001768       0x18 ./drivers/fsl_dma.o
                0x0000000000001768                DMA3_DriverIRQHandler
 .text.GPIO_GetInstance
                0x0000000000001780       0x4c ./drivers/fsl_gpio.o
 .text.GPIO_GetPinsInterruptFlags
                0x00000000000017cc       0x38 ./drivers/fsl_gpio.o
                0x00000000000017cc                GPIO_GetPinsInterruptFlags
 .text.GPIO_ClearPinsInterruptFlags
                0x0000000000001804       0x3c ./drivers/fsl_gpio.o
                0x0000000000001804                GPIO_ClearPinsInterruptFlags
 .text.NVIC_EnableIRQ
                0x0000000000001840       0x2c ./drivers/fsl_i2c.o
 .text.CLOCK_DisableClock
                0x000000000000186c       0x38 ./drivers/fsl_i2c.o
 .text.I2C_GetInstance
                0x00000000000018a4       0x4c ./drivers/fsl_i2c.o
                0x00000000000018a4                I2C_GetInstance
 .text.I2C_InitTransferStateMachine
                0x00000000000018f0       0x9c ./drivers/fsl_i2c.o
 .text.I2C_CheckAndClearError
                0x000000000000198c       0x40 ./drivers/fsl_i2c.o
 .text.I2C_MasterTransferRunStateMachine
                0x00000000000019cc      0x26c ./drivers/fsl_i2c.o
 .text.I2C_TransferCommonIRQHandler
                0x0000000000001c38       0x58 ./drivers/fsl_i2c.o
 .text.I2C_MasterDeinit
                0x0000000000001c90       0x34 ./drivers/fsl_i2c.o
                0x0000000000001c90                I2C_MasterDeinit
 .text.I2C_MasterSetBaudRate
                0x0000000000001cc4       0xf0 ./drivers/fsl_i2c.o
                0x0000000000001cc4                I2C_MasterSetBaudRate
 .text.I2C_MasterStart
                0x0000000000001db4       0x74 ./drivers/fsl_i2c.o
                0x0000000000001db4                I2C_MasterStart
 .text.I2C_MasterRepeatedStart
                0x0000000000001e28       0xc0 ./drivers/fsl_i2c.o
                0x0000000000001e28                I2C_MasterRepeatedStart
 .text.I2C_MasterTransferCreateHandle
                0x0000000000001ee8       0x7c ./drivers/fsl_i2c.o
                0x0000000000001ee8                I2C_MasterTransferCreateHandle
 .text.I2C_MasterTransferNonBlocking
                0x0000000000001f64       0x70 ./drivers/fsl_i2c.o
                0x0000000000001f64                I2C_MasterTransferNonBlocking
 .text.I2C_MasterTransferAbort
                0x0000000000001fd4       0xbc ./drivers/fsl_i2c.o
                0x0000000000001fd4                I2C_MasterTransferAbort
 .text.I2C_MasterTransferHandleIRQ
                0x0000000000002090       0xbc ./drivers/fsl_i2c.o
                0x0000000000002090                I2C_MasterTransferHandleIRQ
 .text.I2C_SlaveTransferCreateHandle
                0x000000000000214c       0x7c ./drivers/fsl_i2c.o
                0x000000000000214c                I2C_SlaveTransferCreateHandle
 .text.I2C_SlaveTransferNonBlocking
                0x00000000000021c8       0x7c ./drivers/fsl_i2c.o
                0x00000000000021c8                I2C_SlaveTransferNonBlocking
 .text.I2C_SlaveTransferAbort
                0x0000000000002244       0x4c ./drivers/fsl_i2c.o
                0x0000000000002244                I2C_SlaveTransferAbort
 .text.I2C_SlaveTransferHandleIRQ
                0x0000000000002290      0x2f8 ./drivers/fsl_i2c.o
                0x0000000000002290                I2C_SlaveTransferHandleIRQ
 .text.I2C0_DriverIRQHandler
                0x0000000000002588       0x20 ./drivers/fsl_i2c.o
                0x0000000000002588                I2C0_DriverIRQHandler
 .text.I2C1_DriverIRQHandler
                0x00000000000025a8       0x20 ./drivers/fsl_i2c.o
                0x00000000000025a8                I2C1_DriverIRQHandler
 .text.CLOCK_EnableClock
                0x00000000000025c8       0x34 ./drivers/fsl_lpsci.o
 .text.LPSCI_GetInstance
                0x00000000000025fc       0x48 ./drivers/fsl_lpsci.o
                0x00000000000025fc                LPSCI_GetInstance
 .text.LPSCI_Init
                0x0000000000002644      0x258 ./drivers/fsl_lpsci.o
                0x0000000000002644                LPSCI_Init
 .text.LPSCI_GetDefaultConfig
                0x000000000000289c       0x44 ./drivers/fsl_lpsci.o
                0x000000000000289c                LPSCI_GetDefaultConfig
 .text.LPSCI_ClearStatusFlags
                0x00000000000028e0       0x94 ./drivers/fsl_lpsci.o
                0x00000000000028e0                LPSCI_ClearStatusFlags
 .text.LPSCI_WriteBlocking
                0x0000000000002974       0x4c ./drivers/fsl_lpsci.o
                0x0000000000002974                LPSCI_WriteBlocking
 .text.LPSCI_ReadBlocking
                0x00000000000029c0       0xc0 ./drivers/fsl_lpsci.o
                0x00000000000029c0                LPSCI_ReadBlocking
 .text.UART0_DriverIRQHandler
                0x0000000000002a80       0x24 ./drivers/fsl_lpsci.o
                0x0000000000002a80                UART0_DriverIRQHandler
 .text.SMC_SetPowerModeWait
                0x0000000000002aa4       0x34 ./drivers/fsl_smc.o
                0x0000000000002aa4                SMC_SetPowerModeWait
 .text.SPI_CommonIRQHandler
                0x0000000000002ad8       0x54 ./drivers/fsl_spi.o
 .text.SPI0_DriverIRQHandler
                0x0000000000002b2c       0x30 ./drivers/fsl_spi.o
                0x0000000000002b2c                SPI0_DriverIRQHandler
 .text.SPI1_DriverIRQHandler
                0x0000000000002b5c       0x30 ./drivers/fsl_spi.o
                0x0000000000002b5c                SPI1_DriverIRQHandler
 .text.CLOCK_EnableClock
                0x0000000000002b8c       0x34 ./drivers/fsl_uart.o
 .text.UART_GetInstance
                0x0000000000002bc0       0x54 ./drivers/fsl_uart.o
                0x0000000000002bc0                UART_GetInstance
 .text.UART_Init
                0x0000000000002c14      0x1e0 ./drivers/fsl_uart.o
                0x0000000000002c14                UART_Init
 .text.UART_GetDefaultConfig
                0x0000000000002df4       0x44 ./drivers/fsl_uart.o
                0x0000000000002df4                UART_GetDefaultConfig
 .text.UART_ReadBlocking
                0x0000000000002e38       0x98 ./drivers/fsl_uart.o
                0x0000000000002e38                UART_ReadBlocking
 .text.UART1_DriverIRQHandler
                0x0000000000002ed0       0x24 ./drivers/fsl_uart.o
                0x0000000000002ed0                UART1_DriverIRQHandler
 .text.UART2_DriverIRQHandler
                0x0000000000002ef4       0x24 ./drivers/fsl_uart.o
                0x0000000000002ef4                UART2_DriverIRQHandler
 .text.CLOCK_SetLpsci0Clock
                0x0000000000002f18       0x38 ./board/board.o
 .text.BOARD_InitDebugConsole
                0x0000000000002f50       0x30 ./board/board.o
                0x0000000000002f50                BOARD_InitDebugConsole
 .text.CLOCK_SetSimSafeDivs
                0x0000000000002f80       0x20 ./board/clock_config.o
 .text.CLOCK_SetXtal0Freq
                0x0000000000002fa0       0x1c ./board/clock_config.o
 .text.CLOCK_CONFIG_SetFllExtRefDiv
                0x0000000000002fbc       0x3c ./board/clock_config.o
 .text.BOARD_BootClockRUN
                0x0000000000002ff8       0x64 ./board/clock_config.o
                0x0000000000002ff8                BOARD_BootClockRUN
 .text.CLOCK_EnableClock
                0x000000000000305c       0x34 ./board/pin_mux.o
 .text.PORT_SetPinConfig
                0x0000000000003090       0x38 ./board/pin_mux.o
 .text.PORT_SetPinMux
                0x00000000000030c8       0x40 ./board/pin_mux.o
 .text.BOARD_InitPins
                0x0000000000003108       0x4c ./board/pin_mux.o
                0x0000000000003108                BOARD_InitPins
 .text.I2C0_InitPins
                0x0000000000003154       0x8c ./board/pin_mux.o
                0x0000000000003154                I2C0_InitPins
 .text.I2C0_DeinitPins
                0x00000000000031e0       0x28 ./board/pin_mux.o
                0x00000000000031e0                I2C0_DeinitPins
 .text.CLOCK_EnableClock
                0x0000000000003208       0x34 ./CMSIS_driver/fsl_i2c_cmsis.o
 .text.I2Cx_GetVersion
                0x000000000000323c       0x34 ./CMSIS_driver/fsl_i2c_cmsis.o
 .text.KSDK_I2C_MASTER_InterruptCallback
                0x0000000000003270       0x64 ./CMSIS_driver/fsl_i2c_cmsis.o
 .text.I2C_Master_InterruptTransmit
                0x00000000000032d4      0x108 ./CMSIS_driver/fsl_i2c_cmsis.o
                0x00000000000032d4                I2C_Master_InterruptTransmit
 .text.I2C_Master_InterruptReceive
                0x00000000000033dc      0x108 ./CMSIS_driver/fsl_i2c_cmsis.o
                0x00000000000033dc                I2C_Master_InterruptReceive
 .text.I2C_Slave_InterruptTransmit
                0x00000000000034e4       0x88 ./CMSIS_driver/fsl_i2c_cmsis.o
                0x00000000000034e4                I2C_Slave_InterruptTransmit
 .text.I2C_Slave_InterruptReceive
                0x000000000000356c       0x94 ./CMSIS_driver/fsl_i2c_cmsis.o
                0x000000000000356c                I2C_Slave_InterruptReceive
 .text.I2C_InterruptControl
                0x0000000000003600      0x158 ./CMSIS_driver/fsl_i2c_cmsis.o
                0x0000000000003600                I2C_InterruptControl
 .text.I2C_InterruptPowerControl
                0x0000000000003758       0x7c ./CMSIS_driver/fsl_i2c_cmsis.o
 .text.I2C0_InterruptInitialize
                0x00000000000037d4       0x28 ./CMSIS_driver/fsl_i2c_cmsis.o
 .text.I2C0_InterruptUninitialize
                0x00000000000037fc       0x1c ./CMSIS_driver/fsl_i2c_cmsis.o
 .text.I2C0_InterruptPowerControl
                0x0000000000003818       0x28 ./CMSIS_driver/fsl_i2c_cmsis.o
 .text.I2C0_Master_InterruptTransmit
                0x0000000000003840       0x34 ./CMSIS_driver/fsl_i2c_cmsis.o
                0x0000000000003840                I2C0_Master_InterruptTransmit
 .text.I2C0_Master_InterruptReceive
                0x0000000000003874       0x34 ./CMSIS_driver/fsl_i2c_cmsis.o
                0x0000000000003874                I2C0_Master_InterruptReceive
 .text.I2C0_Slave_InterruptTransmit
                0x00000000000038a8       0x24 ./CMSIS_driver/fsl_i2c_cmsis.o
                0x00000000000038a8                I2C0_Slave_InterruptTransmit
 .text.I2C0_Slave_InterruptReceive
                0x00000000000038cc       0x24 ./CMSIS_driver/fsl_i2c_cmsis.o
                0x00000000000038cc                I2C0_Slave_InterruptReceive
 .text.I2C0_InterruptGetDataCount
                0x00000000000038f0       0x18 ./CMSIS_driver/fsl_i2c_cmsis.o
                0x00000000000038f0                I2C0_InterruptGetDataCount
 .text.I2C0_InterruptControl
                0x0000000000003908       0x24 ./CMSIS_driver/fsl_i2c_cmsis.o
                0x0000000000003908                I2C0_InterruptControl
 .text.I2C0_InterruptGetStatus
                0x000000000000392c       0x18 ./CMSIS_driver/fsl_i2c_cmsis.o
                0x000000000000392c                I2C0_InterruptGetStatus
 .text.SystemInit
                0x0000000000003944       0x18 ./CMSIS/system_MKL25Z4.o
                0x0000000000003944                SystemInit
 .text.__assertion_failed
                0x000000000000395c       0x4c /Applications/MCUXpressoIDE_11.3.0_5222/ide/plugins/com.nxp.mcuxpresso.tools.macosx_11.3.0.202011031536/tools/bin/../lib/gcc/arm-none-eabi/9.3.1/../../../../arm-none-eabi/lib/thumb/v6-m/nofp/libcr_semihost_nf.a(_cr_assert.o)
                0x000000000000395c                __assertion_failed
 .text.__sys_appexit
                0x00000000000039a8        0xc /Applications/MCUXpressoIDE_11.3.0_5222/ide/plugins/com.nxp.mcuxpresso.tools.macosx_11.3.0.202011031536/tools/bin/../lib/gcc/arm-none-eabi/9.3.1/../../../../arm-none-eabi/lib/thumb/v6-m/nofp/libcr_semihost_nf.a(__sys_appexit.o)
                0x00000000000039a8                __exit
                0x00000000000039a8                __sys_appexit
 .text.__filbuf
                0x00000000000039b4      0x188 /Applications/MCUXpressoIDE_11.3.0_5222/ide/plugins/com.nxp.mcuxpresso.tools.macosx_11.3.0.202011031536/tools/bin/../lib/gcc/arm-none-eabi/9.3.1/../../../../arm-none-eabi/lib/thumb/v6-m/nofp/libcr_c.a(__fillbuf.o)
                0x00000000000039b4                __filbuf
 .text._deferredlazyseek
                0x0000000000003b3c       0x40 /Applications/MCUXpressoIDE_11.3.0_5222/ide/plugins/com.nxp.mcuxpresso.tools.macosx_11.3.0.202011031536/tools/bin/../lib/gcc/arm-none-eabi/9.3.1/../../../../arm-none-eabi/lib/thumb/v6-m/nofp/libcr_c.a(_deferredlazyseek.o)
                0x0000000000003b3c                _deferredlazyseek
 .text.__flsbuf
                0x0000000000003b7c      0x150 /Applications/MCUXpressoIDE_11.3.0_5222/ide/plugins/com.nxp.mcuxpresso.tools.macosx_11.3.0.202011031536/tools/bin/../lib/gcc/arm-none-eabi/9.3.1/../../../../arm-none-eabi/lib/thumb/v6-m/nofp/libcr_c.a(_deferredlazyseek.o)
                0x0000000000003b7c                __flsbuf
 .text._fflush  0x0000000000003ccc       0x60 /Applications/MCUXpressoIDE_11.3.0_5222/ide/plugins/com.nxp.mcuxpresso.tools.macosx_11.3.0.202011031536/tools/bin/../lib/gcc/arm-none-eabi/9.3.1/../../../../arm-none-eabi/lib/thumb/v6-m/nofp/libcr_c.a(_fflush.o)
                0x0000000000003ccc                _fflush
 .text._Cwritebuf
                0x0000000000003d2c       0x68 /Applications/MCUXpressoIDE_11.3.0_5222/ide/plugins/com.nxp.mcuxpresso.tools.macosx_11.3.0.202011031536/tools/bin/../lib/gcc/arm-none-eabi/9.3.1/../../../../arm-none-eabi/lib/thumb/v6-m/nofp/libcr_c.a(_writebuf.o)
                0x0000000000003d2c                _Cwritebuf
 .text.malloc   0x0000000000003d94       0xd0 /Applications/MCUXpressoIDE_11.3.0_5222/ide/plugins/com.nxp.mcuxpresso.tools.macosx_11.3.0.202011031536/tools/bin/../lib/gcc/arm-none-eabi/9.3.1/../../../../arm-none-eabi/lib/thumb/v6-m/nofp/libcr_c.a(alloc.o)
                0x0000000000003d94                malloc
 .text._Csys_alloc
                0x0000000000003e64       0x20 /Applications/MCUXpressoIDE_11.3.0_5222/ide/plugins/com.nxp.mcuxpresso.tools.macosx_11.3.0.202011031536/tools/bin/../lib/gcc/arm-none-eabi/9.3.1/../../../../arm-none-eabi/lib/thumb/v6-m/nofp/libcr_c.a(alloc.o)
                0x0000000000003e64                _Csys_alloc
 .text.fseek    0x0000000000003e84       0xf4 /Applications/MCUXpressoIDE_11.3.0_5222/ide/plugins/com.nxp.mcuxpresso.tools.macosx_11.3.0.202011031536/tools/bin/../lib/gcc/arm-none-eabi/9.3.1/../../../../arm-none-eabi/lib/thumb/v6-m/nofp/libcr_c.a(fseek.o)
                0x0000000000003e84                fseek
 .text.ftell    0x0000000000003f78       0x48 /Applications/MCUXpressoIDE_11.3.0_5222/ide/plugins/com.nxp.mcuxpresso.tools.macosx_11.3.0.202011031536/tools/bin/../lib/gcc/arm-none-eabi/9.3.1/../../../../arm-none-eabi/lib/thumb/v6-m/nofp/libcr_c.a(ftell.o)
                0x0000000000003f78                ftell
 .text._initio  0x0000000000003fc0       0x7c /Applications/MCUXpressoIDE_11.3.0_5222/ide/plugins/com.nxp.mcuxpresso.tools.macosx_11.3.0.202011031536/tools/bin/../lib/gcc/arm-none-eabi/9.3.1/../../../../arm-none-eabi/lib/thumb/v6-m/nofp/libcr_c.a(initio.o)
                0x0000000000003fc0                _initio
 .text.__vfprintf
                0x000000000000403c      0xd40 /Applications/MCUXpressoIDE_11.3.0_5222/ide/plugins/com.nxp.mcuxpresso.tools.macosx_11.3.0.202011031536/tools/bin/../lib/gcc/arm-none-eabi/9.3.1/../../../../arm-none-eabi/lib/thumb/v6-m/nofp/libcr_c.a(printf.o)
                0x000000000000403c                __vfprintf
 .text._vsnprintf
                0x0000000000004d7c       0x70 /Applications/MCUXpressoIDE_11.3.0_5222/ide/plugins/com.nxp.mcuxpresso.tools.macosx_11.3.0.202011031536/tools/bin/../lib/gcc/arm-none-eabi/9.3.1/../../../../arm-none-eabi/lib/thumb/v6-m/nofp/libcr_c.a(printf.o)
                0x0000000000004d7c                _vsnprintf
 .text._printf  0x0000000000004dec       0x50 /Applications/MCUXpressoIDE_11.3.0_5222/ide/plugins/com.nxp.mcuxpresso.tools.macosx_11.3.0.202011031536/tools/bin/../lib/gcc/arm-none-eabi/9.3.1/../../../../arm-none-eabi/lib/thumb/v6-m/nofp/libcr_c.a(printf.o)
                0x0000000000004dec                _printf
 .text.setvbuf  0x0000000000004e3c       0x4c /Applications/MCUXpressoIDE_11.3.0_5222/ide/plugins/com.nxp.mcuxpresso.tools.macosx_11.3.0.202011031536/tools/bin/../lib/gcc/arm-none-eabi/9.3.1/../../../../arm-none-eabi/lib/thumb/v6-m/nofp/libcr_c.a(setvbuf.o)
                0x0000000000004e3c                setvbuf
 .text.strlen   0x0000000000004e88       0x58 /Applications/MCUXpressoIDE_11.3.0_5222/ide/plugins/com.nxp.mcuxpresso.tools.macosx_11.3.0.202011031536/tools/bin/../lib/gcc/arm-none-eabi/9.3.1/../../../../arm-none-eabi/lib/thumb/v6-m/nofp/libcr_c.a(strlen.o)
                0x0000000000004e88                strlen
 .text._sbrk    0x0000000000004ee0       0x44 /Applications/MCUXpressoIDE_11.3.0_5222/ide/plugins/com.nxp.mcuxpresso.tools.macosx_11.3.0.202011031536/tools/bin/../lib/gcc/arm-none-eabi/9.3.1/../../../../arm-none-eabi/lib/thumb/v6-m/nofp/libcr_c.a(_cr_sbrk.o)
                0x0000000000004ee0                _sbrk
 .text._fdopen  0x0000000000004f24       0x74 /Applications/MCUXpressoIDE_11.3.0_5222/ide/plugins/com.nxp.mcuxpresso.tools.macosx_11.3.0.202011031536/tools/bin/../lib/gcc/arm-none-eabi/9.3.1/../../../../arm-none-eabi/lib/thumb/v6-m/nofp/libcr_c.a(_fdopen.o)
                0x0000000000004f24                _fdopen
 .text.fclose   0x0000000000004f98       0x5c /Applications/MCUXpressoIDE_11.3.0_5222/ide/plugins/com.nxp.mcuxpresso.tools.macosx_11.3.0.202011031536/tools/bin/../lib/gcc/arm-none-eabi/9.3.1/../../../../arm-none-eabi/lib/thumb/v6-m/nofp/libcr_c.a(fclose.o)
                0x0000000000004f98                fclose
 .text.fflush   0x0000000000004ff4       0x44 /Applications/MCUXpressoIDE_11.3.0_5222/ide/plugins/com.nxp.mcuxpresso.tools.macosx_11.3.0.202011031536/tools/bin/../lib/gcc/arm-none-eabi/9.3.1/../../../../arm-none-eabi/lib/thumb/v6-m/nofp/libcr_c.a(fflush.o)
                0x0000000000004ff4                fflush
 .text.__check_heap_overflow
                0x0000000000005038       0x14 /Applications/MCUXpressoIDE_11.3.0_5222/ide/plugins/com.nxp.mcuxpresso.tools.macosx_11.3.0.202011031536/tools/bin/../lib/gcc/arm-none-eabi/9.3.1/../../../../arm-none-eabi/lib/thumb/v6-m/nofp/libcr_c.a(_cr_check_heap.o)
                0x0000000000005038                __check_heap_overflow
 .text._do_fflush
                0x000000000000504c       0x48 /Applications/MCUXpressoIDE_11.3.0_5222/ide/plugins/com.nxp.mcuxpresso.tools.macosx_11.3.0.202011031536/tools/bin/../lib/gcc/arm-none-eabi/9.3.1/../../../../arm-none-eabi/lib/thumb/v6-m/nofp/libcr_c.a(_do_fflush.o)
                0x000000000000504c                _do_fflush
 .text.UART_EnableTx
                0x0000000000005094       0x40 ./utilities/fsl_debug_console.o
 .text.UART_EnableRx
                0x00000000000050d4       0x40 ./utilities/fsl_debug_console.o
 .text.LPSCI_EnableTx
                0x0000000000005114       0x40 ./utilities/fsl_debug_console.o
 .text.LPSCI_EnableRx
                0x0000000000005154       0x40 ./utilities/fsl_debug_console.o
 .text.MMA845x_I2C_Initialize
                0x0000000000005194       0x98 ./sensors/mma845x_drv.o
                0x0000000000005194                MMA845x_I2C_Initialize
 .text.MMA845x_I2C_SetIdleTask
                0x000000000000522c       0x20 ./sensors/mma845x_drv.o
                0x000000000000522c                MMA845x_I2C_SetIdleTask
 .text.MMA845x_I2C_Configure
                0x000000000000524c       0xa8 ./sensors/mma845x_drv.o
                0x000000000000524c                MMA845x_I2C_Configure
 .text.MMA845x_I2C_ReadData
                0x00000000000052f4       0x62 ./sensors/mma845x_drv.o
                0x00000000000052f4                MMA845x_I2C_ReadData
 .text.Sensor_I2C_Read
                0x0000000000005356       0x82 ./interface/sensor_io_i2c.o
                0x0000000000005356                Sensor_I2C_Read
 .text.OSC_SetExtRefClkConfig
                0x00000000000053d8       0x3e ./drivers/fsl_clock.o
 .text.OSC_SetCapLoad
                0x0000000000005416       0x42 ./drivers/fsl_clock.o
 .text.CLOCK_GetPll0RefFreq
                0x0000000000005458       0x10 ./drivers/fsl_clock.o
 .text.CLOCK_GetFixedFreqClkFreq
                0x0000000000005468       0x30 ./drivers/fsl_clock.o
                0x0000000000005468                CLOCK_GetFixedFreqClkFreq
 .text.CLOCK_SetExternalRefClkConfig
                0x0000000000005498       0x16 ./drivers/fsl_clock.o
                0x0000000000005498                CLOCK_SetExternalRefClkConfig
 .text.EnableIRQ
                0x00000000000054ae       0x2c ./drivers/fsl_i2c.o
 .text.I2C_Enable
                0x00000000000054da       0x42 ./drivers/fsl_i2c.o
 .text.I2C_SlaveGetStatusFlags
                0x000000000000551c       0x1a ./drivers/fsl_i2c.o
 .text.I2C_MasterClearStatusFlags
                0x0000000000005536       0x38 ./drivers/fsl_i2c.o
 .text.I2C_SlaveClearStatusFlags
                0x000000000000556e       0x1e ./drivers/fsl_i2c.o
 .text.I2C_EnableInterrupts
                0x000000000000558c       0x5c ./drivers/fsl_i2c.o
                0x000000000000558c                I2C_EnableInterrupts
 .text.I2C_DisableInterrupts
                0x00000000000055e8       0x42 ./drivers/fsl_i2c.o
                0x00000000000055e8                I2C_DisableInterrupts
 .text.I2C_MasterStop
                0x000000000000562a       0x64 ./drivers/fsl_i2c.o
                0x000000000000562a                I2C_MasterStop
 .text.I2C_MasterGetStatusFlags
                0x000000000000568e       0x32 ./drivers/fsl_i2c.o
                0x000000000000568e                I2C_MasterGetStatusFlags
 .text.LPSCI_GetStatusFlags
                0x00000000000056c0       0x26 ./drivers/fsl_lpsci.o
                0x00000000000056c0                LPSCI_GetStatusFlags
 .text.UART_GetStatusFlags
                0x00000000000056e6       0x26 ./drivers/fsl_uart.o
                0x00000000000056e6                UART_GetStatusFlags
 .text.UART_WriteBlocking
                0x000000000000570c       0x3c ./drivers/fsl_uart.o
                0x000000000000570c                UART_WriteBlocking
 .text.I2C0_GetFreq
                0x0000000000005748       0x12 ./board/frdm_kl25z.o
                0x0000000000005748                I2C0_GetFreq
 .text.I2C_SlaveGetStatusFlags
                0x000000000000575a       0x1a ./CMSIS_driver/fsl_i2c_cmsis.o
 .text.I2Cx_GetCapabilities
                0x0000000000005774       0x14 ./CMSIS_driver/fsl_i2c_cmsis.o
 .text.KSDK_I2C_SLAVE_InterruptCallback
                0x0000000000005788       0x42 ./CMSIS_driver/fsl_i2c_cmsis.o
 .text.I2C_InterruptInitialize
                0x00000000000057ca       0x1a ./CMSIS_driver/fsl_i2c_cmsis.o
 .text.I2C_InterruptUninitialize
                0x00000000000057e4       0x18 ./CMSIS_driver/fsl_i2c_cmsis.o
 .text.I2C_InterruptGetDataCount
                0x00000000000057fc       0x2a ./CMSIS_driver/fsl_i2c_cmsis.o
                0x00000000000057fc                I2C_InterruptGetDataCount
 .text.I2C_InterruptGetStatus
                0x0000000000005826       0xe6 ./CMSIS_driver/fsl_i2c_cmsis.o
                0x0000000000005826                I2C_InterruptGetStatus
 .text.__main   0x000000000000590c        0xc /Applications/MCUXpressoIDE_11.3.0_5222/ide/plugins/com.nxp.mcuxpresso.tools.macosx_11.3.0.202011031536/tools/bin/../lib/gcc/arm-none-eabi/9.3.1/../../../../arm-none-eabi/lib/thumb/v6-m/nofp/libcr_semihost_nf.a(_cr__main.o)
                0x000000000000590c                __main
                0x000000000000590c                __CR_SEMIHOST
 .text.memset   0x0000000000005918        0x8 /Applications/MCUXpressoIDE_11.3.0_5222/ide/plugins/com.nxp.mcuxpresso.tools.macosx_11.3.0.202011031536/tools/bin/../lib/gcc/arm-none-eabi/9.3.1/../../../../arm-none-eabi/lib/thumb/v6-m/nofp/libcr_c.a(memset.o)
                0x0000000000005918                memset
 .text._Csys_read_
                0x0000000000005920       0x24 /Applications/MCUXpressoIDE_11.3.0_5222/ide/plugins/com.nxp.mcuxpresso.tools.macosx_11.3.0.202011031536/tools/bin/../lib/gcc/arm-none-eabi/9.3.1/../../../../arm-none-eabi/lib/thumb/v6-m/nofp/libcr_c.a(__fillbuf.o)
                0x0000000000005920                _Csys_read_
 .text.free     0x0000000000005944       0x2c /Applications/MCUXpressoIDE_11.3.0_5222/ide/plugins/com.nxp.mcuxpresso.tools.macosx_11.3.0.202011031536/tools/bin/../lib/gcc/arm-none-eabi/9.3.1/../../../../arm-none-eabi/lib/thumb/v6-m/nofp/libcr_c.a(alloc.o)
                0x0000000000005944                free
 .text.fputs    0x0000000000005970       0x2e /Applications/MCUXpressoIDE_11.3.0_5222/ide/plugins/com.nxp.mcuxpresso.tools.macosx_11.3.0.202011031536/tools/bin/../lib/gcc/arm-none-eabi/9.3.1/../../../../arm-none-eabi/lib/thumb/v6-m/nofp/libcr_c.a(fputs.o)
                0x0000000000005970                fputs
 .text.no_fp_display
                0x000000000000599e        0x4 /Applications/MCUXpressoIDE_11.3.0_5222/ide/plugins/com.nxp.mcuxpresso.tools.macosx_11.3.0.202011031536/tools/bin/../lib/gcc/arm-none-eabi/9.3.1/../../../../arm-none-eabi/lib/thumb/v6-m/nofp/libcr_c.a(printf.o)
 .text.remove   0x00000000000059a2       0x12 /Applications/MCUXpressoIDE_11.3.0_5222/ide/plugins/com.nxp.mcuxpresso.tools.macosx_11.3.0.202011031536/tools/bin/../lib/gcc/arm-none-eabi/9.3.1/../../../../arm-none-eabi/lib/thumb/v6-m/nofp/libcr_c.a(remove.o)
                0x00000000000059a2                remove
 .text.__aeabi_division_idivmod
                0x00000000000059b4       0x78 /Applications/MCUXpressoIDE_11.3.0_5222/ide/plugins/com.nxp.mcuxpresso.tools.macosx_11.3.0.202011031536/tools/bin/../lib/gcc/arm-none-eabi/9.3.1/thumb/v6-m/nofp/libcr_eabihelpers.a(division_32.o)
                0x00000000000059b4                __aeabi_idiv
                0x00000000000059b4                __aeabi_idivmod
                0x00000000000059ba                __aeabi_uidiv
                0x00000000000059ba                __aeabi_uidivmod
 .text.__aeabi_division_idiv0
                0x0000000000005a2c        0x2 /Applications/MCUXpressoIDE_11.3.0_5222/ide/plugins/com.nxp.mcuxpresso.tools.macosx_11.3.0.202011031536/tools/bin/../lib/gcc/arm-none-eabi/9.3.1/thumb/v6-m/nofp/libcr_eabihelpers.a(division_idiv0.o)
                0x0000000000005a2c                __aeabi_idiv0
 .text.__aeabi_llong_lmul
                0x0000000000005a2e       0x2e /Applications/MCUXpressoIDE_11.3.0_5222/ide/plugins/com.nxp.mcuxpresso.tools.macosx_11.3.0.202011031536/tools/bin/../lib/gcc/arm-none-eabi/9.3.1/thumb/v6-m/nofp/libcr_eabihelpers.a(llong.o)
                0x0000000000005a2e                __aeabi_lmul
 .text.__aeabi_memset_lowlevel
                0x0000000000005a5c       0x2a /Applications/MCUXpressoIDE_11.3.0_5222/ide/plugins/com.nxp.mcuxpresso.tools.macosx_11.3.0.202011031536/tools/bin/../lib/gcc/arm-none-eabi/9.3.1/thumb/v6-m/nofp/libcr_eabihelpers.a(memcpy.o)
                0x0000000000005a5c                __aeabi_lowlevel_memset
 .text.__gnu_thumb1_case_shi
                0x0000000000005a86       0x10 /Applications/MCUXpressoIDE_11.3.0_5222/ide/plugins/com.nxp.mcuxpresso.tools.macosx_11.3.0.202011031536/tools/bin/../lib/gcc/arm-none-eabi/9.3.1/thumb/v6-m/nofp/libcr_eabihelpers.a(thumb1_switch_helpers.o)
                0x0000000000005a86                __gnu_thumb1_case_shi
 .text.__sys_close
                0x0000000000005a96        0xc /Applications/MCUXpressoIDE_11.3.0_5222/ide/plugins/com.nxp.mcuxpresso.tools.macosx_11.3.0.202011031536/tools/bin/../lib/gcc/arm-none-eabi/9.3.1/../../../../arm-none-eabi/lib/thumb/v6-m/nofp/libcr_semihost_nf.a(__sys_close.o)
                0x0000000000005a96                __sys_close
 .text.__sys_flen
                0x0000000000005aa2        0xc /Applications/MCUXpressoIDE_11.3.0_5222/ide/plugins/com.nxp.mcuxpresso.tools.macosx_11.3.0.202011031536/tools/bin/../lib/gcc/arm-none-eabi/9.3.1/../../../../arm-none-eabi/lib/thumb/v6-m/nofp/libcr_semihost_nf.a(__sys_flen.o)
                0x0000000000005aa2                __sys_flen
 .text.__sys_istty
                0x0000000000005aae        0xc /Applications/MCUXpressoIDE_11.3.0_5222/ide/plugins/com.nxp.mcuxpresso.tools.macosx_11.3.0.202011031536/tools/bin/../lib/gcc/arm-none-eabi/9.3.1/../../../../arm-none-eabi/lib/thumb/v6-m/nofp/libcr_semihost_nf.a(__sys_istty.o)
                0x0000000000005aae                __sys_istty
 .text.__sys_read
                0x0000000000005aba        0xc /Applications/MCUXpressoIDE_11.3.0_5222/ide/plugins/com.nxp.mcuxpresso.tools.macosx_11.3.0.202011031536/tools/bin/../lib/gcc/arm-none-eabi/9.3.1/../../../../arm-none-eabi/lib/thumb/v6-m/nofp/libcr_semihost_nf.a(__sys_read.o)
                0x0000000000005aba                __sys_read
 .text.__sys_readc
                0x0000000000005ac6        0x8 /Applications/MCUXpressoIDE_11.3.0_5222/ide/plugins/com.nxp.mcuxpresso.tools.macosx_11.3.0.202011031536/tools/bin/../lib/gcc/arm-none-eabi/9.3.1/../../../../arm-none-eabi/lib/thumb/v6-m/nofp/libcr_semihost_nf.a(__sys_readc.o)
                0x0000000000005ac6                __readc
                0x0000000000005ac6                __sys_readc
 .text.__sys_remove
                0x0000000000005ace        0xc /Applications/MCUXpressoIDE_11.3.0_5222/ide/plugins/com.nxp.mcuxpresso.tools.macosx_11.3.0.202011031536/tools/bin/../lib/gcc/arm-none-eabi/9.3.1/../../../../arm-none-eabi/lib/thumb/v6-m/nofp/libcr_semihost_nf.a(__sys_remove.o)
                0x0000000000005ace                __sys_remove
 .text.__sys_seek
                0x0000000000005ada        0xc /Applications/MCUXpressoIDE_11.3.0_5222/ide/plugins/com.nxp.mcuxpresso.tools.macosx_11.3.0.202011031536/tools/bin/../lib/gcc/arm-none-eabi/9.3.1/../../../../arm-none-eabi/lib/thumb/v6-m/nofp/libcr_semihost_nf.a(__sys_seek.o)
                0x0000000000005ada                __sys_seek
 .text.__sys_tmpnam
                0x0000000000005ae6        0xc /Applications/MCUXpressoIDE_11.3.0_5222/ide/plugins/com.nxp.mcuxpresso.tools.macosx_11.3.0.202011031536/tools/bin/../lib/gcc/arm-none-eabi/9.3.1/../../../../arm-none-eabi/lib/thumb/v6-m/nofp/libcr_semihost_nf.a(__sys_tmpnam.o)
                0x0000000000005ae6                __sys_tmpnam
 .text.__sys_write
                0x0000000000005af2        0xc /Applications/MCUXpressoIDE_11.3.0_5222/ide/plugins/com.nxp.mcuxpresso.tools.macosx_11.3.0.202011031536/tools/bin/../lib/gcc/arm-none-eabi/9.3.1/../../../../arm-none-eabi/lib/thumb/v6-m/nofp/libcr_semihost_nf.a(__sys_write.o)
                0x0000000000005af2                __sys_write
 *(SORT_BY_ALIGNMENT(.rodata) SORT_BY_ALIGNMENT(.rodata.*) SORT_BY_ALIGNMENT(.constdata) SORT_BY_ALIGNMENT(.constdata.*))
 *fill*         0x0000000000005afe        0x2 ff
 .rodata.mma845x_Config_Fifo
                0x0000000000005b00       0x10 ./sensors/mma845x_fifo.o
                0x0000000000005b00                mma845x_Config_Fifo
 .rodata.mma845x_Fifo_Status
                0x0000000000005b10        0x8 ./sensors/mma845x_fifo.o
                0x0000000000005b10                mma845x_Fifo_Status
 .rodata.mma845x_Output_Values
                0x0000000000005b18        0x8 ./sensors/mma845x_fifo.o
                0x0000000000005b18                mma845x_Output_Values
 .rodata.main.str1.4
                0x0000000000005b20      0x1d4 ./sensors/mma845x_fifo.o
 .rodata.CLOCK_GetMcgExtClkFreq.str1.4
                0x0000000000005cf4       0x1f ./drivers/fsl_clock.o
 *fill*         0x0000000000005d13        0x1 ff
 .rodata.CLOCK_GetOsc0ErClkFreq.str1.4
                0x0000000000005d14       0x1f ./drivers/fsl_clock.o
 *fill*         0x0000000000005d33        0x1 ff
 .rodata.CLOCK_GetEr32kClkFreq.str1.4
                0x0000000000005d34       0x20 ./drivers/fsl_clock.o
 .rodata.CLOCK_GetFreq
                0x0000000000005d54       0x38 ./drivers/fsl_clock.o
 .rodata.CLOCK_GetPll0Freq.str1.4
                0x0000000000005d8c       0x1e ./drivers/fsl_clock.o
 *fill*         0x0000000000005daa        0x2 ff
 .rodata.CLOCK_EnablePll0.str1.4
                0x0000000000005dac       0x1a ./drivers/fsl_clock.o
 *fill*         0x0000000000005dc6        0x2 ff
 .rodata.CLOCK_SetPbeMode.str1.4
                0x0000000000005dc8       0x1b ./drivers/fsl_clock.o
 *fill*         0x0000000000005de3        0x1 ff
 .rodata.CLOCK_BootToPeeMode.str1.4
                0x0000000000005de4       0x1b ./drivers/fsl_clock.o
 *fill*         0x0000000000005dff        0x1 ff
 .rodata.fllFactorTable.5210
                0x0000000000005e00       0x10 ./drivers/fsl_clock.o
 .rodata.DMA_ClearChannelStatusFlags.str1.4
                0x0000000000005e10       0x3d ./drivers/fsl_dma.o
 *fill*         0x0000000000005e4d        0x3 ff
 .rodata.DMA_HandleIRQ.str1.4
                0x0000000000005e50       0x20 ./drivers/fsl_dma.o
 .rodata.s_portBases
                0x0000000000005e70       0x14 ./drivers/fsl_gpio.o
 .rodata.s_gpioBases
                0x0000000000005e84       0x14 ./drivers/fsl_gpio.o
 .rodata.GPIO_GetInstance.str1.4
                0x0000000000005e98       0x34 ./drivers/fsl_gpio.o
 .rodata.s_i2cDividerTable
                0x0000000000005ecc       0x80 ./drivers/fsl_i2c.o
 .rodata.s_i2cBases
                0x0000000000005f4c        0x8 ./drivers/fsl_i2c.o
 .rodata.s_i2cIrqs
                0x0000000000005f54        0x2 ./drivers/fsl_i2c.o
 *fill*         0x0000000000005f56        0x2 ff
 .rodata.s_i2cClocks
                0x0000000000005f58        0x8 ./drivers/fsl_i2c.o
 .rodata.I2C_GetInstance.str1.4
                0x0000000000005f60       0x33 ./drivers/fsl_i2c.o
 *fill*         0x0000000000005f93        0x1 ff
 .rodata.I2C_MasterTransferCreateHandle.str1.4
                0x0000000000005f94       0x19 ./drivers/fsl_i2c.o
 *fill*         0x0000000000005fad        0x3 ff
 .rodata.I2C_MasterTransferNonBlocking.str1.4
                0x0000000000005fb0       0x33 ./drivers/fsl_i2c.o
 *fill*         0x0000000000005fe3        0x1 ff
 .rodata.I2C_MasterTransferAbort.str1.4
                0x0000000000005fe4       0x19 ./drivers/fsl_i2c.o
 *fill*         0x0000000000005ffd        0x3 ff
 .rodata.I2C_MasterTransferHandleIRQ.str1.4
                0x0000000000006000       0x1c ./drivers/fsl_i2c.o
 .rodata.I2C_SlaveTransferCreateHandle.str1.4
                0x000000000000601c       0x19 ./drivers/fsl_i2c.o
 *fill*         0x0000000000006035        0x3 ff
 .rodata.I2C_SlaveTransferNonBlocking.str1.4
                0x0000000000006038       0x19 ./drivers/fsl_i2c.o
 *fill*         0x0000000000006051        0x3 ff
 .rodata.I2C_SlaveTransferAbort.str1.4
                0x0000000000006054       0x19 ./drivers/fsl_i2c.o
 *fill*         0x000000000000606d        0x3 ff
 .rodata.I2C_SlaveTransferHandleIRQ.str1.4
                0x0000000000006070       0x1c ./drivers/fsl_i2c.o
 .rodata.LPSCI_GetInstance.str1.4
                0x000000000000608c       0x37 ./drivers/fsl_lpsci.o
 *fill*         0x00000000000060c3        0x1 ff
 .rodata.LPSCI_Init.str1.4
                0x00000000000060c4       0x44 ./drivers/fsl_lpsci.o
 .rodata.LPSCI_GetDefaultConfig.str1.4
                0x0000000000006108       0x1a ./drivers/fsl_lpsci.o
 *fill*         0x0000000000006122        0x2 ff
 .rodata.LPSCI_WriteBlocking.str1.4
                0x0000000000006124       0x18 ./drivers/fsl_lpsci.o
 .rodata.LPSCI_ReadBlocking.str1.4
                0x000000000000613c       0x18 ./drivers/fsl_lpsci.o
 .rodata.SPI0_DriverIRQHandler.str1.4
                0x0000000000006154       0x21 ./drivers/fsl_spi.o
 *fill*         0x0000000000006175        0x3 ff
 .rodata.SPI1_DriverIRQHandler.str1.4
                0x0000000000006178       0x21 ./drivers/fsl_spi.o
 *fill*         0x0000000000006199        0x3 ff
 .rodata.s_uartBases
                0x000000000000619c        0xc ./drivers/fsl_uart.o
 .rodata.s_uartClock
                0x00000000000061a8        0xc ./drivers/fsl_uart.o
 .rodata.UART_GetInstance.str1.4
                0x00000000000061b4       0x2c ./drivers/fsl_uart.o
 .rodata.UART_Init.str1.4
                0x00000000000061e0       0x43 ./drivers/fsl_uart.o
 *fill*         0x0000000000006223        0x1 ff
 .rodata.UART_GetDefaultConfig.str1.4
                0x0000000000006224       0x19 ./drivers/fsl_uart.o
 *fill*         0x000000000000623d        0x3 ff
 .rodata.UART_ReadBlocking.str1.4
                0x0000000000006240       0x17 ./drivers/fsl_uart.o
 *fill*         0x0000000000006257        0x1 ff
 .rodata.mcgConfig_BOARD_BootClockRUN
                0x0000000000006258        0xa ./board/clock_config.o
                0x0000000000006258                mcgConfig_BOARD_BootClockRUN
 *fill*         0x0000000000006262        0x2 ff
 .rodata.simConfig_BOARD_BootClockRUN
                0x0000000000006264        0x8 ./board/clock_config.o
                0x0000000000006264                simConfig_BOARD_BootClockRUN
 .rodata.oscConfig_BOARD_BootClockRUN
                0x000000000000626c        0x8 ./board/clock_config.o
                0x000000000000626c                oscConfig_BOARD_BootClockRUN
 .rodata.PORT_SetPinConfig.str1.4
                0x0000000000006274       0x96 ./board/pin_mux.o
 *fill*         0x000000000000630a        0x2 ff
 .rodata.s_i2cDriverVersion
                0x000000000000630c        0x4 ./CMSIS_driver/fsl_i2c_cmsis.o
 .rodata.s_i2cClocks
                0x0000000000006310        0x8 ./CMSIS_driver/fsl_i2c_cmsis.o
 .rodata.I2C0_Resource
                0x0000000000006318        0x8 ./CMSIS_driver/fsl_i2c_cmsis.o
                0x0000000000006318                I2C0_Resource
 .rodata.Driver_I2C0
                0x0000000000006320       0x30 ./CMSIS_driver/fsl_i2c_cmsis.o
                0x0000000000006320                Driver_I2C0
 .rodata.__num_Ciob_streams
                0x0000000000006350        0x4 /Applications/MCUXpressoIDE_11.3.0_5222/ide/plugins/com.nxp.mcuxpresso.tools.macosx_11.3.0.202011031536/tools/bin/../lib/gcc/arm-none-eabi/9.3.1/../../../../arm-none-eabi/lib/thumb/v6-m/nofp/libcr_semihost_nf.a(__ciob.o)
                0x0000000000006350                __num_Ciob_streams
 .rodata.__assertion_failed.str1.1
                0x0000000000006354       0x15 /Applications/MCUXpressoIDE_11.3.0_5222/ide/plugins/com.nxp.mcuxpresso.tools.macosx_11.3.0.202011031536/tools/bin/../lib/gcc/arm-none-eabi/9.3.1/../../../../arm-none-eabi/lib/thumb/v6-m/nofp/libcr_semihost_nf.a(_cr_assert.o)
 .rodata._Csys_alloc.str1.1
                0x0000000000006369       0x18 /Applications/MCUXpressoIDE_11.3.0_5222/ide/plugins/com.nxp.mcuxpresso.tools.macosx_11.3.0.202011031536/tools/bin/../lib/gcc/arm-none-eabi/9.3.1/../../../../arm-none-eabi/lib/thumb/v6-m/nofp/libcr_c.a(alloc.o)
 .rodata._initio.str1.1
                0x0000000000006381        0x4 /Applications/MCUXpressoIDE_11.3.0_5222/ide/plugins/com.nxp.mcuxpresso.tools.macosx_11.3.0.202011031536/tools/bin/../lib/gcc/arm-none-eabi/9.3.1/../../../../arm-none-eabi/lib/thumb/v6-m/nofp/libcr_c.a(initio.o)
 .rodata.__vfprintf.str1.1
                0x0000000000006385       0x35 /Applications/MCUXpressoIDE_11.3.0_5222/ide/plugins/com.nxp.mcuxpresso.tools.macosx_11.3.0.202011031536/tools/bin/../lib/gcc/arm-none-eabi/9.3.1/../../../../arm-none-eabi/lib/thumb/v6-m/nofp/libcr_c.a(printf.o)
                                         0x38 (size before relaxing)
                0x00000000000063bc                . = ALIGN (0x4)
 *fill*         0x00000000000063ba        0x2 ff

.glue_7         0x00000000000063bc        0x0
 .glue_7        0x00000000000063bc        0x0 linker stubs

.glue_7t        0x00000000000063bc        0x0
 .glue_7t       0x00000000000063bc        0x0 linker stubs

.vfp11_veneer   0x00000000000063bc        0x0
 .vfp11_veneer  0x00000000000063bc        0x0 linker stubs

.v4_bx          0x00000000000063bc        0x0
 .v4_bx         0x00000000000063bc        0x0 linker stubs

.iplt           0x00000000000063bc        0x0
 .iplt          0x00000000000063bc        0x0 ./utilities/fsl_debug_console.o

.rel.dyn        0x00000000000063bc        0x0
 .rel.iplt      0x00000000000063bc        0x0 ./utilities/fsl_debug_console.o

.ARM.extab
 *(SORT_BY_ALIGNMENT(.ARM.extab*) SORT_BY_ALIGNMENT(.gnu.linkonce.armextab.*))

.ARM.exidx      0x00000000000063bc        0x0
                0x00000000000063bc                __exidx_start = .
 *(SORT_BY_ALIGNMENT(.ARM.exidx*) SORT_BY_ALIGNMENT(.gnu.linkonce.armexidx.*))
                0x00000000000063bc                __exidx_end = .
                0x00000000000063bc                _etext = .

.m_usb_data
 *(SORT_BY_ALIGNMENT(m_usb_bdt))

.mtb_buffer_default
 *(SORT_BY_ALIGNMENT(.mtb*))

.uninit_RESERVED
                0x000000001ffff000        0x0
                0x000000001ffff000                _start_uninit_RESERVED = .
 *(SORT_BY_ALIGNMENT(.bss.$RESERVED*))
                0x000000001ffff000                . = ALIGN (0x4)
                0x000000001ffff000                _end_uninit_RESERVED = .

.data           0x000000001ffff000       0x28 load address 0x00000000000063bc
 FILL mask 0xff
                0x000000001ffff000                _data = .
                [!provide]                        PROVIDE (__start_data_RAM = .)
                [!provide]                        PROVIDE (__start_data_SRAM = .)
 *(SORT_BY_ALIGNMENT(vtable))
 *(SORT_BY_ALIGNMENT(.ramfunc*))
 *(SORT_BY_ALIGNMENT(CodeQuickAccess))
 *(SORT_BY_ALIGNMENT(DataQuickAccess))
 *(SORT_BY_ALIGNMENT(RamFunction))
 *(SORT_BY_ALIGNMENT(.data*))
 .data.g_I2C_ErrorEvent
                0x000000001ffff000        0x8 ./interface/register_io_i2c.o
                0x000000001ffff000                g_I2C_ErrorEvent
 .data.s_slowIrcFreq
                0x000000001ffff008        0x4 ./drivers/fsl_clock.o
 .data.s_fastIrcFreq
                0x000000001ffff00c        0x4 ./drivers/fsl_clock.o
 .data.I2C0_InterruptDriverState
                0x000000001ffff010       0x10 ./CMSIS_driver/fsl_i2c_cmsis.o
                0x000000001ffff010                I2C0_InterruptDriverState
 .data.SystemCoreClock
                0x000000001ffff020        0x4 ./CMSIS/system_MKL25Z4.o
                0x000000001ffff020                SystemCoreClock
 .data.samplesToProcess.7240
                0x000000001ffff024        0x2 ./sensors/mma845x_fifo.o
 .data.askResume.7239
                0x000000001ffff026        0x1 ./sensors/mma845x_fifo.o
                0x000000001ffff028                . = ALIGN (0x4)
 *fill*         0x000000001ffff027        0x1 ff
                0x000000001ffff028                _edata = .
                [!provide]                        PROVIDE (__end_data_RAM = .)
                [!provide]                        PROVIDE (__end_data_SRAM = .)

.igot.plt       0x000000001ffff028        0x0 load address 0x00000000000063e4
 .igot.plt      0x000000001ffff028        0x0 ./utilities/fsl_debug_console.o

.bss            0x000000001ffff028      0x650
                0x000000001ffff028                _bss = .
                [!provide]                        PROVIDE (__start_bss_RAM = .)
                [!provide]                        PROVIDE (__start_bss_SRAM = .)
 *(SORT_BY_ALIGNMENT(.bss*))
 .bss.s_debugConsole
                0x000000001ffff028       0x10 ./utilities/fsl_debug_console.o
 .bss.g_ovf_counter
                0x000000001ffff038        0x4 ./utilities/systick_utils.o
                0x000000001ffff038                g_ovf_counter
 .bss.b_I2C_CompletionFlag
                0x000000001ffff03c        0x2 ./interface/register_io_i2c.o
                0x000000001ffff03c                b_I2C_CompletionFlag
 *fill*         0x000000001ffff03e        0x2 
 .bss.isrObj    0x000000001ffff040      0x500 ./gpio_driver/gpio_driver.o
 .bss.g_xtal0Freq
                0x000000001ffff540        0x4 ./drivers/fsl_clock.o
                0x000000001ffff540                g_xtal0Freq
 .bss.g_xtal32Freq
                0x000000001ffff544        0x4 ./drivers/fsl_clock.o
                0x000000001ffff544                g_xtal32Freq
 .bss.s_DMAHandle
                0x000000001ffff548       0x10 ./drivers/fsl_dma.o
 .bss.s_i2cHandle
                0x000000001ffff558        0x8 ./drivers/fsl_i2c.o
 .bss.s_i2cMasterIsr
                0x000000001ffff560        0x4 ./drivers/fsl_i2c.o
 .bss.s_i2cSlaveIsr
                0x000000001ffff564        0x4 ./drivers/fsl_i2c.o
 .bss.s_lpsciHandle
                0x000000001ffff568        0x4 ./drivers/fsl_lpsci.o
 .bss.s_lpsciIsr
                0x000000001ffff56c        0x4 ./drivers/fsl_lpsci.o
 .bss.s_spiHandle
                0x000000001ffff570        0x8 ./drivers/fsl_spi.o
 .bss.s_spiMasterIsr
                0x000000001ffff578        0x4 ./drivers/fsl_spi.o
 .bss.s_spiSlaveIsr
                0x000000001ffff57c        0x4 ./drivers/fsl_spi.o
 .bss.s_uartHandle
                0x000000001ffff580        0xc ./drivers/fsl_uart.o
 .bss.s_uartIsr
                0x000000001ffff58c        0x4 ./drivers/fsl_uart.o
 .bss.I2C0_handle
                0x000000001ffff590       0x28 ./CMSIS_driver/fsl_i2c_cmsis.o
                0x000000001ffff590                I2C0_handle
 .bss.__Ciob    0x000000001ffff5b8       0xb4 /Applications/MCUXpressoIDE_11.3.0_5222/ide/plugins/com.nxp.mcuxpresso.tools.macosx_11.3.0.202011031536/tools/bin/../lib/gcc/arm-none-eabi/9.3.1/../../../../arm-none-eabi/lib/thumb/v6-m/nofp/libcr_semihost_nf.a(__ciob.o)
                0x000000001ffff5b8                __Ciob
 .bss.__end_of_heap
                0x000000001ffff66c        0x4 /Applications/MCUXpressoIDE_11.3.0_5222/ide/plugins/com.nxp.mcuxpresso.tools.macosx_11.3.0.202011031536/tools/bin/../lib/gcc/arm-none-eabi/9.3.1/../../../../arm-none-eabi/lib/thumb/v6-m/nofp/libcr_c.a(__init_alloc.o)
                0x000000001ffff66c                __end_of_heap
 .bss.__heaps   0x000000001ffff670        0x4 /Applications/MCUXpressoIDE_11.3.0_5222/ide/plugins/com.nxp.mcuxpresso.tools.macosx_11.3.0.202011031536/tools/bin/../lib/gcc/arm-none-eabi/9.3.1/../../../../arm-none-eabi/lib/thumb/v6-m/nofp/libcr_c.a(__init_alloc.o)
                0x000000001ffff670                __heaps
 .bss.errno     0x000000001ffff674        0x4 /Applications/MCUXpressoIDE_11.3.0_5222/ide/plugins/com.nxp.mcuxpresso.tools.macosx_11.3.0.202011031536/tools/bin/../lib/gcc/arm-none-eabi/9.3.1/../../../../arm-none-eabi/lib/thumb/v6-m/nofp/libcr_c.a(errno.o)
                0x000000001ffff674                errno
 *(SORT_BY_ALIGNMENT(COMMON))
                0x000000001ffff678                . = ALIGN (0x4)
                0x000000001ffff678                _ebss = .
                [!provide]                        PROVIDE (__end_bss_RAM = .)
                [!provide]                        PROVIDE (__end_bss_SRAM = .)
                [!provide]                        PROVIDE (end = .)

.noinit         0x000000001ffff678        0x0
                0x000000001ffff678                _noinit = .
                [!provide]                        PROVIDE (__start_noinit_RAM = .)
                [!provide]                        PROVIDE (__start_noinit_SRAM = .)
 *(SORT_BY_ALIGNMENT(.noinit*))
                0x000000001ffff678                . = ALIGN (0x4)
                0x000000001ffff678                _end_noinit = .
                [!provide]                        PROVIDE (__end_noinit_RAM = .)
                [!provide]                        PROVIDE (__end_noinit_SRAM = .)
                0x0000000000000400                _HeapSize = 0x400

.heap           0x000000001ffff678      0x400
                0x000000001ffff678                _pvHeapStart = .
                0x000000001ffffa78                . = (. + _HeapSize)
 *fill*         0x000000001ffff678      0x400 
                0x000000001ffffa78                . = ALIGN (0x4)
                0x000000001ffffa78                _pvHeapLimit = .
                0x0000000000000400                _StackSize = 0x400

.heap2stackfill
                0x000000001ffffa78      0x400
                0x000000001ffffe78                . = (. + _StackSize)
 *fill*         0x000000001ffffa78      0x400 

.stack          0x0000000020002c00        0x0
                0x0000000020002c00                _vStackBase = .
                0x0000000020002c00                . = ALIGN (0x4)
                0x0000000020003000                _vStackTop = (. + _StackSize)
                0x0000000000000000                _image_start = LOADADDR (.text)
                0x00000000000063e4                _image_end = (LOADADDR (.data) + SIZEOF (.data))
                0x00000000000063e4                _image_size = (_image_end - _image_start)
OUTPUT(frdmkl25z_issdk_examples_sensors_mma8451q_mma845x_fifo.axf elf32-littlearm)
LOAD linker stubs

.debug_info     0x0000000000000000    0x143ea
 .debug_info    0x0000000000000000      0x9b1 ./utilities/fsl_debug_console.o
 .debug_info    0x00000000000009b1     0x13cd ./utilities/systick_utils.o
 .debug_info    0x0000000000001d7e      0x4db ./startup/startup_mkl25z4.o
 .debug_info    0x0000000000002259       0x38 ./source/semihost_hardfault.o
 .debug_info    0x0000000000002291      0x7cf ./sensors/mma845x_drv.o
 .debug_info    0x0000000000002a60     0x19df ./sensors/mma845x_fifo.o
 .debug_info    0x000000000000443f     0x159a ./interface/register_io_i2c.o
 .debug_info    0x00000000000059d9      0x6e8 ./interface/sensor_io_i2c.o
 .debug_info    0x00000000000060c1      0xfae ./gpio_driver/gpio_driver.o
 .debug_info    0x000000000000706f      0x37b ./gpio_driver/gpio_driver_irq.o
 .debug_info    0x00000000000073ea     0x1a93 ./drivers/fsl_clock.o
 .debug_info    0x0000000000008e7d      0xf4a ./drivers/fsl_dma.o
 .debug_info    0x0000000000009dc7      0x562 ./drivers/fsl_gpio.o
 .debug_info    0x000000000000a329     0x1a96 ./drivers/fsl_i2c.o
 .debug_info    0x000000000000bdbf     0x1465 ./drivers/fsl_lpsci.o
 .debug_info    0x000000000000d224      0x76f ./drivers/fsl_smc.o
 .debug_info    0x000000000000d993     0x140d ./drivers/fsl_spi.o
 .debug_info    0x000000000000eda0     0x1406 ./drivers/fsl_uart.o
 .debug_info    0x00000000000101a6      0x807 ./board/board.o
 .debug_info    0x00000000000109ad      0xaea ./board/clock_config.o
 .debug_info    0x0000000000011497      0xd99 ./board/frdm_kl25z.o
 .debug_info    0x0000000000012230      0x833 ./board/pin_mux.o
 .debug_info    0x0000000000012a63     0x1552 ./CMSIS_driver/fsl_i2c_cmsis.o
 .debug_info    0x0000000000013fb5      0x435 ./CMSIS/system_MKL25Z4.o

.debug_abbrev   0x0000000000000000     0x3745
 .debug_abbrev  0x0000000000000000      0x218 ./utilities/fsl_debug_console.o
 .debug_abbrev  0x0000000000000218      0x2a1 ./utilities/systick_utils.o
 .debug_abbrev  0x00000000000004b9      0x18a ./startup/startup_mkl25z4.o
 .debug_abbrev  0x0000000000000643       0x2e ./source/semihost_hardfault.o
 .debug_abbrev  0x0000000000000671      0x1c2 ./sensors/mma845x_drv.o
 .debug_abbrev  0x0000000000000833      0x278 ./sensors/mma845x_fifo.o
 .debug_abbrev  0x0000000000000aab      0x2ed ./interface/register_io_i2c.o
 .debug_abbrev  0x0000000000000d98      0x176 ./interface/sensor_io_i2c.o
 .debug_abbrev  0x0000000000000f0e      0x357 ./gpio_driver/gpio_driver.o
 .debug_abbrev  0x0000000000001265      0x150 ./gpio_driver/gpio_driver_irq.o
 .debug_abbrev  0x00000000000013b5      0x36c ./drivers/fsl_clock.o
 .debug_abbrev  0x0000000000001721      0x2e9 ./drivers/fsl_dma.o
 .debug_abbrev  0x0000000000001a0a      0x1b5 ./drivers/fsl_gpio.o
 .debug_abbrev  0x0000000000001bbf      0x36b ./drivers/fsl_i2c.o
 .debug_abbrev  0x0000000000001f2a      0x306 ./drivers/fsl_lpsci.o
 .debug_abbrev  0x0000000000002230      0x234 ./drivers/fsl_smc.o
 .debug_abbrev  0x0000000000002464      0x320 ./drivers/fsl_spi.o
 .debug_abbrev  0x0000000000002784      0x320 ./drivers/fsl_uart.o
 .debug_abbrev  0x0000000000002aa4      0x1a4 ./board/board.o
 .debug_abbrev  0x0000000000002c48      0x21d ./board/clock_config.o
 .debug_abbrev  0x0000000000002e65      0x21a ./board/frdm_kl25z.o
 .debug_abbrev  0x000000000000307f      0x258 ./board/pin_mux.o
 .debug_abbrev  0x00000000000032d7      0x31b ./CMSIS_driver/fsl_i2c_cmsis.o
 .debug_abbrev  0x00000000000035f2      0x153 ./CMSIS/system_MKL25Z4.o

.debug_aranges  0x0000000000000000      0xee8
 .debug_aranges
                0x0000000000000000       0x48 ./utilities/fsl_debug_console.o
 .debug_aranges
                0x0000000000000048       0x50 ./utilities/systick_utils.o
 .debug_aranges
                0x0000000000000098      0x160 ./startup/startup_mkl25z4.o
 .debug_aranges
                0x00000000000001f8       0x20 ./source/semihost_hardfault.o
 .debug_aranges
                0x0000000000000218       0x40 ./sensors/mma845x_drv.o
 .debug_aranges
                0x0000000000000258       0x20 ./sensors/mma845x_fifo.o
 .debug_aranges
                0x0000000000000278       0x40 ./interface/register_io_i2c.o
 .debug_aranges
                0x00000000000002b8       0x30 ./interface/sensor_io_i2c.o
 .debug_aranges
                0x00000000000002e8       0xa8 ./gpio_driver/gpio_driver.o
 .debug_aranges
                0x0000000000000390       0x40 ./gpio_driver/gpio_driver_irq.o
 .debug_aranges
                0x00000000000003d0      0x1d8 ./drivers/fsl_clock.o
 .debug_aranges
                0x00000000000005a8       0xd0 ./drivers/fsl_dma.o
 .debug_aranges
                0x0000000000000678       0x40 ./drivers/fsl_gpio.o
 .debug_aranges
                0x00000000000006b8      0x178 ./drivers/fsl_i2c.o
 .debug_aranges
                0x0000000000000830      0x118 ./drivers/fsl_lpsci.o
 .debug_aranges
                0x0000000000000948       0x68 ./drivers/fsl_smc.o
 .debug_aranges
                0x00000000000009b0      0x130 ./drivers/fsl_spi.o
 .debug_aranges
                0x0000000000000ae0      0x130 ./drivers/fsl_uart.o
 .debug_aranges
                0x0000000000000c10       0x28 ./board/board.o
 .debug_aranges
                0x0000000000000c38       0x50 ./board/clock_config.o
 .debug_aranges
                0x0000000000000c88       0x58 ./board/frdm_kl25z.o
 .debug_aranges
                0x0000000000000ce0       0xa8 ./board/pin_mux.o
 .debug_aranges
                0x0000000000000d88      0x138 ./CMSIS_driver/fsl_i2c_cmsis.o
 .debug_aranges
                0x0000000000000ec0       0x28 ./CMSIS/system_MKL25Z4.o

.debug_ranges   0x0000000000000000      0xd68
 .debug_ranges  0x0000000000000000       0x38 ./utilities/fsl_debug_console.o
 .debug_ranges  0x0000000000000038       0x40 ./utilities/systick_utils.o
 .debug_ranges  0x0000000000000078      0x150 ./startup/startup_mkl25z4.o
 .debug_ranges  0x00000000000001c8       0x10 ./source/semihost_hardfault.o
 .debug_ranges  0x00000000000001d8       0x30 ./sensors/mma845x_drv.o
 .debug_ranges  0x0000000000000208       0x10 ./sensors/mma845x_fifo.o
 .debug_ranges  0x0000000000000218       0x30 ./interface/register_io_i2c.o
 .debug_ranges  0x0000000000000248       0x20 ./interface/sensor_io_i2c.o
 .debug_ranges  0x0000000000000268       0x98 ./gpio_driver/gpio_driver.o
 .debug_ranges  0x0000000000000300       0x30 ./gpio_driver/gpio_driver_irq.o
 .debug_ranges  0x0000000000000330      0x1c8 ./drivers/fsl_clock.o
 .debug_ranges  0x00000000000004f8       0xc0 ./drivers/fsl_dma.o
 .debug_ranges  0x00000000000005b8       0x30 ./drivers/fsl_gpio.o
 .debug_ranges  0x00000000000005e8      0x168 ./drivers/fsl_i2c.o
 .debug_ranges  0x0000000000000750      0x108 ./drivers/fsl_lpsci.o
 .debug_ranges  0x0000000000000858       0x58 ./drivers/fsl_smc.o
 .debug_ranges  0x00000000000008b0      0x120 ./drivers/fsl_spi.o
 .debug_ranges  0x00000000000009d0      0x120 ./drivers/fsl_uart.o
 .debug_ranges  0x0000000000000af0       0x18 ./board/board.o
 .debug_ranges  0x0000000000000b08       0x40 ./board/clock_config.o
 .debug_ranges  0x0000000000000b48       0x48 ./board/frdm_kl25z.o
 .debug_ranges  0x0000000000000b90       0x98 ./board/pin_mux.o
 .debug_ranges  0x0000000000000c28      0x128 ./CMSIS_driver/fsl_i2c_cmsis.o
 .debug_ranges  0x0000000000000d50       0x18 ./CMSIS/system_MKL25Z4.o

.debug_line     0x0000000000000000     0xa0a1
 .debug_line    0x0000000000000000      0x40b ./utilities/fsl_debug_console.o
 .debug_line    0x000000000000040b      0x5ed ./utilities/systick_utils.o
 .debug_line    0x00000000000009f8      0x1e7 ./startup/startup_mkl25z4.o
 .debug_line    0x0000000000000bdf       0x59 ./source/semihost_hardfault.o
 .debug_line    0x0000000000000c38      0x3d6 ./sensors/mma845x_drv.o
 .debug_line    0x000000000000100e      0x73c ./sensors/mma845x_fifo.o
 .debug_line    0x000000000000174a      0x7af ./interface/register_io_i2c.o
 .debug_line    0x0000000000001ef9      0x32f ./interface/sensor_io_i2c.o
 .debug_line    0x0000000000002228      0x62c ./gpio_driver/gpio_driver.o
 .debug_line    0x0000000000002854      0x3b3 ./gpio_driver/gpio_driver_irq.o
 .debug_line    0x0000000000002c07     0x128f ./drivers/fsl_clock.o
 .debug_line    0x0000000000003e96      0x6f1 ./drivers/fsl_dma.o
 .debug_line    0x0000000000004587      0x312 ./drivers/fsl_gpio.o
 .debug_line    0x0000000000004899     0x1258 ./drivers/fsl_i2c.o
 .debug_line    0x0000000000005af1      0xd0b ./drivers/fsl_lpsci.o
 .debug_line    0x00000000000067fc      0x4d6 ./drivers/fsl_smc.o
 .debug_line    0x0000000000006cd2      0xa8d ./drivers/fsl_spi.o
 .debug_line    0x000000000000775f      0xcfa ./drivers/fsl_uart.o
 .debug_line    0x0000000000008459      0x2db ./board/board.o
 .debug_line    0x0000000000008734      0x393 ./board/clock_config.o
 .debug_line    0x0000000000008ac7      0x4b7 ./board/frdm_kl25z.o
 .debug_line    0x0000000000008f7e      0x4e2 ./board/pin_mux.o
 .debug_line    0x0000000000009460      0x995 ./CMSIS_driver/fsl_i2c_cmsis.o
 .debug_line    0x0000000000009df5      0x2ac ./CMSIS/system_MKL25Z4.o

.debug_str      0x0000000000000000     0x7092
 .debug_str     0x0000000000000000      0xb01 ./utilities/fsl_debug_console.o
                                        0xb87 (size before relaxing)
 .debug_str     0x0000000000000b01      0xb18 ./utilities/systick_utils.o
                                       0x13b5 (size before relaxing)
 .debug_str     0x0000000000001619      0x375 ./startup/startup_mkl25z4.o
                                        0x503 (size before relaxing)
 .debug_str     0x000000000000198e       0x1f ./source/semihost_hardfault.o
                                        0x18d (size before relaxing)
 .debug_str     0x00000000000019ad      0x58c ./sensors/mma845x_drv.o
                                        0x99f (size before relaxing)
 .debug_str     0x0000000000001f39      0x43b ./sensors/mma845x_fifo.o
                                       0x1b3f (size before relaxing)
 .debug_str     0x0000000000002374      0x104 ./interface/register_io_i2c.o
                                       0x1326 (size before relaxing)
 .debug_str     0x0000000000002478       0xb4 ./interface/sensor_io_i2c.o
                                        0x63e (size before relaxing)
 .debug_str     0x000000000000252c      0x5cd ./gpio_driver/gpio_driver.o
                                       0x1218 (size before relaxing)
 .debug_str     0x0000000000002af9       0x54 ./gpio_driver/gpio_driver_irq.o
                                        0x444 (size before relaxing)
 .debug_str     0x0000000000002b4d      0xb24 ./drivers/fsl_clock.o
                                       0x182e (size before relaxing)
 .debug_str     0x0000000000003671      0x741 ./drivers/fsl_dma.o
                                       0x12c0 (size before relaxing)
 .debug_str     0x0000000000003db2       0x84 ./drivers/fsl_gpio.o
                                        0x855 (size before relaxing)
 .debug_str     0x0000000000003e36      0xb91 ./drivers/fsl_i2c.o
                                       0x17b7 (size before relaxing)
 .debug_str     0x00000000000049c7      0x91f ./drivers/fsl_lpsci.o
                                       0x15f6 (size before relaxing)
 .debug_str     0x00000000000052e6      0x3f8 ./drivers/fsl_smc.o
                                        0x72a (size before relaxing)
 .debug_str     0x00000000000056de      0x75f ./drivers/fsl_spi.o
                                       0x13a6 (size before relaxing)
 .debug_str     0x0000000000005e3d      0x819 ./drivers/fsl_uart.o
                                       0x1602 (size before relaxing)
 .debug_str     0x0000000000006656       0x4c ./board/board.o
                                        0x781 (size before relaxing)
 .debug_str     0x00000000000066a2      0x1fb ./board/clock_config.o
                                        0xe00 (size before relaxing)
 .debug_str     0x000000000000689d       0x74 ./board/frdm_kl25z.o
                                        0xe9e (size before relaxing)
 .debug_str     0x0000000000006911      0x231 ./board/pin_mux.o
                                        0x8b9 (size before relaxing)
 .debug_str     0x0000000000006b42      0x501 ./CMSIS_driver/fsl_i2c_cmsis.o
                                       0x1521 (size before relaxing)
 .debug_str     0x0000000000007043       0x4f ./CMSIS/system_MKL25Z4.o
                                        0x36f (size before relaxing)

.comment        0x0000000000000000       0x4c
 .comment       0x0000000000000000       0x4c ./utilities/fsl_debug_console.o
                                         0x4d (size before relaxing)
 .comment       0x000000000000004c       0x4d ./utilities/systick_utils.o
 .comment       0x000000000000004c       0x4d ./startup/startup_mkl25z4.o
 .comment       0x000000000000004c       0x4d ./source/semihost_hardfault.o
 .comment       0x000000000000004c       0x4d ./sensors/mma845x_drv.o
 .comment       0x000000000000004c       0x4d ./sensors/mma845x_fifo.o
 .comment       0x000000000000004c       0x4d ./interface/register_io_i2c.o
 .comment       0x000000000000004c       0x4d ./interface/sensor_io_i2c.o
 .comment       0x000000000000004c       0x4d ./gpio_driver/gpio_driver.o
 .comment       0x000000000000004c       0x4d ./gpio_driver/gpio_driver_irq.o
 .comment       0x000000000000004c       0x4d ./drivers/fsl_clock.o
 .comment       0x000000000000004c       0x4d ./drivers/fsl_dma.o
 .comment       0x000000000000004c       0x4d ./drivers/fsl_gpio.o
 .comment       0x000000000000004c       0x4d ./drivers/fsl_i2c.o
 .comment       0x000000000000004c       0x4d ./drivers/fsl_lpsci.o
 .comment       0x000000000000004c       0x4d ./drivers/fsl_smc.o
 .comment       0x000000000000004c       0x4d ./drivers/fsl_spi.o
 .comment       0x000000000000004c       0x4d ./drivers/fsl_uart.o
 .comment       0x000000000000004c       0x4d ./board/board.o
 .comment       0x000000000000004c       0x4d ./board/clock_config.o
 .comment       0x000000000000004c       0x4d ./board/frdm_kl25z.o
 .comment       0x000000000000004c       0x4d ./board/pin_mux.o
 .comment       0x000000000000004c       0x4d ./CMSIS_driver/fsl_i2c_cmsis.o
 .comment       0x000000000000004c       0x4d ./CMSIS/system_MKL25Z4.o
 .comment       0x000000000000004c       0x4d /Applications/MCUXpressoIDE_11.3.0_5222/ide/plugins/com.nxp.mcuxpresso.tools.macosx_11.3.0.202011031536/tools/bin/../lib/gcc/arm-none-eabi/9.3.1/../../../../arm-none-eabi/lib/thumb/v6-m/nofp/libcr_semihost_nf.a(__ciob.o)
 .comment       0x000000000000004c       0x4d /Applications/MCUXpressoIDE_11.3.0_5222/ide/plugins/com.nxp.mcuxpresso.tools.macosx_11.3.0.202011031536/tools/bin/../lib/gcc/arm-none-eabi/9.3.1/../../../../arm-none-eabi/lib/thumb/v6-m/nofp/libcr_semihost_nf.a(_cr__main.o)
 .comment       0x000000000000004c       0x4d /Applications/MCUXpressoIDE_11.3.0_5222/ide/plugins/com.nxp.mcuxpresso.tools.macosx_11.3.0.202011031536/tools/bin/../lib/gcc/arm-none-eabi/9.3.1/../../../../arm-none-eabi/lib/thumb/v6-m/nofp/libcr_semihost_nf.a(_cr_assert.o)
 .comment       0x000000000000004c       0x4d /Applications/MCUXpressoIDE_11.3.0_5222/ide/plugins/com.nxp.mcuxpresso.tools.macosx_11.3.0.202011031536/tools/bin/../lib/gcc/arm-none-eabi/9.3.1/../../../../arm-none-eabi/lib/thumb/v6-m/nofp/libcr_c.a(memset.o)
 .comment       0x000000000000004c       0x4d /Applications/MCUXpressoIDE_11.3.0_5222/ide/plugins/com.nxp.mcuxpresso.tools.macosx_11.3.0.202011031536/tools/bin/../lib/gcc/arm-none-eabi/9.3.1/../../../../arm-none-eabi/lib/thumb/v6-m/nofp/libcr_c.a(__fillbuf.o)
 .comment       0x000000000000004c       0x4d /Applications/MCUXpressoIDE_11.3.0_5222/ide/plugins/com.nxp.mcuxpresso.tools.macosx_11.3.0.202011031536/tools/bin/../lib/gcc/arm-none-eabi/9.3.1/../../../../arm-none-eabi/lib/thumb/v6-m/nofp/libcr_c.a(_deferredlazyseek.o)
 .comment       0x000000000000004c       0x4d /Applications/MCUXpressoIDE_11.3.0_5222/ide/plugins/com.nxp.mcuxpresso.tools.macosx_11.3.0.202011031536/tools/bin/../lib/gcc/arm-none-eabi/9.3.1/../../../../arm-none-eabi/lib/thumb/v6-m/nofp/libcr_c.a(_fflush.o)
 .comment       0x000000000000004c       0x4d /Applications/MCUXpressoIDE_11.3.0_5222/ide/plugins/com.nxp.mcuxpresso.tools.macosx_11.3.0.202011031536/tools/bin/../lib/gcc/arm-none-eabi/9.3.1/../../../../arm-none-eabi/lib/thumb/v6-m/nofp/libcr_c.a(_writebuf.o)
 .comment       0x000000000000004c       0x4d /Applications/MCUXpressoIDE_11.3.0_5222/ide/plugins/com.nxp.mcuxpresso.tools.macosx_11.3.0.202011031536/tools/bin/../lib/gcc/arm-none-eabi/9.3.1/../../../../arm-none-eabi/lib/thumb/v6-m/nofp/libcr_c.a(alloc.o)
 .comment       0x000000000000004c       0x4d /Applications/MCUXpressoIDE_11.3.0_5222/ide/plugins/com.nxp.mcuxpresso.tools.macosx_11.3.0.202011031536/tools/bin/../lib/gcc/arm-none-eabi/9.3.1/../../../../arm-none-eabi/lib/thumb/v6-m/nofp/libcr_c.a(fputs.o)
 .comment       0x000000000000004c       0x4d /Applications/MCUXpressoIDE_11.3.0_5222/ide/plugins/com.nxp.mcuxpresso.tools.macosx_11.3.0.202011031536/tools/bin/../lib/gcc/arm-none-eabi/9.3.1/../../../../arm-none-eabi/lib/thumb/v6-m/nofp/libcr_c.a(fseek.o)
 .comment       0x000000000000004c       0x4d /Applications/MCUXpressoIDE_11.3.0_5222/ide/plugins/com.nxp.mcuxpresso.tools.macosx_11.3.0.202011031536/tools/bin/../lib/gcc/arm-none-eabi/9.3.1/../../../../arm-none-eabi/lib/thumb/v6-m/nofp/libcr_c.a(ftell.o)
 .comment       0x000000000000004c       0x4d /Applications/MCUXpressoIDE_11.3.0_5222/ide/plugins/com.nxp.mcuxpresso.tools.macosx_11.3.0.202011031536/tools/bin/../lib/gcc/arm-none-eabi/9.3.1/../../../../arm-none-eabi/lib/thumb/v6-m/nofp/libcr_c.a(initio.o)
 .comment       0x000000000000004c       0x4d /Applications/MCUXpressoIDE_11.3.0_5222/ide/plugins/com.nxp.mcuxpresso.tools.macosx_11.3.0.202011031536/tools/bin/../lib/gcc/arm-none-eabi/9.3.1/../../../../arm-none-eabi/lib/thumb/v6-m/nofp/libcr_c.a(printf.o)
 .comment       0x000000000000004c       0x4d /Applications/MCUXpressoIDE_11.3.0_5222/ide/plugins/com.nxp.mcuxpresso.tools.macosx_11.3.0.202011031536/tools/bin/../lib/gcc/arm-none-eabi/9.3.1/../../../../arm-none-eabi/lib/thumb/v6-m/nofp/libcr_c.a(setvbuf.o)
 .comment       0x000000000000004c       0x4d /Applications/MCUXpressoIDE_11.3.0_5222/ide/plugins/com.nxp.mcuxpresso.tools.macosx_11.3.0.202011031536/tools/bin/../lib/gcc/arm-none-eabi/9.3.1/../../../../arm-none-eabi/lib/thumb/v6-m/nofp/libcr_c.a(strlen.o)
 .comment       0x000000000000004c       0x4d /Applications/MCUXpressoIDE_11.3.0_5222/ide/plugins/com.nxp.mcuxpresso.tools.macosx_11.3.0.202011031536/tools/bin/../lib/gcc/arm-none-eabi/9.3.1/../../../../arm-none-eabi/lib/thumb/v6-m/nofp/libcr_c.a(__init_alloc.o)
 .comment       0x000000000000004c       0x4d /Applications/MCUXpressoIDE_11.3.0_5222/ide/plugins/com.nxp.mcuxpresso.tools.macosx_11.3.0.202011031536/tools/bin/../lib/gcc/arm-none-eabi/9.3.1/../../../../arm-none-eabi/lib/thumb/v6-m/nofp/libcr_c.a(_cr_sbrk.o)
 .comment       0x000000000000004c       0x4d /Applications/MCUXpressoIDE_11.3.0_5222/ide/plugins/com.nxp.mcuxpresso.tools.macosx_11.3.0.202011031536/tools/bin/../lib/gcc/arm-none-eabi/9.3.1/../../../../arm-none-eabi/lib/thumb/v6-m/nofp/libcr_c.a(_fdopen.o)
 .comment       0x000000000000004c       0x4d /Applications/MCUXpressoIDE_11.3.0_5222/ide/plugins/com.nxp.mcuxpresso.tools.macosx_11.3.0.202011031536/tools/bin/../lib/gcc/arm-none-eabi/9.3.1/../../../../arm-none-eabi/lib/thumb/v6-m/nofp/libcr_c.a(errno.o)
 .comment       0x000000000000004c       0x4d /Applications/MCUXpressoIDE_11.3.0_5222/ide/plugins/com.nxp.mcuxpresso.tools.macosx_11.3.0.202011031536/tools/bin/../lib/gcc/arm-none-eabi/9.3.1/../../../../arm-none-eabi/lib/thumb/v6-m/nofp/libcr_c.a(fclose.o)
 .comment       0x000000000000004c       0x4d /Applications/MCUXpressoIDE_11.3.0_5222/ide/plugins/com.nxp.mcuxpresso.tools.macosx_11.3.0.202011031536/tools/bin/../lib/gcc/arm-none-eabi/9.3.1/../../../../arm-none-eabi/lib/thumb/v6-m/nofp/libcr_c.a(fflush.o)
 .comment       0x000000000000004c       0x4d /Applications/MCUXpressoIDE_11.3.0_5222/ide/plugins/com.nxp.mcuxpresso.tools.macosx_11.3.0.202011031536/tools/bin/../lib/gcc/arm-none-eabi/9.3.1/../../../../arm-none-eabi/lib/thumb/v6-m/nofp/libcr_c.a(remove.o)
 .comment       0x000000000000004c       0x4d /Applications/MCUXpressoIDE_11.3.0_5222/ide/plugins/com.nxp.mcuxpresso.tools.macosx_11.3.0.202011031536/tools/bin/../lib/gcc/arm-none-eabi/9.3.1/../../../../arm-none-eabi/lib/thumb/v6-m/nofp/libcr_c.a(_cr_check_heap.o)
 .comment       0x000000000000004c       0x4d /Applications/MCUXpressoIDE_11.3.0_5222/ide/plugins/com.nxp.mcuxpresso.tools.macosx_11.3.0.202011031536/tools/bin/../lib/gcc/arm-none-eabi/9.3.1/../../../../arm-none-eabi/lib/thumb/v6-m/nofp/libcr_c.a(_do_fflush.o)

.ARM.attributes
                0x0000000000000000       0x2a
 .ARM.attributes
                0x0000000000000000       0x2c ./utilities/fsl_debug_console.o
 .ARM.attributes
                0x000000000000002c       0x2c ./utilities/systick_utils.o
 .ARM.attributes
                0x0000000000000058       0x2c ./startup/startup_mkl25z4.o
 .ARM.attributes
                0x0000000000000084       0x2c ./source/semihost_hardfault.o
 .ARM.attributes
                0x00000000000000b0       0x2c ./sensors/mma845x_drv.o
 .ARM.attributes
                0x00000000000000dc       0x2c ./sensors/mma845x_fifo.o
 .ARM.attributes
                0x0000000000000108       0x2c ./interface/register_io_i2c.o
 .ARM.attributes
                0x0000000000000134       0x2c ./interface/sensor_io_i2c.o
 .ARM.attributes
                0x0000000000000160       0x2c ./gpio_driver/gpio_driver.o
 .ARM.attributes
                0x000000000000018c       0x2c ./gpio_driver/gpio_driver_irq.o
 .ARM.attributes
                0x00000000000001b8       0x2c ./drivers/fsl_clock.o
 .ARM.attributes
                0x00000000000001e4       0x2c ./drivers/fsl_dma.o
 .ARM.attributes
                0x0000000000000210       0x2c ./drivers/fsl_gpio.o
 .ARM.attributes
                0x000000000000023c       0x2c ./drivers/fsl_i2c.o
 .ARM.attributes
                0x0000000000000268       0x2c ./drivers/fsl_lpsci.o
 .ARM.attributes
                0x0000000000000294       0x2c ./drivers/fsl_smc.o
 .ARM.attributes
                0x00000000000002c0       0x2c ./drivers/fsl_spi.o
 .ARM.attributes
                0x00000000000002ec       0x2c ./drivers/fsl_uart.o
 .ARM.attributes
                0x0000000000000318       0x2c ./board/board.o
 .ARM.attributes
                0x0000000000000344       0x2c ./board/clock_config.o
 .ARM.attributes
                0x0000000000000370       0x2c ./board/frdm_kl25z.o
 .ARM.attributes
                0x000000000000039c       0x2c ./board/pin_mux.o
 .ARM.attributes
                0x00000000000003c8       0x2c ./CMSIS_driver/fsl_i2c_cmsis.o
 .ARM.attributes
                0x00000000000003f4       0x2c ./CMSIS/system_MKL25Z4.o
 .ARM.attributes
                0x0000000000000420       0x31 /Applications/MCUXpressoIDE_11.3.0_5222/ide/plugins/com.nxp.mcuxpresso.tools.macosx_11.3.0.202011031536/tools/bin/../lib/gcc/arm-none-eabi/9.3.1/../../../../arm-none-eabi/lib/thumb/v6-m/nofp/libcr_semihost_nf.a(__ciob.o)
 .ARM.attributes
                0x0000000000000451       0x2c /Applications/MCUXpressoIDE_11.3.0_5222/ide/plugins/com.nxp.mcuxpresso.tools.macosx_11.3.0.202011031536/tools/bin/../lib/gcc/arm-none-eabi/9.3.1/../../../../arm-none-eabi/lib/thumb/v6-m/nofp/libcr_semihost_nf.a(_cr__main.o)
 .ARM.attributes
                0x000000000000047d       0x2c /Applications/MCUXpressoIDE_11.3.0_5222/ide/plugins/com.nxp.mcuxpresso.tools.macosx_11.3.0.202011031536/tools/bin/../lib/gcc/arm-none-eabi/9.3.1/../../../../arm-none-eabi/lib/thumb/v6-m/nofp/libcr_semihost_nf.a(_cr_assert.o)
 .ARM.attributes
                0x00000000000004a9       0x1c /Applications/MCUXpressoIDE_11.3.0_5222/ide/plugins/com.nxp.mcuxpresso.tools.macosx_11.3.0.202011031536/tools/bin/../lib/gcc/arm-none-eabi/9.3.1/../../../../arm-none-eabi/lib/thumb/v6-m/nofp/libcr_semihost_nf.a(__sys_appexit.o)
 .ARM.attributes
                0x00000000000004c5       0x2c /Applications/MCUXpressoIDE_11.3.0_5222/ide/plugins/com.nxp.mcuxpresso.tools.macosx_11.3.0.202011031536/tools/bin/../lib/gcc/arm-none-eabi/9.3.1/../../../../arm-none-eabi/lib/thumb/v6-m/nofp/libcr_c.a(memset.o)
 .ARM.attributes
                0x00000000000004f1       0x2c /Applications/MCUXpressoIDE_11.3.0_5222/ide/plugins/com.nxp.mcuxpresso.tools.macosx_11.3.0.202011031536/tools/bin/../lib/gcc/arm-none-eabi/9.3.1/../../../../arm-none-eabi/lib/thumb/v6-m/nofp/libcr_c.a(__fillbuf.o)
 .ARM.attributes
                0x000000000000051d       0x2c /Applications/MCUXpressoIDE_11.3.0_5222/ide/plugins/com.nxp.mcuxpresso.tools.macosx_11.3.0.202011031536/tools/bin/../lib/gcc/arm-none-eabi/9.3.1/../../../../arm-none-eabi/lib/thumb/v6-m/nofp/libcr_c.a(_deferredlazyseek.o)
 .ARM.attributes
                0x0000000000000549       0x2c /Applications/MCUXpressoIDE_11.3.0_5222/ide/plugins/com.nxp.mcuxpresso.tools.macosx_11.3.0.202011031536/tools/bin/../lib/gcc/arm-none-eabi/9.3.1/../../../../arm-none-eabi/lib/thumb/v6-m/nofp/libcr_c.a(_fflush.o)
 .ARM.attributes
                0x0000000000000575       0x2c /Applications/MCUXpressoIDE_11.3.0_5222/ide/plugins/com.nxp.mcuxpresso.tools.macosx_11.3.0.202011031536/tools/bin/../lib/gcc/arm-none-eabi/9.3.1/../../../../arm-none-eabi/lib/thumb/v6-m/nofp/libcr_c.a(_writebuf.o)
 .ARM.attributes
                0x00000000000005a1       0x2c /Applications/MCUXpressoIDE_11.3.0_5222/ide/plugins/com.nxp.mcuxpresso.tools.macosx_11.3.0.202011031536/tools/bin/../lib/gcc/arm-none-eabi/9.3.1/../../../../arm-none-eabi/lib/thumb/v6-m/nofp/libcr_c.a(alloc.o)
 .ARM.attributes
                0x00000000000005cd       0x2c /Applications/MCUXpressoIDE_11.3.0_5222/ide/plugins/com.nxp.mcuxpresso.tools.macosx_11.3.0.202011031536/tools/bin/../lib/gcc/arm-none-eabi/9.3.1/../../../../arm-none-eabi/lib/thumb/v6-m/nofp/libcr_c.a(fputs.o)
 .ARM.attributes
                0x00000000000005f9       0x2c /Applications/MCUXpressoIDE_11.3.0_5222/ide/plugins/com.nxp.mcuxpresso.tools.macosx_11.3.0.202011031536/tools/bin/../lib/gcc/arm-none-eabi/9.3.1/../../../../arm-none-eabi/lib/thumb/v6-m/nofp/libcr_c.a(fseek.o)
 .ARM.attributes
                0x0000000000000625       0x2c /Applications/MCUXpressoIDE_11.3.0_5222/ide/plugins/com.nxp.mcuxpresso.tools.macosx_11.3.0.202011031536/tools/bin/../lib/gcc/arm-none-eabi/9.3.1/../../../../arm-none-eabi/lib/thumb/v6-m/nofp/libcr_c.a(ftell.o)
 .ARM.attributes
                0x0000000000000651       0x2c /Applications/MCUXpressoIDE_11.3.0_5222/ide/plugins/com.nxp.mcuxpresso.tools.macosx_11.3.0.202011031536/tools/bin/../lib/gcc/arm-none-eabi/9.3.1/../../../../arm-none-eabi/lib/thumb/v6-m/nofp/libcr_c.a(initio.o)
 .ARM.attributes
                0x000000000000067d       0x2c /Applications/MCUXpressoIDE_11.3.0_5222/ide/plugins/com.nxp.mcuxpresso.tools.macosx_11.3.0.202011031536/tools/bin/../lib/gcc/arm-none-eabi/9.3.1/../../../../arm-none-eabi/lib/thumb/v6-m/nofp/libcr_c.a(printf.o)
 .ARM.attributes
                0x00000000000006a9       0x2c /Applications/MCUXpressoIDE_11.3.0_5222/ide/plugins/com.nxp.mcuxpresso.tools.macosx_11.3.0.202011031536/tools/bin/../lib/gcc/arm-none-eabi/9.3.1/../../../../arm-none-eabi/lib/thumb/v6-m/nofp/libcr_c.a(setvbuf.o)
 .ARM.attributes
                0x00000000000006d5       0x2c /Applications/MCUXpressoIDE_11.3.0_5222/ide/plugins/com.nxp.mcuxpresso.tools.macosx_11.3.0.202011031536/tools/bin/../lib/gcc/arm-none-eabi/9.3.1/../../../../arm-none-eabi/lib/thumb/v6-m/nofp/libcr_c.a(strlen.o)
 .ARM.attributes
                0x0000000000000701       0x2c /Applications/MCUXpressoIDE_11.3.0_5222/ide/plugins/com.nxp.mcuxpresso.tools.macosx_11.3.0.202011031536/tools/bin/../lib/gcc/arm-none-eabi/9.3.1/../../../../arm-none-eabi/lib/thumb/v6-m/nofp/libcr_c.a(__init_alloc.o)
 .ARM.attributes
                0x000000000000072d       0x2c /Applications/MCUXpressoIDE_11.3.0_5222/ide/plugins/com.nxp.mcuxpresso.tools.macosx_11.3.0.202011031536/tools/bin/../lib/gcc/arm-none-eabi/9.3.1/../../../../arm-none-eabi/lib/thumb/v6-m/nofp/libcr_c.a(_cr_sbrk.o)
 .ARM.attributes
                0x0000000000000759       0x2c /Applications/MCUXpressoIDE_11.3.0_5222/ide/plugins/com.nxp.mcuxpresso.tools.macosx_11.3.0.202011031536/tools/bin/../lib/gcc/arm-none-eabi/9.3.1/../../../../arm-none-eabi/lib/thumb/v6-m/nofp/libcr_c.a(_fdopen.o)
 .ARM.attributes
                0x0000000000000785       0x31 /Applications/MCUXpressoIDE_11.3.0_5222/ide/plugins/com.nxp.mcuxpresso.tools.macosx_11.3.0.202011031536/tools/bin/../lib/gcc/arm-none-eabi/9.3.1/../../../../arm-none-eabi/lib/thumb/v6-m/nofp/libcr_c.a(errno.o)
 .ARM.attributes
                0x00000000000007b6       0x2c /Applications/MCUXpressoIDE_11.3.0_5222/ide/plugins/com.nxp.mcuxpresso.tools.macosx_11.3.0.202011031536/tools/bin/../lib/gcc/arm-none-eabi/9.3.1/../../../../arm-none-eabi/lib/thumb/v6-m/nofp/libcr_c.a(fclose.o)
 .ARM.attributes
                0x00000000000007e2       0x2c /Applications/MCUXpressoIDE_11.3.0_5222/ide/plugins/com.nxp.mcuxpresso.tools.macosx_11.3.0.202011031536/tools/bin/../lib/gcc/arm-none-eabi/9.3.1/../../../../arm-none-eabi/lib/thumb/v6-m/nofp/libcr_c.a(fflush.o)
 .ARM.attributes
                0x000000000000080e       0x2c /Applications/MCUXpressoIDE_11.3.0_5222/ide/plugins/com.nxp.mcuxpresso.tools.macosx_11.3.0.202011031536/tools/bin/../lib/gcc/arm-none-eabi/9.3.1/../../../../arm-none-eabi/lib/thumb/v6-m/nofp/libcr_c.a(remove.o)
 .ARM.attributes
                0x000000000000083a       0x2c /Applications/MCUXpressoIDE_11.3.0_5222/ide/plugins/com.nxp.mcuxpresso.tools.macosx_11.3.0.202011031536/tools/bin/../lib/gcc/arm-none-eabi/9.3.1/../../../../arm-none-eabi/lib/thumb/v6-m/nofp/libcr_c.a(_cr_check_heap.o)
 .ARM.attributes
                0x0000000000000866       0x2c /Applications/MCUXpressoIDE_11.3.0_5222/ide/plugins/com.nxp.mcuxpresso.tools.macosx_11.3.0.202011031536/tools/bin/../lib/gcc/arm-none-eabi/9.3.1/../../../../arm-none-eabi/lib/thumb/v6-m/nofp/libcr_c.a(_do_fflush.o)
 .ARM.attributes
                0x0000000000000892       0x1c /Applications/MCUXpressoIDE_11.3.0_5222/ide/plugins/com.nxp.mcuxpresso.tools.macosx_11.3.0.202011031536/tools/bin/../lib/gcc/arm-none-eabi/9.3.1/thumb/v6-m/nofp/libcr_eabihelpers.a(division_32.o)
 .ARM.attributes
                0x00000000000008ae       0x1c /Applications/MCUXpressoIDE_11.3.0_5222/ide/plugins/com.nxp.mcuxpresso.tools.macosx_11.3.0.202011031536/tools/bin/../lib/gcc/arm-none-eabi/9.3.1/thumb/v6-m/nofp/libcr_eabihelpers.a(division_idiv0.o)
 .ARM.attributes
                0x00000000000008ca       0x1c /Applications/MCUXpressoIDE_11.3.0_5222/ide/plugins/com.nxp.mcuxpresso.tools.macosx_11.3.0.202011031536/tools/bin/../lib/gcc/arm-none-eabi/9.3.1/thumb/v6-m/nofp/libcr_eabihelpers.a(llong.o)
 .ARM.attributes
                0x00000000000008e6       0x1c /Applications/MCUXpressoIDE_11.3.0_5222/ide/plugins/com.nxp.mcuxpresso.tools.macosx_11.3.0.202011031536/tools/bin/../lib/gcc/arm-none-eabi/9.3.1/thumb/v6-m/nofp/libcr_eabihelpers.a(memcpy.o)
 .ARM.attributes