fsl_clock.h:584:20:CLOCK_EnableClock	24	static
fsl_port.h:256:20:PORT_SetPinConfig	32	static
fsl_port.h:321:20:PORT_SetPinMux	24	static
pin_mux.c:67:6:BOARD_InitPins	8	static
pin_mux.c:99:6:I2C0_InitPins	16	static
pin_mux.c:141:6:I2C0_DeinitPins	8	static
pin_mux.c:167:6:I2C1_InitPins	16	static
pin_mux.c:209:6:I2C1_DeinitPins	8	static
pin_mux.c:238:6:SPI0_InitPins	8	static
pin_mux.c:270:6:SPI0_DeinitPins	8	static
pin_mux.c:298:6:SPI1_InitPins	8	static
pin_mux.c:330:6:SPI1_DeinitPins	8	static
pin_mux.c:361:6:UART0_InitPins	8	static
pin_mux.c:394:6:UART0_DeinitPins	8	static
pin_mux.c:422:6:UART1_InitPins	8	static
pin_mux.c:455:6:UART1_DeinitPins	8	static
pin_mux.c:481:6:UART2_InitPins	8	static
pin_mux.c:509:6:UART2_DeinitPins	8	static
