core_cm0plus.h:745:22:NVIC_EnableIRQ	16	static
fsl_clock.h:584:20:CLOCK_EnableClock	24	static
fsl_clock.h:595:20:CLOCK_DisableClock	24	static
fsl_common.h:212:20:EnableIRQ	16	static
fsl_spi.h:677:20:SPI_SlaveTransferAbort	16	static
fsl_spi.c:134:10:SPI_GetInstance	24	static
fsl_spi.c:152:13:SPI_WriteNonBlocking	32	static
fsl_spi.c:191:13:SPI_ReadNonBlocking	32	static
fsl_spi.c:229:16:SPI_GetWatermark	24	static
fsl_spi.c:258:13:SPI_SendInitialTransfer	32	static
fsl_spi.c:279:13:SPI_SendTransfer	32	static
fsl_spi.c:341:13:SPI_ReceiveTransfer	32	static
fsl_spi.c:386:6:SPI_MasterGetDefaultConfig	16	static
fsl_spi.c:408:6:SPI_MasterInit	24	static
fsl_spi.c:453:6:SPI_SlaveGetDefaultConfig	16	static
fsl_spi.c:471:6:SPI_SlaveInit	16	static
fsl_spi.c:510:6:SPI_Deinit	16	static
fsl_spi.c:521:10:SPI_GetStatusFlags	16	static
fsl_spi.c:537:6:SPI_EnableInterrupts	16	static
fsl_spi.c:576:6:SPI_DisableInterrupts	16	static
fsl_spi.c:614:6:SPI_MasterSetBaudRate	64	static
fsl_spi.c:667:6:SPI_WriteBlocking	40	static
fsl_spi.c:708:6:SPI_WriteData	16	static
fsl_spi.c:718:10:SPI_ReadData	24	static
fsl_spi.c:730:10:SPI_MasterTransferBlocking	32	static
fsl_spi.c:792:6:SPI_MasterTransferCreateHandle	40	static
fsl_spi.c:822:10:SPI_MasterTransferNonBlocking	24	static
fsl_spi.c:894:10:SPI_MasterTransferGetCount	32	static
fsl_spi.c:920:6:SPI_MasterTransferAbort	16	static
fsl_spi.c:946:6:SPI_MasterTransferHandleIRQ	24	static
fsl_spi.c:975:6:SPI_SlaveTransferCreateHandle	24	static
fsl_spi.c:988:6:SPI_SlaveTransferHandleIRQ	24	static
fsl_spi.c:1017:13:SPI_CommonIRQHandler	16	static
fsl_spi.c:1030:6:SPI0_DriverIRQHandler	8	static
fsl_spi.c:1038:6:SPI1_DriverIRQHandler	8	static
