fsl_clock.h:584:20:CLOCK_EnableClock	24	static
fsl_i2c.h:411:24:I2C_SlaveGetStatusFlags	16	static
fsl_i2c_cmsis.c:129:27:I2Cx_GetVersion	16	static
fsl_i2c_cmsis.c:134:29:I2Cx_GetCapabilities	8	static
fsl_i2c_cmsis.c:717:13:KSDK_I2C_SLAVE_InterruptCallback	32	static
fsl_i2c_cmsis.c:741:13:KSDK_I2C_MASTER_InterruptCallback	32	static
fsl_i2c_cmsis.c:774:16:I2C_InterruptInitialize	16	static
fsl_i2c_cmsis.c:780:16:I2C_InterruptUninitialize	16	static
fsl_i2c_cmsis.c:786:9:I2C_Master_InterruptTransmit	56	static
fsl_i2c_cmsis.c:845:9:I2C_Master_InterruptReceive	56	static
fsl_i2c_cmsis.c:904:9:I2C_Slave_InterruptTransmit	32	static
fsl_i2c_cmsis.c:938:9:I2C_Slave_InterruptReceive	32	static
fsl_i2c_cmsis.c:973:9:I2C_InterruptGetDataCount	24	static
fsl_i2c_cmsis.c:989:9:I2C_InterruptControl	40	static
fsl_i2c_cmsis.c:1059:16:I2C_InterruptPowerControl	16	static
fsl_i2c_cmsis.c:1090:16:I2C_InterruptGetStatus	32	static
fsl_i2c_cmsis.c:1264:16:I2C0_InterruptInitialize	16	static
fsl_i2c_cmsis.c:1270:16:I2C0_InterruptUninitialize	8	static
fsl_i2c_cmsis.c:1276:16:I2C0_InterruptPowerControl	16	static
fsl_i2c_cmsis.c:1281:9:I2C0_Master_InterruptTransmit	40	static
fsl_i2c_cmsis.c:1286:9:I2C0_Master_InterruptReceive	40	static
fsl_i2c_cmsis.c:1291:9:I2C0_Slave_InterruptTransmit	16	static
fsl_i2c_cmsis.c:1296:9:I2C0_Slave_InterruptReceive	16	static
fsl_i2c_cmsis.c:1301:9:I2C0_InterruptGetDataCount	8	static
fsl_i2c_cmsis.c:1306:9:I2C0_InterruptControl	16	static
fsl_i2c_cmsis.c:1311:16:I2C0_InterruptGetStatus	8	static
fsl_i2c_cmsis.c:1486:16:I2C1_InterruptInitialize	16	static
fsl_i2c_cmsis.c:1492:16:I2C1_InterruptUninitialize	8	static
fsl_i2c_cmsis.c:1498:16:I2C1_InterruptPowerControl	16	static
fsl_i2c_cmsis.c:1503:9:I2C1_Master_InterruptTransmit	40	static
fsl_i2c_cmsis.c:1508:9:I2C1_Master_InterruptReceive	40	static
fsl_i2c_cmsis.c:1513:9:I2C1_Slave_InterruptTransmit	16	static
fsl_i2c_cmsis.c:1518:9:I2C1_Slave_InterruptReceive	16	static
fsl_i2c_cmsis.c:1523:9:I2C1_InterruptGetDataCount	8	static
fsl_i2c_cmsis.c:1528:9:I2C1_InterruptControl	16	static
fsl_i2c_cmsis.c:1533:16:I2C1_InterruptGetStatus	8	static
