fsl_lpsci.h:461:20:LPSCI_EnableTx	16	static
fsl_lpsci.h:481:20:LPSCI_EnableRx	16	static
fsl_lpsci_cmsis.c:143:16:LPSCI_CommonControl	40	static
fsl_lpsci_cmsis.c:237:27:LPSCI_GetVersion	16	static
fsl_lpsci_cmsis.c:242:31:LPSCI_GetCapabilities	8	static
fsl_lpsci_cmsis.c:247:16:LPSCI_SetModemControl	16	static
fsl_lpsci_cmsis.c:252:31:LPSCI_GetModemStatus	16	static
fsl_lpsci_cmsis.c:529:6:KSDK_LPSCI_NonBlockingCallback	32	static
fsl_lpsci_cmsis.c:565:16:LPSCI_NonBlockingInitialize	16	static
fsl_lpsci_cmsis.c:580:16:LPSCI_NonBlockingUninitialize	16	static
fsl_lpsci_cmsis.c:586:16:LPSCI_NonBlockingPowerControl	32	static
fsl_lpsci_cmsis.c:632:16:LPSCI_NonBlockingSend	40	static
fsl_lpsci_cmsis.c:665:16:LPSCI_NonBlockingReceive	48	static
fsl_lpsci_cmsis.c:698:16:LPSCI_NonBlockingTransfer	24	static
fsl_lpsci_cmsis.c:707:17:LPSCI_NonBlockingGetTxCount	24	static
fsl_lpsci_cmsis.c:720:17:LPSCI_NonBlockingGetRxCount	24	static
fsl_lpsci_cmsis.c:732:16:LPSCI_NonBlockingControl	24	static
fsl_lpsci_cmsis.c:765:25:LPSCI_NonBlockingGetStatus	32	static
fsl_lpsci_cmsis.c:892:16:UART0_NonBlockingInitialize	16	static
fsl_lpsci_cmsis.c:898:16:UART0_NonBlockingUninitialize	8	static
fsl_lpsci_cmsis.c:904:16:UART0_NonBlockingPowerControl	24	static
fsl_lpsci_cmsis.c:921:16:UART0_NonBlockingSend	16	static
fsl_lpsci_cmsis.c:926:16:UART0_NonBlockingReceive	16	static
fsl_lpsci_cmsis.c:931:16:UART0_NonBlockingTransfer	24	static
fsl_lpsci_cmsis.c:936:17:UART0_NonBlockingGetTxCount	8	static
fsl_lpsci_cmsis.c:941:17:UART0_NonBlockingGetRxCount	8	static
fsl_lpsci_cmsis.c:946:16:UART0_NonBlockingControl	24	static
fsl_lpsci_cmsis.c:969:25:UART0_NonBlockingGetStatus	8	static
