fsl_clock.h:584:20:CLOCK_EnableClock	24	static
fsl_spi.h:350:20:SPI_Enable	16	static
fsl_spi.h:652:24:SPI_SlaveTransferNonBlocking	24	static
fsl_spi.h:677:20:SPI_SlaveTransferAbort	16	static
fsl_spi_cmsis.c:140:20:SPI_IsMaster	16	static
fsl_spi_cmsis.c:144:16:SPI_CommonControl	56	static
fsl_spi_cmsis.c:315:27:SPIx_GetVersion	16	static
fsl_spi_cmsis.c:320:29:SPIx_GetCapabilities	8	static
fsl_spi_cmsis.c:703:6:KSDK_SPI_MasterInterruptCallback	32	static
fsl_spi_cmsis.c:724:6:KSDK_SPI_SlaveInterruptCallback	32	static
fsl_spi_cmsis.c:745:16:SPI_InterruptInitialize	16	static
fsl_spi_cmsis.c:756:16:SPI_InterruptUninitialize	16	static
fsl_spi_cmsis.c:762:16:SPI_InterruptPowerControl	16	static
fsl_spi_cmsis.c:795:16:SPI_InterruptSend	56	static
fsl_spi_cmsis.c:843:16:SPI_InterruptReceive	56	static
fsl_spi_cmsis.c:881:16:SPI_InterruptTransfer	56	static
fsl_spi_cmsis.c:921:17:SPI_InterruptGetCount	16	static
fsl_spi_cmsis.c:933:16:SPI_InterruptControl	32	static
fsl_spi_cmsis.c:1000:16:SPI_InterruptGetStatus	32	static
fsl_spi_cmsis.c:1129:16:SPI0_InterruptInitialize	16	static
fsl_spi_cmsis.c:1135:16:SPI0_InterruptUninitialize	8	static
fsl_spi_cmsis.c:1141:16:SPI0_InterruptPowerControl	16	static
fsl_spi_cmsis.c:1146:16:SPI0_InterruptSend	16	static
fsl_spi_cmsis.c:1151:16:SPI0_InterruptReceive	16	static
fsl_spi_cmsis.c:1156:16:SPI0_InterruptTransfer	24	static
fsl_spi_cmsis.c:1161:17:SPI0_InterruptGetCount	8	static
fsl_spi_cmsis.c:1166:16:SPI0_InterruptControl	16	static
fsl_spi_cmsis.c:1171:23:SPI0_InterruptGetStatus	8	static
